Archive member included to satisfy reference by file (symbol)

c:/users/24242/.eide/tools/gcc_arm/bin/../lib/gcc/arm-none-eabi/10.2.1/../../../../arm-none-eabi/lib/thumb/v7e-m+dp/hard\libc_nano.a(lib_a-exit.o)
                              c:/users/24242/.eide/tools/gcc_arm/bin/../lib/gcc/arm-none-eabi/10.2.1/../../../../arm-none-eabi/lib/thumb/v7e-m+dp/hard/crt0.o (exit)
c:/users/24242/.eide/tools/gcc_arm/bin/../lib/gcc/arm-none-eabi/10.2.1/../../../../arm-none-eabi/lib/thumb/v7e-m+dp/hard\libc_nano.a(lib_a-impure.o)
                              c:/users/24242/.eide/tools/gcc_arm/bin/../lib/gcc/arm-none-eabi/10.2.1/../../../../arm-none-eabi/lib/thumb/v7e-m+dp/hard\libc_nano.a(lib_a-exit.o) (_global_impure_ptr)
c:/users/24242/.eide/tools/gcc_arm/bin/../lib/gcc/arm-none-eabi/10.2.1/../../../../arm-none-eabi/lib/thumb/v7e-m+dp/hard\libc_nano.a(lib_a-init.o)
                              c:/users/24242/.eide/tools/gcc_arm/bin/../lib/gcc/arm-none-eabi/10.2.1/../../../../arm-none-eabi/lib/thumb/v7e-m+dp/hard/crt0.o (__libc_init_array)
c:/users/24242/.eide/tools/gcc_arm/bin/../lib/gcc/arm-none-eabi/10.2.1/../../../../arm-none-eabi/lib/thumb/v7e-m+dp/hard\libc_nano.a(lib_a-memset.o)
                              c:/users/24242/.eide/tools/gcc_arm/bin/../lib/gcc/arm-none-eabi/10.2.1/../../../../arm-none-eabi/lib/thumb/v7e-m+dp/hard/crt0.o (memset)
c:/users/24242/.eide/tools/gcc_arm/bin/../lib/gcc/arm-none-eabi/10.2.1/thumb/v7e-m+dp/hard\libgcc.a(_aeabi_uldivmod.o)
                              CMakeFiles/h7_Cmake_vs.dir/Drivers/STM32H7xx_HAL_Driver/Src/stm32h7xx_hal_uart.c.obj (__aeabi_uldivmod)
c:/users/24242/.eide/tools/gcc_arm/bin/../lib/gcc/arm-none-eabi/10.2.1/thumb/v7e-m+dp/hard\libgcc.a(_udivmoddi4.o)
                              c:/users/24242/.eide/tools/gcc_arm/bin/../lib/gcc/arm-none-eabi/10.2.1/thumb/v7e-m+dp/hard\libgcc.a(_aeabi_uldivmod.o) (__udivmoddi4)
c:/users/24242/.eide/tools/gcc_arm/bin/../lib/gcc/arm-none-eabi/10.2.1/thumb/v7e-m+dp/hard\libgcc.a(_dvmd_tls.o)
                              c:/users/24242/.eide/tools/gcc_arm/bin/../lib/gcc/arm-none-eabi/10.2.1/thumb/v7e-m+dp/hard\libgcc.a(_aeabi_uldivmod.o) (__aeabi_ldiv0)
c:/users/24242/.eide/tools/gcc_arm/bin/../lib/gcc/arm-none-eabi/10.2.1/../../../../arm-none-eabi/lib/thumb/v7e-m+dp/hard\libg_nano.a(lib_a-errno.o)
                              CMakeFiles/h7_Cmake_vs.dir/Core/Src/sysmem.c.obj (__errno)
c:/users/24242/.eide/tools/gcc_arm/bin/../lib/gcc/arm-none-eabi/10.2.1/../../../../arm-none-eabi/lib/thumb/v7e-m+dp/hard\libg_nano.a(lib_a-printf.o)
                              CMakeFiles/h7_Cmake_vs.dir/Core/Src/main.c.obj (printf)
c:/users/24242/.eide/tools/gcc_arm/bin/../lib/gcc/arm-none-eabi/10.2.1/../../../../arm-none-eabi/lib/thumb/v7e-m+dp/hard\libg_nano.a(lib_a-puts.o)
                              CMakeFiles/h7_Cmake_vs.dir/Core/Src/main.c.obj (puts)
c:/users/24242/.eide/tools/gcc_arm/bin/../lib/gcc/arm-none-eabi/10.2.1/../../../../arm-none-eabi/lib/thumb/v7e-m+dp/hard\libg_nano.a(lib_a-wbuf.o)
                              c:/users/24242/.eide/tools/gcc_arm/bin/../lib/gcc/arm-none-eabi/10.2.1/../../../../arm-none-eabi/lib/thumb/v7e-m+dp/hard\libg_nano.a(lib_a-puts.o) (__swbuf_r)
c:/users/24242/.eide/tools/gcc_arm/bin/../lib/gcc/arm-none-eabi/10.2.1/../../../../arm-none-eabi/lib/thumb/v7e-m+dp/hard\libg_nano.a(lib_a-wsetup.o)
                              c:/users/24242/.eide/tools/gcc_arm/bin/../lib/gcc/arm-none-eabi/10.2.1/../../../../arm-none-eabi/lib/thumb/v7e-m+dp/hard\libg_nano.a(lib_a-puts.o) (__swsetup_r)
c:/users/24242/.eide/tools/gcc_arm/bin/../lib/gcc/arm-none-eabi/10.2.1/../../../../arm-none-eabi/lib/thumb/v7e-m+dp/hard\libg_nano.a(lib_a-fflush.o)
                              c:/users/24242/.eide/tools/gcc_arm/bin/../lib/gcc/arm-none-eabi/10.2.1/../../../../arm-none-eabi/lib/thumb/v7e-m+dp/hard\libg_nano.a(lib_a-wbuf.o) (_fflush_r)
c:/users/24242/.eide/tools/gcc_arm/bin/../lib/gcc/arm-none-eabi/10.2.1/../../../../arm-none-eabi/lib/thumb/v7e-m+dp/hard\libg_nano.a(lib_a-findfp.o)
                              c:/users/24242/.eide/tools/gcc_arm/bin/../lib/gcc/arm-none-eabi/10.2.1/../../../../arm-none-eabi/lib/thumb/v7e-m+dp/hard\libg_nano.a(lib_a-printf.o) (__sinit)
c:/users/24242/.eide/tools/gcc_arm/bin/../lib/gcc/arm-none-eabi/10.2.1/../../../../arm-none-eabi/lib/thumb/v7e-m+dp/hard\libg_nano.a(lib_a-fwalk.o)
                              c:/users/24242/.eide/tools/gcc_arm/bin/../lib/gcc/arm-none-eabi/10.2.1/../../../../arm-none-eabi/lib/thumb/v7e-m+dp/hard\libg_nano.a(lib_a-findfp.o) (_fwalk)
c:/users/24242/.eide/tools/gcc_arm/bin/../lib/gcc/arm-none-eabi/10.2.1/../../../../arm-none-eabi/lib/thumb/v7e-m+dp/hard\libg_nano.a(lib_a-lock.o)
                              c:/users/24242/.eide/tools/gcc_arm/bin/../lib/gcc/arm-none-eabi/10.2.1/../../../../arm-none-eabi/lib/thumb/v7e-m+dp/hard\libg_nano.a(lib_a-findfp.o) (__retarget_lock_init_recursive)
[...]
Memory Configuration

Name             Origin             Length             Attributes
DTCMRAM          0x20000000         0x00020000         xrw
RAM_D1           0x24000000         0x00080000         xrw
RAM_D2           0x30000000         0x00048000         xrw
RAM_D3           0x38000000         0x00010000         xrw
ITCMRAM          0x00000000         0x00010000         xrw
FLASH            0x08000000         0x00200000         xr
*default*        0x00000000         0xffffffff

Linker script and memory map

LOAD c:/users/24242/.eide/tools/gcc_arm/bin/../lib/gcc/arm-none-eabi/10.2.1/thumb/v7e-m+dp/hard/crti.o
LOAD c:/users/24242/.eide/tools/gcc_arm/bin/../lib/gcc/arm-none-eabi/10.2.1/thumb/v7e-m+dp/hard/crtbegin.o
LOAD c:/users/24242/.eide/tools/gcc_arm/bin/../lib/gcc/arm-none-eabi/10.2.1/../../../../arm-none-eabi/lib/thumb/v7e-m+dp/hard/crt0.o
START GROUP
LOAD c:/users/24242/.eide/tools/gcc_arm/bin/../lib/gcc/arm-none-eabi/10.2.1/../../../../arm-none-eabi/lib/thumb/v7e-m+dp/hard\libc_nano.a
LOAD c:/users/24242/.eide/tools/gcc_arm/bin/../lib/gcc/arm-none-eabi/10.2.1/../../../../arm-none-eabi/lib/thumb/v7e-m+dp/hard\libm.a
END GROUP
LOAD CMakeFiles/h7_Cmake_vs.dir/Core/Src/system/system_config.c.obj
LOAD CMakeFiles/h7_Cmake_vs.dir/Core/Src/main.c.obj
LOAD CMakeFiles/h7_Cmake_vs.dir/Core/Src/gpio.c.obj
LOAD CMakeFiles/h7_Cmake_vs.dir/Core/Src/adc.c.obj
LOAD CMakeFiles/h7_Cmake_vs.dir/Core/Src/dma.c.obj
LOAD CMakeFiles/h7_Cmake_vs.dir/Core/Src/dma2d.c.obj
LOAD CMakeFiles/h7_Cmake_vs.dir/Core/Src/rtc.c.obj
LOAD CMakeFiles/h7_Cmake_vs.dir/Core/Src/tim.c.obj
LOAD CMakeFiles/h7_Cmake_vs.dir/Core/Src/usart.c.obj
LOAD CMakeFiles/h7_Cmake_vs.dir/Core/Src/stm32h7xx_it.c.obj
LOAD CMakeFiles/h7_Cmake_vs.dir/Core/Src/stm32h7xx_hal_msp.c.obj
LOAD CMakeFiles/h7_Cmake_vs.dir/Drivers/STM32H7xx_HAL_Driver/Src/stm32h7xx_hal_adc.c.obj
LOAD CMakeFiles/h7_Cmake_vs.dir/Drivers/STM32H7xx_HAL_Driver/Src/stm32h7xx_hal_adc_ex.c.obj
LOAD CMakeFiles/h7_Cmake_vs.dir/Drivers/STM32H7xx_HAL_Driver/Src/stm32h7xx_hal_rcc.c.obj
LOAD CMakeFiles/h7_Cmake_vs.dir/Drivers/STM32H7xx_HAL_Driver/Src/stm32h7xx_hal_rcc_ex.c.obj
LOAD CMakeFiles/h7_Cmake_vs.dir/Drivers/STM32H7xx_HAL_Driver/Src/stm32h7xx_hal_flash.c.obj
LOAD CMakeFiles/h7_Cmake_vs.dir/Drivers/STM32H7xx_HAL_Driver/Src/stm32h7xx_hal_flash_ex.c.obj
LOAD CMakeFiles/h7_Cmake_vs.dir/Drivers/STM32H7xx_HAL_Driver/Src/stm32h7xx_hal_gpio.c.obj
LOAD CMakeFiles/h7_Cmake_vs.dir/Drivers/STM32H7xx_HAL_Driver/Src/stm32h7xx_hal_hsem.c.obj
LOAD CMakeFiles/h7_Cmake_vs.dir/Drivers/STM32H7xx_HAL_Driver/Src/stm32h7xx_hal_dma.c.obj
LOAD CMakeFiles/h7_Cmake_vs.dir/Drivers/STM32H7xx_HAL_Driver/Src/stm32h7xx_hal_dma_ex.c.obj
LOAD CMakeFiles/h7_Cmake_vs.dir/Drivers/STM32H7xx_HAL_Driver/Src/stm32h7xx_hal_mdma.c.obj
LOAD CMakeFiles/h7_Cmake_vs.dir/Drivers/STM32H7xx_HAL_Driver/Src/stm32h7xx_hal_pwr.c.obj
LOAD CMakeFiles/h7_Cmake_vs.dir/Drivers/STM32H7xx_HAL_Driver/Src/stm32h7xx_hal_pwr_ex.c.obj
LOAD CMakeFiles/h7_Cmake_vs.dir/Drivers/STM32H7xx_HAL_Driver/Src/stm32h7xx_hal_cortex.c.obj
LOAD CMakeFiles/h7_Cmake_vs.dir/Drivers/STM32H7xx_HAL_Driver/Src/stm32h7xx_hal.c.obj
LOAD CMakeFiles/h7_Cmake_vs.dir/Drivers/STM32H7xx_HAL_Driver/Src/stm32h7xx_hal_i2c.c.obj
LOAD CMakeFiles/h7_Cmake_vs.dir/Drivers/STM32H7xx_HAL_Driver/Src/stm32h7xx_hal_i2c_ex.c.obj
LOAD CMakeFiles/h7_Cmake_vs.dir/Drivers/STM32H7xx_HAL_Driver/Src/stm32h7xx_hal_exti.c.obj
LOAD CMakeFiles/h7_Cmake_vs.dir/Drivers/STM32H7xx_HAL_Driver/Src/stm32h7xx_hal_dma2d.c.obj
LOAD CMakeFiles/h7_Cmake_vs.dir/Drivers/STM32H7xx_HAL_Driver/Src/stm32h7xx_hal_rtc.c.obj
LOAD CMakeFiles/h7_Cmake_vs.dir/Drivers/STM32H7xx_HAL_Driver/Src/stm32h7xx_hal_rtc_ex.c.obj
LOAD CMakeFiles/h7_Cmake_vs.dir/Drivers/STM32H7xx_HAL_Driver/Src/stm32h7xx_hal_tim.c.obj
LOAD CMakeFiles/h7_Cmake_vs.dir/Drivers/STM32H7xx_HAL_Driver/Src/stm32h7xx_hal_tim_ex.c.obj
LOAD CMakeFiles/h7_Cmake_vs.dir/Drivers/STM32H7xx_HAL_Driver/Src/stm32h7xx_hal_uart.c.obj
LOAD CMakeFiles/h7_Cmake_vs.dir/Drivers/STM32H7xx_HAL_Driver/Src/stm32h7xx_hal_uart_ex.c.obj
LOAD CMakeFiles/h7_Cmake_vs.dir/Core/Src/system_stm32h7xx.c.obj
LOAD CMakeFiles/h7_Cmake_vs.dir/Core/Src/sysmem.c.obj
LOAD CMakeFiles/h7_Cmake_vs.dir/Core/Src/syscalls.c.obj
LOAD CMakeFiles/h7_Cmake_vs.dir/startup_stm32h743xx.s.obj
START GROUP
LOAD c:/users/24242/.eide/tools/gcc_arm/bin/../lib/gcc/arm-none-eabi/10.2.1/thumb/v7e-m+dp/hard\libgcc.a
LOAD c:/users/24242/.eide/tools/gcc_arm/bin/../lib/gcc/arm-none-eabi/10.2.1/../../../../arm-none-eabi/lib/thumb/v7e-m+dp/hard\libg_nano.a
LOAD c:/users/24242/.eide/tools/gcc_arm/bin/../lib/gcc/arm-none-eabi/10.2.1/../../../../arm-none-eabi/lib/thumb/v7e-m+dp/hard\libc_nano.a
END GROUP
START GROUP
LOAD c:/users/24242/.eide/tools/gcc_arm/bin/../lib/gcc/arm-none-eabi/10.2.1/thumb/v7e-m+dp/hard\libgcc.a
LOAD c:/users/24242/.eide/tools/gcc_arm/bin/../lib/gcc/arm-none-eabi/10.2.1/../../../../arm-none-eabi/lib/thumb/v7e-m+dp/hard\libc_nano.a
END GROUP
LOAD c:/users/24242/.eide/tools/gcc_arm/bin/../lib/gcc/arm-none-eabi/10.2.1/thumb/v7e-m+dp/hard/crtend.o
LOAD c:/users/24242/.eide/tools/gcc_arm/bin/../lib/gcc/arm-none-eabi/10.2.1/thumb/v7e-m+dp/hard/crtn.o
                0x20020000                _estack = (ORIGIN (DTCMRAM) + LENGTH (DTCMRAM))
                0x00004000                _Min_Heap_Size = 0x4000
                0x00004000                _Min_Stack_Size = 0x4000

.isr_vector     0x08000000      0x298
                0x08000000                . = ALIGN (0x4)
 *(.isr_vector)
 .isr_vector    0x08000000      0x298 CMakeFiles/h7_Cmake_vs.dir/startup_stm32h743xx.s.obj
                0x08000000                g_pfnVectors
                0x08000298                . = ALIGN (0x4)

.text           0x080002a0     0xc5b4
                0x080002a0                . = ALIGN (0x4)
 *(.text)
 .text          0x080002a0       0x40 c:/users/24242/.eide/tools/gcc_arm/bin/../lib/gcc/arm-none-eabi/10.2.1/thumb/v7e-m+dp/hard/crtbegin.o
 .text          0x080002e0       0x30 c:/users/24242/.eide/tools/gcc_arm/bin/../lib/gcc/arm-none-eabi/10.2.1/thumb/v7e-m+dp/hard\libgcc.a(_aeabi_uldivmod.o)
                0x080002e0                __aeabi_uldivmod
 .text          0x08000310      0x2d0 c:/users/24242/.eide/tools/gcc_arm/bin/../lib/gcc/arm-none-eabi/10.2.1/thumb/v7e-m+dp/hard\libgcc.a(_udivmoddi4.o)
                0x08000310                __udivmoddi4
 .text          0x080005e0        0x4 c:/users/24242/.eide/tools/gcc_arm/bin/../lib/gcc/arm-none-eabi/10.2.1/thumb/v7e-m+dp/hard\libgcc.a(_dvmd_tls.o)
                0x080005e0                __aeabi_idiv0
                0x080005e0                __aeabi_ldiv0
 *fill*         0x080005e4        0xc 
 .text          0x080005f0       0xa0 c:/users/24242/.eide/tools/gcc_arm/bin/../lib/gcc/arm-none-eabi/10.2.1/../../../../arm-none-eabi/lib/thumb/v7e-m+dp/hard\libg_nano.a(lib_a-memchr.o)
                0x080005f0                memchr
 *(.text*)
 .text.__libc_init_array
                0x08000690       0x48 c:/users/24242/.eide/tools/gcc_arm/bin/../lib/gcc/arm-none-eabi/10.2.1/../../../../arm-none-eabi/lib/thumb/v7e-m+dp/hard\libc_nano.a(lib_a-init.o)
                0x08000690                __libc_init_array
 .text.memset   0x080006d8       0x10 c:/users/24242/.eide/tools/gcc_arm/bin/../lib/gcc/arm-none-eabi/10.2.1/../../../../arm-none-eabi/lib/thumb/v7e-m+dp/hard\libc_nano.a(lib_a-memset.o)
                0x080006d8                memset
 .text.SystemClock_Config
                0x080006e8      0x174 CMakeFiles/h7_Cmake_vs.dir/Core/Src/system/system_config.c.obj
                0x080006e8                SystemClock_Config
 .text.MPU_Config
                0x0800085c       0x90 CMakeFiles/h7_Cmake_vs.dir/Core/Src/system/system_config.c.obj
                0x0800085c                MPU_Config
 .text.main     0x080008ec      0x1cc CMakeFiles/h7_Cmake_vs.dir/Core/Src/main.c.obj
                0x080008ec                main
 .text._write   0x08000ab8       0x2c CMakeFiles/h7_Cmake_vs.dir/Core/Src/main.c.obj
                0x08000ab8                _write
 .text.Print_ADC_Data
                0x08000ae4      0x128 CMakeFiles/h7_Cmake_vs.dir/Core/Src/main.c.obj
                0x08000ae4                Print_ADC_Data
 .text.HAL_ADC_ConvCpltCallback
                0x08000c0c       0x2c CMakeFiles/h7_Cmake_vs.dir/Core/Src/main.c.obj
                0x08000c0c                HAL_ADC_ConvCpltCallback
 .text.Error_Handler
                0x08000c38        0xa CMakeFiles/h7_Cmake_vs.dir/Core/Src/main.c.obj
                0x08000c38                Error_Handler
 *fill*         0x08000c42        0x2 
 .text.MX_GPIO_Init
                0x08000c44       0xe4 CMakeFiles/h7_Cmake_vs.dir/Core/Src/gpio.c.obj
                0x08000c44                MX_GPIO_Init
 .text.MX_ADC2_Init
                0x08000d28       0xf0 CMakeFiles/h7_Cmake_vs.dir/Core/Src/adc.c.obj
                0x08000d28                MX_ADC2_Init
 .text.HAL_ADC_MspInit
                0x08000e18      0x190 CMakeFiles/h7_Cmake_vs.dir/Core/Src/adc.c.obj
                0x08000e18                HAL_ADC_MspInit
 .text.MX_DMA_Init
                0x08000fa8       0x40 CMakeFiles/h7_Cmake_vs.dir/Core/Src/dma.c.obj
                0x08000fa8                MX_DMA_Init
 .text.MX_DMA2D_Init
                0x08000fe8       0x3c CMakeFiles/h7_Cmake_vs.dir/Core/Src/dma2d.c.obj
                0x08000fe8                MX_DMA2D_Init
 .text.HAL_DMA2D_MspInit
                0x08001024       0x44 CMakeFiles/h7_Cmake_vs.dir/Core/Src/dma2d.c.obj
                0x08001024                HAL_DMA2D_MspInit
 .text.MX_RTC_Init
                0x08001068       0x50 CMakeFiles/h7_Cmake_vs.dir/Core/Src/rtc.c.obj
                0x08001068                MX_RTC_Init
 .text.HAL_RTC_MspInit
                0x080010b8       0x64 CMakeFiles/h7_Cmake_vs.dir/Core/Src/rtc.c.obj
                0x080010b8                HAL_RTC_MspInit
 .text.MX_TIM2_Init
                0x0800111c       0x9c CMakeFiles/h7_Cmake_vs.dir/Core/Src/tim.c.obj
                0x0800111c                MX_TIM2_Init
 .text.MX_TIM3_Init
                0x080011b8       0xb8 CMakeFiles/h7_Cmake_vs.dir/Core/Src/tim.c.obj
                0x080011b8                MX_TIM3_Init
 .text.MX_TIM4_Init
                0x08001270       0xb8 CMakeFiles/h7_Cmake_vs.dir/Core/Src/tim.c.obj
                0x08001270                MX_TIM4_Init
 .text.HAL_TIM_Base_MspInit
                0x08001328       0x40 CMakeFiles/h7_Cmake_vs.dir/Core/Src/tim.c.obj
                0x08001328                HAL_TIM_Base_MspInit
 .text.HAL_TIM_PWM_MspInit
                0x08001368       0x74 CMakeFiles/h7_Cmake_vs.dir/Core/Src/tim.c.obj
                0x08001368                HAL_TIM_PWM_MspInit
 .text.HAL_TIM_MspPostInit
                0x080013dc       0xc8 CMakeFiles/h7_Cmake_vs.dir/Core/Src/tim.c.obj
                0x080013dc                HAL_TIM_MspPostInit
 .text.MX_USART1_UART_Init
                0x080014a4       0x98 CMakeFiles/h7_Cmake_vs.dir/Core/Src/usart.c.obj
                0x080014a4                MX_USART1_UART_Init
 .text.HAL_UART_MspInit
                0x0800153c       0xd4 CMakeFiles/h7_Cmake_vs.dir/Core/Src/usart.c.obj
                0x0800153c                HAL_UART_MspInit
 .text.NMI_Handler
                0x08001610        0x6 CMakeFiles/h7_Cmake_vs.dir/Core/Src/stm32h7xx_it.c.obj
                0x08001610                NMI_Handler
 .text.HardFault_Handler
                0x08001616        0x6 CMakeFiles/h7_Cmake_vs.dir/Core/Src/stm32h7xx_it.c.obj
                0x08001616                HardFault_Handler
 .text.MemManage_Handler
                0x0800161c        0x6 CMakeFiles/h7_Cmake_vs.dir/Core/Src/stm32h7xx_it.c.obj
                0x0800161c                MemManage_Handler
 .text.BusFault_Handler
                0x08001622        0x6 CMakeFiles/h7_Cmake_vs.dir/Core/Src/stm32h7xx_it.c.obj
                0x08001622                BusFault_Handler
 .text.UsageFault_Handler
                0x08001628        0x6 CMakeFiles/h7_Cmake_vs.dir/Core/Src/stm32h7xx_it.c.obj
                0x08001628                UsageFault_Handler
 .text.SVC_Handler
                0x0800162e        0xe CMakeFiles/h7_Cmake_vs.dir/Core/Src/stm32h7xx_it.c.obj
                0x0800162e                SVC_Handler
 .text.DebugMon_Handler
                0x0800163c        0xe CMakeFiles/h7_Cmake_vs.dir/Core/Src/stm32h7xx_it.c.obj
                0x0800163c                DebugMon_Handler
 .text.PendSV_Handler
                0x0800164a        0xe CMakeFiles/h7_Cmake_vs.dir/Core/Src/stm32h7xx_it.c.obj
                0x0800164a                PendSV_Handler
 .text.SysTick_Handler
                0x08001658        0xc CMakeFiles/h7_Cmake_vs.dir/Core/Src/stm32h7xx_it.c.obj
                0x08001658                SysTick_Handler
 .text.DMA1_Stream0_IRQHandler
                0x08001664       0x14 CMakeFiles/h7_Cmake_vs.dir/Core/Src/stm32h7xx_it.c.obj
                0x08001664                DMA1_Stream0_IRQHandler
 .text.HAL_MspInit
                0x08001678       0x34 CMakeFiles/h7_Cmake_vs.dir/Core/Src/stm32h7xx_hal_msp.c.obj
                0x08001678                HAL_MspInit
 .text.LL_ADC_SetCommonClock
                0x080016ac       0x26 CMakeFiles/h7_Cmake_vs.dir/Drivers/STM32H7xx_HAL_Driver/Src/stm32h7xx_hal_adc.c.obj
 .text.LL_ADC_SetCommonPathInternalCh
                0x080016d2       0x26 CMakeFiles/h7_Cmake_vs.dir/Drivers/STM32H7xx_HAL_Driver/Src/stm32h7xx_hal_adc.c.obj
 .text.LL_ADC_GetCommonPathInternalCh
                0x080016f8       0x1c CMakeFiles/h7_Cmake_vs.dir/Drivers/STM32H7xx_HAL_Driver/Src/stm32h7xx_hal_adc.c.obj
 .text.LL_ADC_SetOffset
                0x08001714       0x40 CMakeFiles/h7_Cmake_vs.dir/Drivers/STM32H7xx_HAL_Driver/Src/stm32h7xx_hal_adc.c.obj
 .text.LL_ADC_SetDataRightShift
                0x08001754       0x32 CMakeFiles/h7_Cmake_vs.dir/Drivers/STM32H7xx_HAL_Driver/Src/stm32h7xx_hal_adc.c.obj
 .text.LL_ADC_SetOffsetSignedSaturation
                0x08001786       0x36 CMakeFiles/h7_Cmake_vs.dir/Drivers/STM32H7xx_HAL_Driver/Src/stm32h7xx_hal_adc.c.obj
 .text.LL_ADC_REG_IsTriggerSourceSWStart
                0x080017bc       0x26 CMakeFiles/h7_Cmake_vs.dir/Drivers/STM32H7xx_HAL_Driver/Src/stm32h7xx_hal_adc.c.obj
 .text.LL_ADC_REG_SetSequencerRanks
                0x080017e2       0x58 CMakeFiles/h7_Cmake_vs.dir/Drivers/STM32H7xx_HAL_Driver/Src/stm32h7xx_hal_adc.c.obj
 .text.LL_ADC_REG_SetDataTransferMode
                0x0800183a       0x26 CMakeFiles/h7_Cmake_vs.dir/Drivers/STM32H7xx_HAL_Driver/Src/stm32h7xx_hal_adc.c.obj
 .text.LL_ADC_SetChannelSamplingTime
                0x08001860       0x56 CMakeFiles/h7_Cmake_vs.dir/Drivers/STM32H7xx_HAL_Driver/Src/stm32h7xx_hal_adc.c.obj
 *fill*         0x080018b6        0x2 
 .text.LL_ADC_SetChannelSingleDiff
                0x080018b8       0x48 CMakeFiles/h7_Cmake_vs.dir/Drivers/STM32H7xx_HAL_Driver/Src/stm32h7xx_hal_adc.c.obj
 .text.LL_ADC_GetMultimode
                0x08001900       0x1c CMakeFiles/h7_Cmake_vs.dir/Drivers/STM32H7xx_HAL_Driver/Src/stm32h7xx_hal_adc.c.obj
 .text.LL_ADC_DisableDeepPowerDown
                0x0800191c       0x24 CMakeFiles/h7_Cmake_vs.dir/Drivers/STM32H7xx_HAL_Driver/Src/stm32h7xx_hal_adc.c.obj
 .text.LL_ADC_IsDeepPowerDownEnabled
                0x08001940       0x28 CMakeFiles/h7_Cmake_vs.dir/Drivers/STM32H7xx_HAL_Driver/Src/stm32h7xx_hal_adc.c.obj
 .text.LL_ADC_EnableInternalRegulator
                0x08001968       0x28 CMakeFiles/h7_Cmake_vs.dir/Drivers/STM32H7xx_HAL_Driver/Src/stm32h7xx_hal_adc.c.obj
 .text.LL_ADC_IsInternalRegulatorEnabled
                0x08001990       0x28 CMakeFiles/h7_Cmake_vs.dir/Drivers/STM32H7xx_HAL_Driver/Src/stm32h7xx_hal_adc.c.obj
 .text.LL_ADC_Enable
                0x080019b8       0x28 CMakeFiles/h7_Cmake_vs.dir/Drivers/STM32H7xx_HAL_Driver/Src/stm32h7xx_hal_adc.c.obj
 .text.LL_ADC_Disable
                0x080019e0       0x28 CMakeFiles/h7_Cmake_vs.dir/Drivers/STM32H7xx_HAL_Driver/Src/stm32h7xx_hal_adc.c.obj
 .text.LL_ADC_IsEnabled
                0x08001a08       0x26 CMakeFiles/h7_Cmake_vs.dir/Drivers/STM32H7xx_HAL_Driver/Src/stm32h7xx_hal_adc.c.obj
 .text.LL_ADC_IsDisableOngoing
                0x08001a2e       0x26 CMakeFiles/h7_Cmake_vs.dir/Drivers/STM32H7xx_HAL_Driver/Src/stm32h7xx_hal_adc.c.obj
 .text.LL_ADC_REG_StartConversion
                0x08001a54       0x28 CMakeFiles/h7_Cmake_vs.dir/Drivers/STM32H7xx_HAL_Driver/Src/stm32h7xx_hal_adc.c.obj
 .text.LL_ADC_REG_IsConversionOngoing
                0x08001a7c       0x26 CMakeFiles/h7_Cmake_vs.dir/Drivers/STM32H7xx_HAL_Driver/Src/stm32h7xx_hal_adc.c.obj
 .text.LL_ADC_INJ_IsConversionOngoing
                0x08001aa2       0x26 CMakeFiles/h7_Cmake_vs.dir/Drivers/STM32H7xx_HAL_Driver/Src/stm32h7xx_hal_adc.c.obj
 .text.HAL_ADC_Init
                0x08001ac8      0x344 CMakeFiles/h7_Cmake_vs.dir/Drivers/STM32H7xx_HAL_Driver/Src/stm32h7xx_hal_adc.c.obj
                0x08001ac8                HAL_ADC_Init
 .text.HAL_ADC_Start_DMA
                0x08001e0c      0x188 CMakeFiles/h7_Cmake_vs.dir/Drivers/STM32H7xx_HAL_Driver/Src/stm32h7xx_hal_adc.c.obj
                0x08001e0c                HAL_ADC_Start_DMA
 .text.HAL_ADC_ConvHalfCpltCallback
                0x08001f94       0x14 CMakeFiles/h7_Cmake_vs.dir/Drivers/STM32H7xx_HAL_Driver/Src/stm32h7xx_hal_adc.c.obj
                0x08001f94                HAL_ADC_ConvHalfCpltCallback
 .text.HAL_ADC_ErrorCallback
                0x08001fa8       0x14 CMakeFiles/h7_Cmake_vs.dir/Drivers/STM32H7xx_HAL_Driver/Src/stm32h7xx_hal_adc.c.obj
                0x08001fa8                HAL_ADC_ErrorCallback
 .text.HAL_ADC_ConfigChannel
                0x08001fbc      0x6a0 CMakeFiles/h7_Cmake_vs.dir/Drivers/STM32H7xx_HAL_Driver/Src/stm32h7xx_hal_adc.c.obj
                0x08001fbc                HAL_ADC_ConfigChannel
 .text.ADC_Enable
                0x0800265c      0x114 CMakeFiles/h7_Cmake_vs.dir/Drivers/STM32H7xx_HAL_Driver/Src/stm32h7xx_hal_adc.c.obj
                0x0800265c                ADC_Enable
 .text.ADC_Disable
                0x08002770       0xbe CMakeFiles/h7_Cmake_vs.dir/Drivers/STM32H7xx_HAL_Driver/Src/stm32h7xx_hal_adc.c.obj
                0x08002770                ADC_Disable
 .text.ADC_DMAConvCplt
                0x0800282e       0xd8 CMakeFiles/h7_Cmake_vs.dir/Drivers/STM32H7xx_HAL_Driver/Src/stm32h7xx_hal_adc.c.obj
                0x0800282e                ADC_DMAConvCplt
 .text.ADC_DMAHalfConvCplt
                0x08002906       0x1c CMakeFiles/h7_Cmake_vs.dir/Drivers/STM32H7xx_HAL_Driver/Src/stm32h7xx_hal_adc.c.obj
                0x08002906                ADC_DMAHalfConvCplt
 .text.ADC_DMAError
                0x08002922       0x34 CMakeFiles/h7_Cmake_vs.dir/Drivers/STM32H7xx_HAL_Driver/Src/stm32h7xx_hal_adc.c.obj
                0x08002922                ADC_DMAError
 *fill*         0x08002956        0x2 
 .text.ADC_ConfigureBoostMode
                0x08002958      0x218 CMakeFiles/h7_Cmake_vs.dir/Drivers/STM32H7xx_HAL_Driver/Src/stm32h7xx_hal_adc.c.obj
                0x08002958                ADC_ConfigureBoostMode
 .text.LL_ADC_StartCalibration
                0x08002b70       0x3c CMakeFiles/h7_Cmake_vs.dir/Drivers/STM32H7xx_HAL_Driver/Src/stm32h7xx_hal_adc_ex.c.obj
 .text.LL_ADC_IsCalibrationOnGoing
                0x08002bac       0x28 CMakeFiles/h7_Cmake_vs.dir/Drivers/STM32H7xx_HAL_Driver/Src/stm32h7xx_hal_adc_ex.c.obj
 .text.HAL_ADCEx_Calibration_Start
                0x08002bd4       0xc8 CMakeFiles/h7_Cmake_vs.dir/Drivers/STM32H7xx_HAL_Driver/Src/stm32h7xx_hal_adc_ex.c.obj
                0x08002bd4                HAL_ADCEx_Calibration_Start
 .text.HAL_RCC_OscConfig
                0x08002c9c      0x8b4 CMakeFiles/h7_Cmake_vs.dir/Drivers/STM32H7xx_HAL_Driver/Src/stm32h7xx_hal_rcc.c.obj
                0x08002c9c                HAL_RCC_OscConfig
 .text.HAL_RCC_ClockConfig
                0x08003550      0x36c CMakeFiles/h7_Cmake_vs.dir/Drivers/STM32H7xx_HAL_Driver/Src/stm32h7xx_hal_rcc.c.obj
                0x08003550                HAL_RCC_ClockConfig
 .text.HAL_RCC_GetSysClockFreq
                0x080038bc      0x2f4 CMakeFiles/h7_Cmake_vs.dir/Drivers/STM32H7xx_HAL_Driver/Src/stm32h7xx_hal_rcc.c.obj
                0x080038bc                HAL_RCC_GetSysClockFreq
 .text.HAL_RCC_GetHCLKFreq
                0x08003bb0       0x60 CMakeFiles/h7_Cmake_vs.dir/Drivers/STM32H7xx_HAL_Driver/Src/stm32h7xx_hal_rcc.c.obj
                0x08003bb0                HAL_RCC_GetHCLKFreq
 .text.HAL_RCC_GetPCLK1Freq
                0x08003c10       0x2c CMakeFiles/h7_Cmake_vs.dir/Drivers/STM32H7xx_HAL_Driver/Src/stm32h7xx_hal_rcc.c.obj
                0x08003c10                HAL_RCC_GetPCLK1Freq
 .text.HAL_RCC_GetPCLK2Freq
                0x08003c3c       0x2c CMakeFiles/h7_Cmake_vs.dir/Drivers/STM32H7xx_HAL_Driver/Src/stm32h7xx_hal_rcc.c.obj
                0x08003c3c                HAL_RCC_GetPCLK2Freq
 .text.HAL_RCCEx_PeriphCLKConfig
                0x08003c68     0x1414 CMakeFiles/h7_Cmake_vs.dir/Drivers/STM32H7xx_HAL_Driver/Src/stm32h7xx_hal_rcc_ex.c.obj
                0x08003c68                HAL_RCCEx_PeriphCLKConfig
 .text.HAL_RCCEx_GetPeriphCLKFreq
                0x0800507c      0xb00 CMakeFiles/h7_Cmake_vs.dir/Drivers/STM32H7xx_HAL_Driver/Src/stm32h7xx_hal_rcc_ex.c.obj
                0x0800507c                HAL_RCCEx_GetPeriphCLKFreq
 .text.HAL_RCCEx_GetD3PCLK1Freq
                0x08005b7c       0x2c CMakeFiles/h7_Cmake_vs.dir/Drivers/STM32H7xx_HAL_Driver/Src/stm32h7xx_hal_rcc_ex.c.obj
                0x08005b7c                HAL_RCCEx_GetD3PCLK1Freq
 .text.HAL_RCCEx_GetPLL2ClockFreq
                0x08005ba8      0x2a8 CMakeFiles/h7_Cmake_vs.dir/Drivers/STM32H7xx_HAL_Driver/Src/stm32h7xx_hal_rcc_ex.c.obj
                0x08005ba8                HAL_RCCEx_GetPLL2ClockFreq
 .text.HAL_RCCEx_GetPLL3ClockFreq
                0x08005e50      0x2a8 CMakeFiles/h7_Cmake_vs.dir/Drivers/STM32H7xx_HAL_Driver/Src/stm32h7xx_hal_rcc_ex.c.obj
                0x08005e50                HAL_RCCEx_GetPLL3ClockFreq
 .text.HAL_RCCEx_GetPLL1ClockFreq
                0x080060f8      0x2a4 CMakeFiles/h7_Cmake_vs.dir/Drivers/STM32H7xx_HAL_Driver/Src/stm32h7xx_hal_rcc_ex.c.obj
                0x080060f8                HAL_RCCEx_GetPLL1ClockFreq
 .text.RCCEx_PLL2_Config
                0x0800639c      0x164 CMakeFiles/h7_Cmake_vs.dir/Drivers/STM32H7xx_HAL_Driver/Src/stm32h7xx_hal_rcc_ex.c.obj
 .text.RCCEx_PLL3_Config
                0x08006500      0x164 CMakeFiles/h7_Cmake_vs.dir/Drivers/STM32H7xx_HAL_Driver/Src/stm32h7xx_hal_rcc_ex.c.obj
 .text.HAL_GPIO_Init
                0x08006664      0x360 CMakeFiles/h7_Cmake_vs.dir/Drivers/STM32H7xx_HAL_Driver/Src/stm32h7xx_hal_gpio.c.obj
                0x08006664                HAL_GPIO_Init
 .text.HAL_GPIO_WritePin
                0x080069c4       0x32 CMakeFiles/h7_Cmake_vs.dir/Drivers/STM32H7xx_HAL_Driver/Src/stm32h7xx_hal_gpio.c.obj
                0x080069c4                HAL_GPIO_WritePin
 *fill*         0x080069f6        0x2 
 .text.HAL_DMA_Init
                0x080069f8      0x6b8 CMakeFiles/h7_Cmake_vs.dir/Drivers/STM32H7xx_HAL_Driver/Src/stm32h7xx_hal_dma.c.obj
                0x080069f8                HAL_DMA_Init
 .text.HAL_DMA_Start_IT
                0x080070b0      0x4d4 CMakeFiles/h7_Cmake_vs.dir/Drivers/STM32H7xx_HAL_Driver/Src/stm32h7xx_hal_dma.c.obj
                0x080070b0                HAL_DMA_Start_IT
 .text.HAL_DMA_IRQHandler
                0x08007584      0xe54 CMakeFiles/h7_Cmake_vs.dir/Drivers/STM32H7xx_HAL_Driver/Src/stm32h7xx_hal_dma.c.obj
                0x08007584                HAL_DMA_IRQHandler
 .text.DMA_SetConfig
                0x080083d8      0x358 CMakeFiles/h7_Cmake_vs.dir/Drivers/STM32H7xx_HAL_Driver/Src/stm32h7xx_hal_dma.c.obj
 .text.DMA_CalcBaseAndBitshift
                0x08008730      0x164 CMakeFiles/h7_Cmake_vs.dir/Drivers/STM32H7xx_HAL_Driver/Src/stm32h7xx_hal_dma.c.obj
 .text.DMA_CheckFifoParam
                0x08008894       0xf8 CMakeFiles/h7_Cmake_vs.dir/Drivers/STM32H7xx_HAL_Driver/Src/stm32h7xx_hal_dma.c.obj
 .text.DMA_CalcDMAMUXChannelBaseAndMask
                0x0800898c      0x134 CMakeFiles/h7_Cmake_vs.dir/Drivers/STM32H7xx_HAL_Driver/Src/stm32h7xx_hal_dma.c.obj
 .text.DMA_CalcDMAMUXRequestGenBaseAndMask
                0x08008ac0       0xe8 CMakeFiles/h7_Cmake_vs.dir/Drivers/STM32H7xx_HAL_Driver/Src/stm32h7xx_hal_dma.c.obj
 .text.HAL_PWR_EnableBkUpAccess
                0x08008ba8       0x20 CMakeFiles/h7_Cmake_vs.dir/Drivers/STM32H7xx_HAL_Driver/Src/stm32h7xx_hal_pwr.c.obj
                0x08008ba8                HAL_PWR_EnableBkUpAccess
 .text.HAL_PWREx_ConfigSupply
                0x08008bc8       0x74 CMakeFiles/h7_Cmake_vs.dir/Drivers/STM32H7xx_HAL_Driver/Src/stm32h7xx_hal_pwr_ex.c.obj
                0x08008bc8                HAL_PWREx_ConfigSupply
 .text.__NVIC_SetPriorityGrouping
                0x08008c3c       0x48 CMakeFiles/h7_Cmake_vs.dir/Drivers/STM32H7xx_HAL_Driver/Src/stm32h7xx_hal_cortex.c.obj
 .text.__NVIC_GetPriorityGrouping
                0x08008c84       0x1c CMakeFiles/h7_Cmake_vs.dir/Drivers/STM32H7xx_HAL_Driver/Src/stm32h7xx_hal_cortex.c.obj
 .text.__NVIC_EnableIRQ
                0x08008ca0       0x3c CMakeFiles/h7_Cmake_vs.dir/Drivers/STM32H7xx_HAL_Driver/Src/stm32h7xx_hal_cortex.c.obj
 .text.__NVIC_SetPriority
                0x08008cdc       0x54 CMakeFiles/h7_Cmake_vs.dir/Drivers/STM32H7xx_HAL_Driver/Src/stm32h7xx_hal_cortex.c.obj
 .text.NVIC_EncodePriority
                0x08008d30       0x66 CMakeFiles/h7_Cmake_vs.dir/Drivers/STM32H7xx_HAL_Driver/Src/stm32h7xx_hal_cortex.c.obj
 *fill*         0x08008d96        0x2 
 .text.SysTick_Config
                0x08008d98       0x44 CMakeFiles/h7_Cmake_vs.dir/Drivers/STM32H7xx_HAL_Driver/Src/stm32h7xx_hal_cortex.c.obj
 .text.HAL_NVIC_SetPriorityGrouping
                0x08008ddc       0x16 CMakeFiles/h7_Cmake_vs.dir/Drivers/STM32H7xx_HAL_Driver/Src/stm32h7xx_hal_cortex.c.obj
                0x08008ddc                HAL_NVIC_SetPriorityGrouping
 .text.HAL_NVIC_SetPriority
                0x08008df2       0x34 CMakeFiles/h7_Cmake_vs.dir/Drivers/STM32H7xx_HAL_Driver/Src/stm32h7xx_hal_cortex.c.obj
                0x08008df2                HAL_NVIC_SetPriority
 .text.HAL_NVIC_EnableIRQ
                0x08008e26       0x1c CMakeFiles/h7_Cmake_vs.dir/Drivers/STM32H7xx_HAL_Driver/Src/stm32h7xx_hal_cortex.c.obj
                0x08008e26                HAL_NVIC_EnableIRQ
 .text.HAL_SYSTICK_Config
                0x08008e42       0x18 CMakeFiles/h7_Cmake_vs.dir/Drivers/STM32H7xx_HAL_Driver/Src/stm32h7xx_hal_cortex.c.obj
                0x08008e42                HAL_SYSTICK_Config
 *fill*         0x08008e5a        0x2 
 .text.HAL_MPU_Disable
                0x08008e5c       0x30 CMakeFiles/h7_Cmake_vs.dir/Drivers/STM32H7xx_HAL_Driver/Src/stm32h7xx_hal_cortex.c.obj
                0x08008e5c                HAL_MPU_Disable
 .text.HAL_MPU_Enable
                0x08008e8c       0x40 CMakeFiles/h7_Cmake_vs.dir/Drivers/STM32H7xx_HAL_Driver/Src/stm32h7xx_hal_cortex.c.obj
                0x08008e8c                HAL_MPU_Enable
 .text.HAL_MPU_ConfigRegion
                0x08008ecc       0x88 CMakeFiles/h7_Cmake_vs.dir/Drivers/STM32H7xx_HAL_Driver/Src/stm32h7xx_hal_cortex.c.obj
                0x08008ecc                HAL_MPU_ConfigRegion
 .text.HAL_Init
                0x08008f54       0x78 CMakeFiles/h7_Cmake_vs.dir/Drivers/STM32H7xx_HAL_Driver/Src/stm32h7xx_hal.c.obj
                0x08008f54                HAL_Init
 .text.HAL_InitTick
                0x08008fcc       0x6c CMakeFiles/h7_Cmake_vs.dir/Drivers/STM32H7xx_HAL_Driver/Src/stm32h7xx_hal.c.obj
                0x08008fcc                HAL_InitTick
 .text.HAL_IncTick
                0x08009038       0x28 CMakeFiles/h7_Cmake_vs.dir/Drivers/STM32H7xx_HAL_Driver/Src/stm32h7xx_hal.c.obj
                0x08009038                HAL_IncTick
 .text.HAL_GetTick
                0x08009060       0x18 CMakeFiles/h7_Cmake_vs.dir/Drivers/STM32H7xx_HAL_Driver/Src/stm32h7xx_hal.c.obj
                0x08009060                HAL_GetTick
 .text.HAL_Delay
                0x08009078       0x48 CMakeFiles/h7_Cmake_vs.dir/Drivers/STM32H7xx_HAL_Driver/Src/stm32h7xx_hal.c.obj
                0x08009078                HAL_Delay
 .text.HAL_GetREVID
                0x080090c0       0x18 CMakeFiles/h7_Cmake_vs.dir/Drivers/STM32H7xx_HAL_Driver/Src/stm32h7xx_hal.c.obj
                0x080090c0                HAL_GetREVID
 .text.HAL_DMA2D_Init
                0x080090d8       0xc8 CMakeFiles/h7_Cmake_vs.dir/Drivers/STM32H7xx_HAL_Driver/Src/stm32h7xx_hal_dma2d.c.obj
                0x080090d8                HAL_DMA2D_Init
 .text.HAL_RTC_Init
                0x080091a0      0x104 CMakeFiles/h7_Cmake_vs.dir/Drivers/STM32H7xx_HAL_Driver/Src/stm32h7xx_hal_rtc.c.obj
                0x080091a0                HAL_RTC_Init
 .text.HAL_RTC_WaitForSynchro
                0x080092a4       0x48 CMakeFiles/h7_Cmake_vs.dir/Drivers/STM32H7xx_HAL_Driver/Src/stm32h7xx_hal_rtc.c.obj
                0x080092a4                HAL_RTC_WaitForSynchro
 .text.RTC_EnterInitMode
                0x080092ec       0x66 CMakeFiles/h7_Cmake_vs.dir/Drivers/STM32H7xx_HAL_Driver/Src/stm32h7xx_hal_rtc.c.obj
                0x080092ec                RTC_EnterInitMode
 *fill*         0x08009352        0x2 
 .text.RTC_ExitInitMode
                0x08009354       0x7c CMakeFiles/h7_Cmake_vs.dir/Drivers/STM32H7xx_HAL_Driver/Src/stm32h7xx_hal_rtc.c.obj
                0x08009354                RTC_ExitInitMode
 .text.HAL_TIM_Base_Init
                0x080093d0       0xae CMakeFiles/h7_Cmake_vs.dir/Drivers/STM32H7xx_HAL_Driver/Src/stm32h7xx_hal_tim.c.obj
                0x080093d0                HAL_TIM_Base_Init
 *fill*         0x0800947e        0x2 
 .text.HAL_TIM_Base_Start
                0x08009480       0xe0 CMakeFiles/h7_Cmake_vs.dir/Drivers/STM32H7xx_HAL_Driver/Src/stm32h7xx_hal_tim.c.obj
                0x08009480                HAL_TIM_Base_Start
 .text.HAL_TIM_PWM_Init
                0x08009560       0xae CMakeFiles/h7_Cmake_vs.dir/Drivers/STM32H7xx_HAL_Driver/Src/stm32h7xx_hal_tim.c.obj
                0x08009560                HAL_TIM_PWM_Init
 *fill*         0x0800960e        0x2 
 .text.HAL_TIM_PWM_ConfigChannel
                0x08009610      0x228 CMakeFiles/h7_Cmake_vs.dir/Drivers/STM32H7xx_HAL_Driver/Src/stm32h7xx_hal_tim.c.obj
                0x08009610                HAL_TIM_PWM_ConfigChannel
 .text.HAL_TIM_ConfigClockSource
                0x08009838      0x1f0 CMakeFiles/h7_Cmake_vs.dir/Drivers/STM32H7xx_HAL_Driver/Src/stm32h7xx_hal_tim.c.obj
                0x08009838                HAL_TIM_ConfigClockSource
 .text.TIM_Base_SetConfig
                0x08009a28      0x134 CMakeFiles/h7_Cmake_vs.dir/Drivers/STM32H7xx_HAL_Driver/Src/stm32h7xx_hal_tim.c.obj
                0x08009a28                TIM_Base_SetConfig
 .text.TIM_OC1_SetConfig
                0x08009b5c      0x120 CMakeFiles/h7_Cmake_vs.dir/Drivers/STM32H7xx_HAL_Driver/Src/stm32h7xx_hal_tim.c.obj
 .text.TIM_OC2_SetConfig
                0x08009c7c      0x114 CMakeFiles/h7_Cmake_vs.dir/Drivers/STM32H7xx_HAL_Driver/Src/stm32h7xx_hal_tim.c.obj
                0x08009c7c                TIM_OC2_SetConfig
 .text.TIM_OC3_SetConfig
                0x08009d90      0x110 CMakeFiles/h7_Cmake_vs.dir/Drivers/STM32H7xx_HAL_Driver/Src/stm32h7xx_hal_tim.c.obj
 .text.TIM_OC4_SetConfig
                0x08009ea0       0xd4 CMakeFiles/h7_Cmake_vs.dir/Drivers/STM32H7xx_HAL_Driver/Src/stm32h7xx_hal_tim.c.obj
 .text.TIM_OC5_SetConfig
                0x08009f74       0xc8 CMakeFiles/h7_Cmake_vs.dir/Drivers/STM32H7xx_HAL_Driver/Src/stm32h7xx_hal_tim.c.obj
 .text.TIM_OC6_SetConfig
                0x0800a03c       0xcc CMakeFiles/h7_Cmake_vs.dir/Drivers/STM32H7xx_HAL_Driver/Src/stm32h7xx_hal_tim.c.obj
 .text.TIM_TI1_ConfigInputStage
                0x0800a108       0x5e CMakeFiles/h7_Cmake_vs.dir/Drivers/STM32H7xx_HAL_Driver/Src/stm32h7xx_hal_tim.c.obj
 .text.TIM_TI2_ConfigInputStage
                0x0800a166       0x60 CMakeFiles/h7_Cmake_vs.dir/Drivers/STM32H7xx_HAL_Driver/Src/stm32h7xx_hal_tim.c.obj
 *fill*         0x0800a1c6        0x2 
 .text.TIM_ITRx_SetConfig
                0x0800a1c8       0x3c CMakeFiles/h7_Cmake_vs.dir/Drivers/STM32H7xx_HAL_Driver/Src/stm32h7xx_hal_tim.c.obj
 .text.TIM_ETR_SetConfig
                0x0800a204       0x40 CMakeFiles/h7_Cmake_vs.dir/Drivers/STM32H7xx_HAL_Driver/Src/stm32h7xx_hal_tim.c.obj
                0x0800a204                TIM_ETR_SetConfig
 .text.HAL_TIMEx_MasterConfigSynchronization
                0x0800a244      0x11c CMakeFiles/h7_Cmake_vs.dir/Drivers/STM32H7xx_HAL_Driver/Src/stm32h7xx_hal_tim_ex.c.obj
                0x0800a244                HAL_TIMEx_MasterConfigSynchronization
 .text.HAL_UART_Init
                0x0800a360       0xa0 CMakeFiles/h7_Cmake_vs.dir/Drivers/STM32H7xx_HAL_Driver/Src/stm32h7xx_hal_uart.c.obj
                0x0800a360                HAL_UART_Init
 .text.HAL_UART_Transmit
                0x0800a400      0x11c CMakeFiles/h7_Cmake_vs.dir/Drivers/STM32H7xx_HAL_Driver/Src/stm32h7xx_hal_uart.c.obj
                0x0800a400                HAL_UART_Transmit
 .text.UART_SetConfig
                0x0800a51c      0xad0 CMakeFiles/h7_Cmake_vs.dir/Drivers/STM32H7xx_HAL_Driver/Src/stm32h7xx_hal_uart.c.obj
                0x0800a51c                UART_SetConfig
 .text.UART_AdvFeatureConfig
                0x0800afec      0x144 CMakeFiles/h7_Cmake_vs.dir/Drivers/STM32H7xx_HAL_Driver/Src/stm32h7xx_hal_uart.c.obj
                0x0800afec                UART_AdvFeatureConfig
 .text.UART_CheckIdleState
                0x0800b130      0x154 CMakeFiles/h7_Cmake_vs.dir/Drivers/STM32H7xx_HAL_Driver/Src/stm32h7xx_hal_uart.c.obj
                0x0800b130                UART_CheckIdleState
 .text.UART_WaitOnFlagUntilTimeout
                0x0800b284       0xce CMakeFiles/h7_Cmake_vs.dir/Drivers/STM32H7xx_HAL_Driver/Src/stm32h7xx_hal_uart.c.obj
                0x0800b284                UART_WaitOnFlagUntilTimeout
 *fill*         0x0800b352        0x2 
 .text.UART_EndRxTransfer
                0x0800b354       0xcc CMakeFiles/h7_Cmake_vs.dir/Drivers/STM32H7xx_HAL_Driver/Src/stm32h7xx_hal_uart.c.obj
 .text.HAL_UARTEx_DisableFifoMode
                0x0800b420       0x72 CMakeFiles/h7_Cmake_vs.dir/Drivers/STM32H7xx_HAL_Driver/Src/stm32h7xx_hal_uart_ex.c.obj
                0x0800b420                HAL_UARTEx_DisableFifoMode
 .text.HAL_UARTEx_SetTxFifoThreshold
                0x0800b492       0x7c CMakeFiles/h7_Cmake_vs.dir/Drivers/STM32H7xx_HAL_Driver/Src/stm32h7xx_hal_uart_ex.c.obj
                0x0800b492                HAL_UARTEx_SetTxFifoThreshold
 .text.HAL_UARTEx_SetRxFifoThreshold
                0x0800b50e       0x7c CMakeFiles/h7_Cmake_vs.dir/Drivers/STM32H7xx_HAL_Driver/Src/stm32h7xx_hal_uart_ex.c.obj
                0x0800b50e                HAL_UARTEx_SetRxFifoThreshold
 *fill*         0x0800b58a        0x2 
 .text.UARTEx_SetNbDataToProcess
                0x0800b58c       0x9c CMakeFiles/h7_Cmake_vs.dir/Drivers/STM32H7xx_HAL_Driver/Src/stm32h7xx_hal_uart_ex.c.obj
 .text.SystemInit
                0x0800b628      0x110 CMakeFiles/h7_Cmake_vs.dir/Core/Src/system_stm32h7xx.c.obj
                0x0800b628                SystemInit
 .text._sbrk    0x0800b738       0x6c CMakeFiles/h7_Cmake_vs.dir/Core/Src/sysmem.c.obj
                0x0800b738                _sbrk
 .text._read    0x0800b7a4       0x3a CMakeFiles/h7_Cmake_vs.dir/Core/Src/syscalls.c.obj
                0x0800b7a4                _read
 .text._close   0x0800b7de       0x18 CMakeFiles/h7_Cmake_vs.dir/Core/Src/syscalls.c.obj
                0x0800b7de                _close
 .text._fstat   0x0800b7f6       0x20 CMakeFiles/h7_Cmake_vs.dir/Core/Src/syscalls.c.obj
                0x0800b7f6                _fstat
 .text._isatty  0x0800b816       0x16 CMakeFiles/h7_Cmake_vs.dir/Core/Src/syscalls.c.obj
                0x0800b816                _isatty
 .text._lseek   0x0800b82c       0x1a CMakeFiles/h7_Cmake_vs.dir/Core/Src/syscalls.c.obj
                0x0800b82c                _lseek
 *fill*         0x0800b846        0x2 
 .text.Reset_Handler
                0x0800b848       0x50 CMakeFiles/h7_Cmake_vs.dir/startup_stm32h743xx.s.obj
                0x0800b848                Reset_Handler
 .text.Default_Handler
                0x0800b898        0x2 CMakeFiles/h7_Cmake_vs.dir/startup_stm32h743xx.s.obj
                0x0800b898                RTC_Alarm_IRQHandler
                0x0800b898                EXTI2_IRQHandler
                0x0800b898                TIM8_CC_IRQHandler
                0x0800b898                HRTIM1_Master_IRQHandler
                0x0800b898                UART8_IRQHandler
                0x0800b898                SPI4_IRQHandler
                0x0800b898                TIM1_CC_IRQHandler
                0x0800b898                BDMA_Channel6_IRQHandler
                0x0800b898                DMA2_Stream5_IRQHandler
                0x0800b898                HRTIM1_FLT_IRQHandler
                0x0800b898                JPEG_IRQHandler
                0x0800b898                DMA1_Stream5_IRQHandler
                0x0800b898                BDMA_Channel1_IRQHandler
                0x0800b898                HRTIM1_TIMD_IRQHandler
                0x0800b898                TAMP_STAMP_IRQHandler
                0x0800b898                EXTI3_IRQHandler
                0x0800b898                LPTIM4_IRQHandler
                0x0800b898                TIM8_TRG_COM_TIM14_IRQHandler
                0x0800b898                LPTIM2_IRQHandler
                0x0800b898                DFSDM1_FLT1_IRQHandler
                0x0800b898                DMAMUX2_OVR_IRQHandler
                0x0800b898                TIM8_UP_TIM13_IRQHandler
                0x0800b898                I2C3_ER_IRQHandler
                0x0800b898                DFSDM1_FLT2_IRQHandler
                0x0800b898                MDMA_IRQHandler
                0x0800b898                LPTIM3_IRQHandler
                0x0800b898                HSEM1_IRQHandler
                0x0800b898                EXTI0_IRQHandler
                0x0800b898                I2C2_EV_IRQHandler
                0x0800b898                DMA1_Stream2_IRQHandler
                0x0800b898                FPU_IRQHandler
                0x0800b898                OTG_HS_WKUP_IRQHandler
                0x0800b898                FDCAN1_IT1_IRQHandler
                0x0800b898                LTDC_ER_IRQHandler
                0x0800b898                DMA2_Stream2_IRQHandler
                0x0800b898                HRTIM1_TIME_IRQHandler
                0x0800b898                SPI1_IRQHandler
                0x0800b898                TIM6_DAC_IRQHandler
                0x0800b898                DCMI_IRQHandler
                0x0800b898                HRTIM1_TIMC_IRQHandler
                0x0800b898                DMA2_Stream3_IRQHandler
                0x0800b898                SAI2_IRQHandler
                0x0800b898                DFSDM1_FLT3_IRQHandler
                0x0800b898                USART6_IRQHandler
                0x0800b898                TIM17_IRQHandler
                0x0800b898                USART3_IRQHandler
                0x0800b898                BDMA_Channel7_IRQHandler
                0x0800b898                LPTIM5_IRQHandler
                0x0800b898                UART5_IRQHandler
                0x0800b898                ADC3_IRQHandler
                0x0800b898                DMA2_Stream0_IRQHandler
                0x0800b898                TIM4_IRQHandler
                0x0800b898                BDMA_Channel2_IRQHandler
                0x0800b898                QUADSPI_IRQHandler
                0x0800b898                I2C1_EV_IRQHandler
                0x0800b898                DMA1_Stream6_IRQHandler
                0x0800b898                DMAMUX1_OVR_IRQHandler
                0x0800b898                DMA1_Stream1_IRQHandler
                0x0800b898                TIM16_IRQHandler
                0x0800b898                UART4_IRQHandler
                0x0800b898                BDMA_Channel5_IRQHandler
                0x0800b898                TIM3_IRQHandler
                0x0800b898                RCC_IRQHandler
                0x0800b898                TIM8_BRK_TIM12_IRQHandler
                0x0800b898                TIM1_TRG_COM_IRQHandler
                0x0800b898                Default_Handler
                0x0800b898                ECC_IRQHandler
                0x0800b898                CEC_IRQHandler
                0x0800b898                EXTI15_10_IRQHandler
                0x0800b898                BDMA_Channel0_IRQHandler
                0x0800b898                ADC_IRQHandler
                0x0800b898                DMA1_Stream7_IRQHandler
                0x0800b898                HRTIM1_TIMA_IRQHandler
                0x0800b898                SPI5_IRQHandler
                0x0800b898                TIM7_IRQHandler
                0x0800b898                SDMMC1_IRQHandler
                0x0800b898                TIM5_IRQHandler
                0x0800b898                DMA2_Stream7_IRQHandler
                0x0800b898                TIM15_IRQHandler
                0x0800b898                PVD_AVD_IRQHandler
                0x0800b898                I2C3_EV_IRQHandler
                0x0800b898                EXTI9_5_IRQHandler
                0x0800b898                RTC_WKUP_IRQHandler
                0x0800b898                LTDC_IRQHandler
                0x0800b898                SAI3_IRQHandler
                0x0800b898                ETH_WKUP_IRQHandler
                0x0800b898                SPDIF_RX_IRQHandler
                0x0800b898                SPI2_IRQHandler
                0x0800b898                OTG_HS_EP1_IN_IRQHandler
                0x0800b898                CRS_IRQHandler
                0x0800b898                EXTI4_IRQHandler
                0x0800b898                RNG_IRQHandler
                0x0800b898                HRTIM1_TIMB_IRQHandler
                0x0800b898                FDCAN2_IT1_IRQHandler
                0x0800b898                ETH_IRQHandler
                0x0800b898                TIM1_UP_IRQHandler
                0x0800b898                BDMA_Channel4_IRQHandler
                0x0800b898                OTG_HS_EP1_OUT_IRQHandler
                0x0800b898                WWDG_IRQHandler
                0x0800b898                SPI6_IRQHandler
                0x0800b898                MDIOS_IRQHandler
                0x0800b898                I2C4_EV_IRQHandler
                0x0800b898                FDCAN2_IT0_IRQHandler
                0x0800b898                LPUART1_IRQHandler
                0x0800b898                FDCAN1_IT0_IRQHandler
                0x0800b898                TIM2_IRQHandler
                0x0800b898                OTG_FS_WKUP_IRQHandler
                0x0800b898                OTG_HS_IRQHandler
                0x0800b898                DMA2D_IRQHandler
                0x0800b898                TIM1_BRK_IRQHandler
                0x0800b898                EXTI1_IRQHandler
                0x0800b898                SDMMC2_IRQHandler
                0x0800b898                OTG_FS_EP1_OUT_IRQHandler
                0x0800b898                BDMA_Channel3_IRQHandler
                0x0800b898                UART7_IRQHandler
                0x0800b898                MDIOS_WKUP_IRQHandler
                0x0800b898                USART2_IRQHandler
                0x0800b898                DFSDM1_FLT0_IRQHandler
                0x0800b898                SAI4_IRQHandler
                0x0800b898                I2C2_ER_IRQHandler
                0x0800b898                DMA2_Stream1_IRQHandler
                0x0800b898                FLASH_IRQHandler
                0x0800b898                DMA2_Stream4_IRQHandler
                0x0800b898                USART1_IRQHandler
                0x0800b898                OTG_FS_IRQHandler
                0x0800b898                SPI3_IRQHandler
                0x0800b898                WAKEUP_PIN_IRQHandler
                0x0800b898                DMA1_Stream4_IRQHandler
                0x0800b898                OTG_FS_EP1_IN_IRQHandler
                0x0800b898                I2C1_ER_IRQHandler
                0x0800b898                FMC_IRQHandler
                0x0800b898                FDCAN_CAL_IRQHandler
                0x0800b898                SWPMI1_IRQHandler
                0x0800b898                COMP1_IRQHandler
                0x0800b898                LPTIM1_IRQHandler
                0x0800b898                I2C4_ER_IRQHandler
                0x0800b898                DMA2_Stream6_IRQHandler
                0x0800b898                SAI1_IRQHandler
                0x0800b898                DMA1_Stream3_IRQHandler
 *fill*         0x0800b89a        0x2 
 .text.__errno  0x0800b89c        0xc c:/users/24242/.eide/tools/gcc_arm/bin/../lib/gcc/arm-none-eabi/10.2.1/../../../../arm-none-eabi/lib/thumb/v7e-m+dp/hard\libg_nano.a(lib_a-errno.o)
                0x0800b89c                __errno
 .text.printf   0x0800b8a8       0x30 c:/users/24242/.eide/tools/gcc_arm/bin/../lib/gcc/arm-none-eabi/10.2.1/../../../../arm-none-eabi/lib/thumb/v7e-m+dp/hard\libg_nano.a(lib_a-printf.o)
                0x0800b8a8                iprintf
                0x0800b8a8                printf
 .text._puts_r  0x0800b8d8       0xdc c:/users/24242/.eide/tools/gcc_arm/bin/../lib/gcc/arm-none-eabi/10.2.1/../../../../arm-none-eabi/lib/thumb/v7e-m+dp/hard\libg_nano.a(lib_a-puts.o)
                0x0800b8d8                _puts_r
 .text.puts     0x0800b9b4       0x10 c:/users/24242/.eide/tools/gcc_arm/bin/../lib/gcc/arm-none-eabi/10.2.1/../../../../arm-none-eabi/lib/thumb/v7e-m+dp/hard\libg_nano.a(lib_a-puts.o)
                0x0800b9b4                puts
 .text.__swbuf_r
                0x0800b9c4       0xa4 c:/users/24242/.eide/tools/gcc_arm/bin/../lib/gcc/arm-none-eabi/10.2.1/../../../../arm-none-eabi/lib/thumb/v7e-m+dp/hard\libg_nano.a(lib_a-wbuf.o)
                0x0800b9c4                __swbuf_r
 .text.__swsetup_r
                0x0800ba68       0xdc c:/users/24242/.eide/tools/gcc_arm/bin/../lib/gcc/arm-none-eabi/10.2.1/../../../../arm-none-eabi/lib/thumb/v7e-m+dp/hard\libg_nano.a(lib_a-wsetup.o)
                0x0800ba68                __swsetup_r
 .text.__sflush_r
                0x0800bb44      0x10c c:/users/24242/.eide/tools/gcc_arm/bin/../lib/gcc/arm-none-eabi/10.2.1/../../../../arm-none-eabi/lib/thumb/v7e-m+dp/hard\libg_nano.a(lib_a-fflush.o)
                0x0800bb44                __sflush_r
 .text._fflush_r
                0x0800bc50       0x78 c:/users/24242/.eide/tools/gcc_arm/bin/../lib/gcc/arm-none-eabi/10.2.1/../../../../arm-none-eabi/lib/thumb/v7e-m+dp/hard\libg_nano.a(lib_a-fflush.o)
                0x0800bc50                _fflush_r
 .text.std      0x0800bcc8       0x48 c:/users/24242/.eide/tools/gcc_arm/bin/../lib/gcc/arm-none-eabi/10.2.1/../../../../arm-none-eabi/lib/thumb/v7e-m+dp/hard\libg_nano.a(lib_a-findfp.o)
 .text._cleanup_r
                0x0800bd10        0xc c:/users/24242/.eide/tools/gcc_arm/bin/../lib/gcc/arm-none-eabi/10.2.1/../../../../arm-none-eabi/lib/thumb/v7e-m+dp/hard\libg_nano.a(lib_a-findfp.o)
                0x0800bd10                _cleanup_r
 .text.__sfmoreglue
                0x0800bd1c       0x2c c:/users/24242/.eide/tools/gcc_arm/bin/../lib/gcc/arm-none-eabi/10.2.1/../../../../arm-none-eabi/lib/thumb/v7e-m+dp/hard\libg_nano.a(lib_a-findfp.o)
                0x0800bd1c                __sfmoreglue
 .text.__sfp_lock_acquire
                0x0800bd48        0xc c:/users/24242/.eide/tools/gcc_arm/bin/../lib/gcc/arm-none-eabi/10.2.1/../../../../arm-none-eabi/lib/thumb/v7e-m+dp/hard\libg_nano.a(lib_a-findfp.o)
                0x0800bd48                __sfp_lock_acquire
 .text.__sfp_lock_release
                0x0800bd54        0xc c:/users/24242/.eide/tools/gcc_arm/bin/../lib/gcc/arm-none-eabi/10.2.1/../../../../arm-none-eabi/lib/thumb/v7e-m+dp/hard\libg_nano.a(lib_a-findfp.o)
                0x0800bd54                __sfp_lock_release
 .text.__sinit_lock_acquire
                0x0800bd60        0xc c:/users/24242/.eide/tools/gcc_arm/bin/../lib/gcc/arm-none-eabi/10.2.1/../../../../arm-none-eabi/lib/thumb/v7e-m+dp/hard\libg_nano.a(lib_a-findfp.o)
                0x0800bd60                __sinit_lock_acquire
 .text.__sinit_lock_release
                0x0800bd6c        0xc c:/users/24242/.eide/tools/gcc_arm/bin/../lib/gcc/arm-none-eabi/10.2.1/../../../../arm-none-eabi/lib/thumb/v7e-m+dp/hard\libg_nano.a(lib_a-findfp.o)
                0x0800bd6c                __sinit_lock_release
 .text.__sinit  0x0800bd78       0x70 c:/users/24242/.eide/tools/gcc_arm/bin/../lib/gcc/arm-none-eabi/10.2.1/../../../../arm-none-eabi/lib/thumb/v7e-m+dp/hard\libg_nano.a(lib_a-findfp.o)
                0x0800bd78                __sinit
 .text.__sfp    0x0800bde8       0x8c c:/users/24242/.eide/tools/gcc_arm/bin/../lib/gcc/arm-none-eabi/10.2.1/../../../../arm-none-eabi/lib/thumb/v7e-m+dp/hard\libg_nano.a(lib_a-findfp.o)
                0x0800bde8                __sfp
 .text._fwalk_reent
                0x0800be74       0x3e c:/users/24242/.eide/tools/gcc_arm/bin/../lib/gcc/arm-none-eabi/10.2.1/../../../../arm-none-eabi/lib/thumb/v7e-m+dp/hard\libg_nano.a(lib_a-fwalk.o)
                0x0800be74                _fwalk_reent
 .text.__retarget_lock_init_recursive
                0x0800beb2        0x2 c:/users/24242/.eide/tools/gcc_arm/bin/../lib/gcc/arm-none-eabi/10.2.1/../../../../arm-none-eabi/lib/thumb/v7e-m+dp/hard\libg_nano.a(lib_a-lock.o)
                0x0800beb2                __retarget_lock_init_recursive
 .text.__retarget_lock_acquire_recursive
                0x0800beb4        0x2 c:/users/24242/.eide/tools/gcc_arm/bin/../lib/gcc/arm-none-eabi/10.2.1/../../../../arm-none-eabi/lib/thumb/v7e-m+dp/hard\libg_nano.a(lib_a-lock.o)
                0x0800beb4                __retarget_lock_acquire_recursive
 .text.__retarget_lock_release_recursive
                0x0800beb6        0x2 c:/users/24242/.eide/tools/gcc_arm/bin/../lib/gcc/arm-none-eabi/10.2.1/../../../../arm-none-eabi/lib/thumb/v7e-m+dp/hard\libg_nano.a(lib_a-lock.o)
                0x0800beb6                __retarget_lock_release_recursive
 .text.__swhatbuf_r
                0x0800beb8       0x4a c:/users/24242/.eide/tools/gcc_arm/bin/../lib/gcc/arm-none-eabi/10.2.1/../../../../arm-none-eabi/lib/thumb/v7e-m+dp/hard\libg_nano.a(lib_a-makebuf.o)
                0x0800beb8                __swhatbuf_r
 *fill*         0x0800bf02        0x2 
 .text.__smakebuf_r
                0x0800bf04       0x80 c:/users/24242/.eide/tools/gcc_arm/bin/../lib/gcc/arm-none-eabi/10.2.1/../../../../arm-none-eabi/lib/thumb/v7e-m+dp/hard\libg_nano.a(lib_a-makebuf.o)
                0x0800bf04                __smakebuf_r
 .text._free_r  0x0800bf84       0x98 c:/users/24242/.eide/tools/gcc_arm/bin/../lib/gcc/arm-none-eabi/10.2.1/../../../../arm-none-eabi/lib/thumb/v7e-m+dp/hard\libg_nano.a(lib_a-nano-freer.o)
                0x0800bf84                _free_r
 .text._malloc_r
                0x0800c01c       0xb4 c:/users/24242/.eide/tools/gcc_arm/bin/../lib/gcc/arm-none-eabi/10.2.1/../../../../arm-none-eabi/lib/thumb/v7e-m+dp/hard\libg_nano.a(lib_a-nano-mallocr.o)
                0x0800c01c                _malloc_r
 .text.__sfputc_r
                0x0800c0d0       0x2e c:/users/24242/.eide/tools/gcc_arm/bin/../lib/gcc/arm-none-eabi/10.2.1/../../../../arm-none-eabi/lib/thumb/v7e-m+dp/hard\libg_nano.a(lib_a-nano-vfprintf.o)
 .text.__sfputs_r
                0x0800c0fe       0x24 c:/users/24242/.eide/tools/gcc_arm/bin/../lib/gcc/arm-none-eabi/10.2.1/../../../../arm-none-eabi/lib/thumb/v7e-m+dp/hard\libg_nano.a(lib_a-nano-vfprintf.o)
                0x0800c0fe                __sfputs_r
 *fill*         0x0800c122        0x2 
 .text._vfprintf_r
                0x0800c124      0x260 c:/users/24242/.eide/tools/gcc_arm/bin/../lib/gcc/arm-none-eabi/10.2.1/../../../../arm-none-eabi/lib/thumb/v7e-m+dp/hard\libg_nano.a(lib_a-nano-vfprintf.o)
                0x0800c124                _vfprintf_r
                0x0800c124                _vfiprintf_r
 .text._printf_common
                0x0800c384       0xda c:/users/24242/.eide/tools/gcc_arm/bin/../lib/gcc/arm-none-eabi/10.2.1/../../../../arm-none-eabi/lib/thumb/v7e-m+dp/hard\libg_nano.a(lib_a-nano-vfprintf_i.o)
                0x0800c384                _printf_common
 *fill*         0x0800c45e        0x2 
 .text._printf_i
                0x0800c460      0x24c c:/users/24242/.eide/tools/gcc_arm/bin/../lib/gcc/arm-none-eabi/10.2.1/../../../../arm-none-eabi/lib/thumb/v7e-m+dp/hard\libg_nano.a(lib_a-nano-vfprintf_i.o)
                0x0800c460                _printf_i
 .text._sbrk_r  0x0800c6ac       0x20 c:/users/24242/.eide/tools/gcc_arm/bin/../lib/gcc/arm-none-eabi/10.2.1/../../../../arm-none-eabi/lib/thumb/v7e-m+dp/hard\libg_nano.a(lib_a-sbrkr.o)
                0x0800c6ac                _sbrk_r
 .text.__sread  0x0800c6cc       0x22 c:/users/24242/.eide/tools/gcc_arm/bin/../lib/gcc/arm-none-eabi/10.2.1/../../../../arm-none-eabi/lib/thumb/v7e-m+dp/hard\libg_nano.a(lib_a-stdio.o)
                0x0800c6cc                __sread
 .text.__swrite
                0x0800c6ee       0x38 c:/users/24242/.eide/tools/gcc_arm/bin/../lib/gcc/arm-none-eabi/10.2.1/../../../../arm-none-eabi/lib/thumb/v7e-m+dp/hard\libg_nano.a(lib_a-stdio.o)
                0x0800c6ee                __swrite
 .text.__sseek  0x0800c726       0x24 c:/users/24242/.eide/tools/gcc_arm/bin/../lib/gcc/arm-none-eabi/10.2.1/../../../../arm-none-eabi/lib/thumb/v7e-m+dp/hard\libg_nano.a(lib_a-stdio.o)
                0x0800c726                __sseek
 .text.__sclose
                0x0800c74a        0x8 c:/users/24242/.eide/tools/gcc_arm/bin/../lib/gcc/arm-none-eabi/10.2.1/../../../../arm-none-eabi/lib/thumb/v7e-m+dp/hard\libg_nano.a(lib_a-stdio.o)
                0x0800c74a                __sclose
 *fill*         0x0800c752        0x2 
 .text._write_r
                0x0800c754       0x24 c:/users/24242/.eide/tools/gcc_arm/bin/../lib/gcc/arm-none-eabi/10.2.1/../../../../arm-none-eabi/lib/thumb/v7e-m+dp/hard\libg_nano.a(lib_a-writer.o)
                0x0800c754                _write_r
 .text._close_r
                0x0800c778       0x20 c:/users/24242/.eide/tools/gcc_arm/bin/../lib/gcc/arm-none-eabi/10.2.1/../../../../arm-none-eabi/lib/thumb/v7e-m+dp/hard\libg_nano.a(lib_a-closer.o)
                0x0800c778                _close_r
 .text._fstat_r
                0x0800c798       0x24 c:/users/24242/.eide/tools/gcc_arm/bin/../lib/gcc/arm-none-eabi/10.2.1/../../../../arm-none-eabi/lib/thumb/v7e-m+dp/hard\libg_nano.a(lib_a-fstatr.o)
                0x0800c798                _fstat_r
 .text._isatty_r
                0x0800c7bc       0x20 c:/users/24242/.eide/tools/gcc_arm/bin/../lib/gcc/arm-none-eabi/10.2.1/../../../../arm-none-eabi/lib/thumb/v7e-m+dp/hard\libg_nano.a(lib_a-isattyr.o)
                0x0800c7bc                _isatty_r
 .text._lseek_r
                0x0800c7dc       0x24 c:/users/24242/.eide/tools/gcc_arm/bin/../lib/gcc/arm-none-eabi/10.2.1/../../../../arm-none-eabi/lib/thumb/v7e-m+dp/hard\libg_nano.a(lib_a-lseekr.o)
                0x0800c7dc                _lseek_r
 .text.__malloc_lock
                0x0800c800        0xc c:/users/24242/.eide/tools/gcc_arm/bin/../lib/gcc/arm-none-eabi/10.2.1/../../../../arm-none-eabi/lib/thumb/v7e-m+dp/hard\libg_nano.a(lib_a-mlock.o)
                0x0800c800                __malloc_lock
 .text.__malloc_unlock
                0x0800c80c        0xc c:/users/24242/.eide/tools/gcc_arm/bin/../lib/gcc/arm-none-eabi/10.2.1/../../../../arm-none-eabi/lib/thumb/v7e-m+dp/hard\libg_nano.a(lib_a-mlock.o)
                0x0800c80c                __malloc_unlock
 .text._read_r  0x0800c818       0x24 c:/users/24242/.eide/tools/gcc_arm/bin/../lib/gcc/arm-none-eabi/10.2.1/../../../../arm-none-eabi/lib/thumb/v7e-m+dp/hard\libg_nano.a(lib_a-readr.o)
                0x0800c818                _read_r
 *(.glue_7)
 .glue_7        0x0800c83c        0x0 linker stubs
 *(.glue_7t)
 .glue_7t       0x0800c83c        0x0 linker stubs
 *(.eh_frame)
 .eh_frame      0x0800c83c        0x0 c:/users/24242/.eide/tools/gcc_arm/bin/../lib/gcc/arm-none-eabi/10.2.1/thumb/v7e-m+dp/hard/crtbegin.o
 *(.init)
 .init          0x0800c83c        0x4 c:/users/24242/.eide/tools/gcc_arm/bin/../lib/gcc/arm-none-eabi/10.2.1/thumb/v7e-m+dp/hard/crti.o
                0x0800c83c                _init
 .init          0x0800c840        0x8 c:/users/24242/.eide/tools/gcc_arm/bin/../lib/gcc/arm-none-eabi/10.2.1/thumb/v7e-m+dp/hard/crtn.o
 *(.fini)
 .fini          0x0800c848        0x4 c:/users/24242/.eide/tools/gcc_arm/bin/../lib/gcc/arm-none-eabi/10.2.1/thumb/v7e-m+dp/hard/crti.o
                0x0800c848                _fini
 .fini          0x0800c84c        0x8 c:/users/24242/.eide/tools/gcc_arm/bin/../lib/gcc/arm-none-eabi/10.2.1/thumb/v7e-m+dp/hard/crtn.o
                0x0800c854                . = ALIGN (0x4)
                0x0800c854                _etext = .

.vfp11_veneer   0x0800c854        0x0
 .vfp11_veneer  0x0800c854        0x0 linker stubs

.v4_bx          0x0800c854        0x0
 .v4_bx         0x0800c854        0x0 linker stubs

.iplt           0x0800c854        0x0
 .iplt          0x0800c854        0x0 c:/users/24242/.eide/tools/gcc_arm/bin/../lib/gcc/arm-none-eabi/10.2.1/thumb/v7e-m+dp/hard/crtbegin.o

.rodata         0x0800c854      0x190
                0x0800c854                . = ALIGN (0x4)
 *(.rodata)
 .rodata        0x0800c854       0xb5 CMakeFiles/h7_Cmake_vs.dir/Core/Src/main.c.obj
 *(.rodata*)
 *fill*         0x0800c909        0x3 
 .rodata._global_impure_ptr
                0x0800c90c        0x4 c:/users/24242/.eide/tools/gcc_arm/bin/../lib/gcc/arm-none-eabi/10.2.1/../../../../arm-none-eabi/lib/thumb/v7e-m+dp/hard\libc_nano.a(lib_a-impure.o)
                0x0800c90c                _global_impure_ptr
 .rodata.flagBitshiftOffset.0
                0x0800c910        0x8 CMakeFiles/h7_Cmake_vs.dir/Drivers/STM32H7xx_HAL_Driver/Src/stm32h7xx_hal_dma.c.obj
 .rodata.UARTPrescTable
                0x0800c918       0x18 CMakeFiles/h7_Cmake_vs.dir/Drivers/STM32H7xx_HAL_Driver/Src/stm32h7xx_hal_uart.c.obj
                0x0800c918                UARTPrescTable
 .rodata.numerator.1
                0x0800c930        0x8 CMakeFiles/h7_Cmake_vs.dir/Drivers/STM32H7xx_HAL_Driver/Src/stm32h7xx_hal_uart_ex.c.obj
 .rodata.denominator.0
                0x0800c938        0x8 CMakeFiles/h7_Cmake_vs.dir/Drivers/STM32H7xx_HAL_Driver/Src/stm32h7xx_hal_uart_ex.c.obj
 .rodata.D1CorePrescTable
                0x0800c940       0x10 CMakeFiles/h7_Cmake_vs.dir/Core/Src/system_stm32h7xx.c.obj
                0x0800c940                D1CorePrescTable
 .rodata.__sf_fake_stderr
                0x0800c950       0x20 c:/users/24242/.eide/tools/gcc_arm/bin/../lib/gcc/arm-none-eabi/10.2.1/../../../../arm-none-eabi/lib/thumb/v7e-m+dp/hard\libg_nano.a(lib_a-findfp.o)
                0x0800c950                __sf_fake_stderr
 .rodata.__sf_fake_stdin
                0x0800c970       0x20 c:/users/24242/.eide/tools/gcc_arm/bin/../lib/gcc/arm-none-eabi/10.2.1/../../../../arm-none-eabi/lib/thumb/v7e-m+dp/hard\libg_nano.a(lib_a-findfp.o)
                0x0800c970                __sf_fake_stdin
 .rodata.__sf_fake_stdout
                0x0800c990       0x20 c:/users/24242/.eide/tools/gcc_arm/bin/../lib/gcc/arm-none-eabi/10.2.1/../../../../arm-none-eabi/lib/thumb/v7e-m+dp/hard\libg_nano.a(lib_a-findfp.o)
                0x0800c990                __sf_fake_stdout
 .rodata._vfprintf_r.str1.1
                0x0800c9b0       0x11 c:/users/24242/.eide/tools/gcc_arm/bin/../lib/gcc/arm-none-eabi/10.2.1/../../../../arm-none-eabi/lib/thumb/v7e-m+dp/hard\libg_nano.a(lib_a-nano-vfprintf.o)
 .rodata._printf_i.str1.1
                0x0800c9c1       0x22 c:/users/24242/.eide/tools/gcc_arm/bin/../lib/gcc/arm-none-eabi/10.2.1/../../../../arm-none-eabi/lib/thumb/v7e-m+dp/hard\libg_nano.a(lib_a-nano-vfprintf_i.o)
                0x0800c9e4                . = ALIGN (0x4)
 *fill*         0x0800c9e3        0x1 

.ARM.extab
 *(.ARM.extab* .gnu.linkonce.armextab.*)

.ARM            0x0800c9e4        0x8
                0x0800c9e4                __exidx_start = .
 *(.ARM.exidx*)
 .ARM.exidx     0x0800c9e4        0x8 c:/users/24242/.eide/tools/gcc_arm/bin/../lib/gcc/arm-none-eabi/10.2.1/thumb/v7e-m+dp/hard\libgcc.a(_udivmoddi4.o)
                0x0800c9ec                __exidx_end = .

.rel.dyn        0x0800c9ec        0x0
 .rel.iplt      0x0800c9ec        0x0 c:/users/24242/.eide/tools/gcc_arm/bin/../lib/gcc/arm-none-eabi/10.2.1/thumb/v7e-m+dp/hard/crtbegin.o

.preinit_array  0x0800c9ec        0x0
                0x0800c9ec                PROVIDE (__preinit_array_start = .)
 *(.preinit_array*)
                0x0800c9ec                PROVIDE (__preinit_array_end = .)

.init_array     0x0800c9ec        0x4
                0x0800c9ec                PROVIDE (__init_array_start = .)
 *(SORT_BY_NAME(.init_array.*))
 *(.init_array*)
 .init_array    0x0800c9ec        0x4 c:/users/24242/.eide/tools/gcc_arm/bin/../lib/gcc/arm-none-eabi/10.2.1/thumb/v7e-m+dp/hard/crtbegin.o
                0x0800c9f0                PROVIDE (__init_array_end = .)

.fini_array     0x0800c9f0        0x4
                [!provide]                PROVIDE (__fini_array_start = .)
 *(SORT_BY_NAME(.fini_array.*))
 *(.fini_array*)
 .fini_array    0x0800c9f0        0x4 c:/users/24242/.eide/tools/gcc_arm/bin/../lib/gcc/arm-none-eabi/10.2.1/thumb/v7e-m+dp/hard/crtbegin.o
                [!provide]                PROVIDE (__fini_array_end = .)
                0x0800c9f4                _sidata = LOADADDR (.data)

.data           0x20000000       0x74 load address 0x0800c9f4
                0x20000000                . = ALIGN (0x4)
                0x20000000                _sdata = .
 *(.data)
 *(.data*)
 .data._impure_ptr
                0x20000000        0x4 c:/users/24242/.eide/tools/gcc_arm/bin/../lib/gcc/arm-none-eabi/10.2.1/../../../../arm-none-eabi/lib/thumb/v7e-m+dp/hard\libc_nano.a(lib_a-impure.o)
                0x20000000                _impure_ptr
 .data.impure_data
                0x20000004       0x60 c:/users/24242/.eide/tools/gcc_arm/bin/../lib/gcc/arm-none-eabi/10.2.1/../../../../arm-none-eabi/lib/thumb/v7e-m+dp/hard\libc_nano.a(lib_a-impure.o)
 .data.uwTickPrio
                0x20000064        0x4 CMakeFiles/h7_Cmake_vs.dir/Drivers/STM32H7xx_HAL_Driver/Src/stm32h7xx_hal.c.obj
                0x20000064                uwTickPrio
 .data.uwTickFreq
                0x20000068        0x1 CMakeFiles/h7_Cmake_vs.dir/Drivers/STM32H7xx_HAL_Driver/Src/stm32h7xx_hal.c.obj
                0x20000068                uwTickFreq
 *fill*         0x20000069        0x3 
 .data.SystemCoreClock
                0x2000006c        0x4 CMakeFiles/h7_Cmake_vs.dir/Core/Src/system_stm32h7xx.c.obj
                0x2000006c                SystemCoreClock
 .data.SystemD2Clock
                0x20000070        0x4 CMakeFiles/h7_Cmake_vs.dir/Core/Src/system_stm32h7xx.c.obj
                0x20000070                SystemD2Clock
                0x20000074                . = ALIGN (0x4)
                0x20000074                _edata = .

.igot.plt       0x20000074        0x0 load address 0x0800ca68
 .igot.plt      0x20000074        0x0 c:/users/24242/.eide/tools/gcc_arm/bin/../lib/gcc/arm-none-eabi/10.2.1/thumb/v7e-m+dp/hard/crtbegin.o
                0x20000074                . = ALIGN (0x4)

.bss            0x20000074      0x31c load address 0x0800ca68
                0x20000074                _sbss = .
                0x20000074                __bss_start__ = _sbss
 *(.bss)
 .bss           0x20000074       0x1c c:/users/24242/.eide/tools/gcc_arm/bin/../lib/gcc/arm-none-eabi/10.2.1/thumb/v7e-m+dp/hard/crtbegin.o
 *(.bss*)
 .bss.adc_conversion_complete
                0x20000090        0x1 CMakeFiles/h7_Cmake_vs.dir/Core/Src/main.c.obj
                0x20000090                adc_conversion_complete
 *fill*         0x20000091        0x3 
 .bss.count.0   0x20000094        0x4 CMakeFiles/h7_Cmake_vs.dir/Core/Src/main.c.obj
 .bss.hadc2     0x20000098       0x64 CMakeFiles/h7_Cmake_vs.dir/Core/Src/adc.c.obj
                0x20000098                hadc2
 .bss.hdma_adc2
                0x200000fc       0x78 CMakeFiles/h7_Cmake_vs.dir/Core/Src/adc.c.obj
                0x200000fc                hdma_adc2
 .bss.hdma2d    0x20000174       0x68 CMakeFiles/h7_Cmake_vs.dir/Core/Src/dma2d.c.obj
                0x20000174                hdma2d
 .bss.hrtc      0x200001dc       0x24 CMakeFiles/h7_Cmake_vs.dir/Core/Src/rtc.c.obj
                0x200001dc                hrtc
 .bss.htim2     0x20000200       0x4c CMakeFiles/h7_Cmake_vs.dir/Core/Src/tim.c.obj
                0x20000200                htim2
 .bss.htim3     0x2000024c       0x4c CMakeFiles/h7_Cmake_vs.dir/Core/Src/tim.c.obj
                0x2000024c                htim3
 .bss.htim4     0x20000298       0x4c CMakeFiles/h7_Cmake_vs.dir/Core/Src/tim.c.obj
                0x20000298                htim4
 .bss.huart1    0x200002e4       0x94 CMakeFiles/h7_Cmake_vs.dir/Core/Src/usart.c.obj
                0x200002e4                huart1
 .bss.uwTick    0x20000378        0x4 CMakeFiles/h7_Cmake_vs.dir/Drivers/STM32H7xx_HAL_Driver/Src/stm32h7xx_hal.c.obj
                0x20000378                uwTick
 .bss.__sbrk_heap_end
                0x2000037c        0x4 CMakeFiles/h7_Cmake_vs.dir/Core/Src/sysmem.c.obj
 .bss.__lock___malloc_recursive_mutex
                0x20000380        0x1 c:/users/24242/.eide/tools/gcc_arm/bin/../lib/gcc/arm-none-eabi/10.2.1/../../../../arm-none-eabi/lib/thumb/v7e-m+dp/hard\libg_nano.a(lib_a-lock.o)
                0x20000380                __lock___malloc_recursive_mutex
 .bss.__lock___sfp_recursive_mutex
                0x20000381        0x1 c:/users/24242/.eide/tools/gcc_arm/bin/../lib/gcc/arm-none-eabi/10.2.1/../../../../arm-none-eabi/lib/thumb/v7e-m+dp/hard\libg_nano.a(lib_a-lock.o)
                0x20000381                __lock___sfp_recursive_mutex
 .bss.__lock___sinit_recursive_mutex
                0x20000382        0x1 c:/users/24242/.eide/tools/gcc_arm/bin/../lib/gcc/arm-none-eabi/10.2.1/../../../../arm-none-eabi/lib/thumb/v7e-m+dp/hard\libg_nano.a(lib_a-lock.o)
                0x20000382                __lock___sinit_recursive_mutex
 *fill*         0x20000383        0x1 
 .bss.__malloc_free_list
                0x20000384        0x4 c:/users/24242/.eide/tools/gcc_arm/bin/../lib/gcc/arm-none-eabi/10.2.1/../../../../arm-none-eabi/lib/thumb/v7e-m+dp/hard\libg_nano.a(lib_a-nano-mallocr.o)
                0x20000384                __malloc_free_list
 .bss.__malloc_sbrk_start
                0x20000388        0x4 c:/users/24242/.eide/tools/gcc_arm/bin/../lib/gcc/arm-none-eabi/10.2.1/../../../../arm-none-eabi/lib/thumb/v7e-m+dp/hard\libg_nano.a(lib_a-nano-mallocr.o)
                0x20000388                __malloc_sbrk_start
 .bss.errno     0x2000038c        0x4 c:/users/24242/.eide/tools/gcc_arm/bin/../lib/gcc/arm-none-eabi/10.2.1/../../../../arm-none-eabi/lib/thumb/v7e-m+dp/hard\libg_nano.a(lib_a-reent.o)
                0x2000038c                errno
 *(COMMON)
                0x20000390                . = ALIGN (0x4)
                0x20000390                _ebss = .
                0x20000390                __bss_end__ = _ebss

.dma_buffer     0x24000000       0xe0
                0x24000000                . = ALIGN (0x20)
                0x24000000                _sdma_buffer = .
 *(.dma_buffer)
 .dma_buffer    0x24000000       0xc8 CMakeFiles/h7_Cmake_vs.dir/Core/Src/main.c.obj
                0x24000000                adc_buffer
 *(.dma_buffer*)
                0x240000e0                . = ALIGN (0x20)
 *fill*         0x240000c8       0x18 
                0x240000e0                _edma_buffer = .

._user_heap_stack
                0x20000390     0x8000
                0x20000390                . = ALIGN (0x8)
                [!provide]                PROVIDE (end = .)
                0x20000390                PROVIDE (_end = .)
                0x20004390                . = (. + _Min_Heap_Size)
 *fill*         0x20000390     0x4000 
                0x20008390                . = (. + _Min_Stack_Size)
 *fill*         0x20004390     0x4000 
                0x20008390                . = ALIGN (0x8)

/DISCARD/
 libc.a(*)
 libm.a(*)
 libgcc.a(*)

.ARM.attributes
                0x00000000       0x2e
 *(.ARM.attributes)
 .ARM.attributes
                0x00000000       0x1e c:/users/24242/.eide/tools/gcc_arm/bin/../lib/gcc/arm-none-eabi/10.2.1/thumb/v7e-m+dp/hard/crti.o
 .ARM.attributes
                0x0000001e       0x32 c:/users/24242/.eide/tools/gcc_arm/bin/../lib/gcc/arm-none-eabi/10.2.1/thumb/v7e-m+dp/hard/crtbegin.o
 .ARM.attributes
                0x00000050       0x30 c:/users/24242/.eide/tools/gcc_arm/bin/../lib/gcc/arm-none-eabi/10.2.1/../../../../arm-none-eabi/lib/thumb/v7e-m+dp/hard\libc_nano.a(lib_a-impure.o)
 .ARM.attributes
                0x00000080       0x32 c:/users/24242/.eide/tools/gcc_arm/bin/../lib/gcc/arm-none-eabi/10.2.1/../../../../arm-none-eabi/lib/thumb/v7e-m+dp/hard\libc_nano.a(lib_a-init.o)
 .ARM.attributes
                0x000000b2       0x32 c:/users/24242/.eide/tools/gcc_arm/bin/../lib/gcc/arm-none-eabi/10.2.1/../../../../arm-none-eabi/lib/thumb/v7e-m+dp/hard\libc_nano.a(lib_a-memset.o)
 .ARM.attributes
                0x000000e4       0x32 CMakeFiles/h7_Cmake_vs.dir/Core/Src/system/system_config.c.obj
 .ARM.attributes
                0x00000116       0x32 CMakeFiles/h7_Cmake_vs.dir/Core/Src/main.c.obj
 .ARM.attributes
                0x00000148       0x32 CMakeFiles/h7_Cmake_vs.dir/Core/Src/gpio.c.obj
 .ARM.attributes
                0x0000017a       0x32 CMakeFiles/h7_Cmake_vs.dir/Core/Src/adc.c.obj
 .ARM.attributes
                0x000001ac       0x32 CMakeFiles/h7_Cmake_vs.dir/Core/Src/dma.c.obj
 .ARM.attributes
                0x000001de       0x32 CMakeFiles/h7_Cmake_vs.dir/Core/Src/dma2d.c.obj
 .ARM.attributes
                0x00000210       0x32 CMakeFiles/h7_Cmake_vs.dir/Core/Src/rtc.c.obj
 .ARM.attributes
                0x00000242       0x32 CMakeFiles/h7_Cmake_vs.dir/Core/Src/tim.c.obj
 .ARM.attributes
                0x00000274       0x32 CMakeFiles/h7_Cmake_vs.dir/Core/Src/usart.c.obj
 .ARM.attributes
                0x000002a6       0x32 CMakeFiles/h7_Cmake_vs.dir/Core/Src/stm32h7xx_it.c.obj
 .ARM.attributes
                0x000002d8       0x32 CMakeFiles/h7_Cmake_vs.dir/Core/Src/stm32h7xx_hal_msp.c.obj
 .ARM.attributes
                0x0000030a       0x32 CMakeFiles/h7_Cmake_vs.dir/Drivers/STM32H7xx_HAL_Driver/Src/stm32h7xx_hal_adc.c.obj
 .ARM.attributes
                0x0000033c       0x32 CMakeFiles/h7_Cmake_vs.dir/Drivers/STM32H7xx_HAL_Driver/Src/stm32h7xx_hal_adc_ex.c.obj
 .ARM.attributes
                0x0000036e       0x32 CMakeFiles/h7_Cmake_vs.dir/Drivers/STM32H7xx_HAL_Driver/Src/stm32h7xx_hal_rcc.c.obj
 .ARM.attributes
                0x000003a0       0x32 CMakeFiles/h7_Cmake_vs.dir/Drivers/STM32H7xx_HAL_Driver/Src/stm32h7xx_hal_rcc_ex.c.obj
 .ARM.attributes
                0x000003d2       0x32 CMakeFiles/h7_Cmake_vs.dir/Drivers/STM32H7xx_HAL_Driver/Src/stm32h7xx_hal_gpio.c.obj
 .ARM.attributes
                0x00000404       0x32 CMakeFiles/h7_Cmake_vs.dir/Drivers/STM32H7xx_HAL_Driver/Src/stm32h7xx_hal_dma.c.obj
 .ARM.attributes
                0x00000436       0x32 CMakeFiles/h7_Cmake_vs.dir/Drivers/STM32H7xx_HAL_Driver/Src/stm32h7xx_hal_pwr.c.obj
 .ARM.attributes
                0x00000468       0x32 CMakeFiles/h7_Cmake_vs.dir/Drivers/STM32H7xx_HAL_Driver/Src/stm32h7xx_hal_pwr_ex.c.obj
 .ARM.attributes
                0x0000049a       0x32 CMakeFiles/h7_Cmake_vs.dir/Drivers/STM32H7xx_HAL_Driver/Src/stm32h7xx_hal_cortex.c.obj
 .ARM.attributes
                0x000004cc       0x32 CMakeFiles/h7_Cmake_vs.dir/Drivers/STM32H7xx_HAL_Driver/Src/stm32h7xx_hal.c.obj
 .ARM.attributes
                0x000004fe       0x32 CMakeFiles/h7_Cmake_vs.dir/Drivers/STM32H7xx_HAL_Driver/Src/stm32h7xx_hal_dma2d.c.obj
 .ARM.attributes
                0x00000530       0x32 CMakeFiles/h7_Cmake_vs.dir/Drivers/STM32H7xx_HAL_Driver/Src/stm32h7xx_hal_rtc.c.obj
 .ARM.attributes
                0x00000562       0x32 CMakeFiles/h7_Cmake_vs.dir/Drivers/STM32H7xx_HAL_Driver/Src/stm32h7xx_hal_tim.c.obj
 .ARM.attributes
                0x00000594       0x32 CMakeFiles/h7_Cmake_vs.dir/Drivers/STM32H7xx_HAL_Driver/Src/stm32h7xx_hal_tim_ex.c.obj
 .ARM.attributes
                0x000005c6       0x32 CMakeFiles/h7_Cmake_vs.dir/Drivers/STM32H7xx_HAL_Driver/Src/stm32h7xx_hal_uart.c.obj
 .ARM.attributes
                0x000005f8       0x32 CMakeFiles/h7_Cmake_vs.dir/Drivers/STM32H7xx_HAL_Driver/Src/stm32h7xx_hal_uart_ex.c.obj
 .ARM.attributes
                0x0000062a       0x32 CMakeFiles/h7_Cmake_vs.dir/Core/Src/system_stm32h7xx.c.obj
 .ARM.attributes
                0x0000065c       0x32 CMakeFiles/h7_Cmake_vs.dir/Core/Src/sysmem.c.obj
 .ARM.attributes
                0x0000068e       0x32 CMakeFiles/h7_Cmake_vs.dir/Core/Src/syscalls.c.obj
 .ARM.attributes
                0x000006c0       0x21 CMakeFiles/h7_Cmake_vs.dir/startup_stm32h743xx.s.obj
 .ARM.attributes
                0x000006e1       0x1e c:/users/24242/.eide/tools/gcc_arm/bin/../lib/gcc/arm-none-eabi/10.2.1/thumb/v7e-m+dp/hard\libgcc.a(_aeabi_uldivmod.o)
 .ARM.attributes
                0x000006ff       0x32 c:/users/24242/.eide/tools/gcc_arm/bin/../lib/gcc/arm-none-eabi/10.2.1/thumb/v7e-m+dp/hard\libgcc.a(_udivmoddi4.o)
 .ARM.attributes
                0x00000731       0x1e c:/users/24242/.eide/tools/gcc_arm/bin/../lib/gcc/arm-none-eabi/10.2.1/thumb/v7e-m+dp/hard\libgcc.a(_dvmd_tls.o)
 .ARM.attributes
                0x0000074f       0x32 c:/users/24242/.eide/tools/gcc_arm/bin/../lib/gcc/arm-none-eabi/10.2.1/../../../../arm-none-eabi/lib/thumb/v7e-m+dp/hard\libg_nano.a(lib_a-errno.o)
 .ARM.attributes
                0x00000781       0x32 c:/users/24242/.eide/tools/gcc_arm/bin/../lib/gcc/arm-none-eabi/10.2.1/../../../../arm-none-eabi/lib/thumb/v7e-m+dp/hard\libg_nano.a(lib_a-printf.o)
 .ARM.attributes
                0x000007b3       0x32 c:/users/24242/.eide/tools/gcc_arm/bin/../lib/gcc/arm-none-eabi/10.2.1/../../../../arm-none-eabi/lib/thumb/v7e-m+dp/hard\libg_nano.a(lib_a-puts.o)
 .ARM.attributes
                0x000007e5       0x32 c:/users/24242/.eide/tools/gcc_arm/bin/../lib/gcc/arm-none-eabi/10.2.1/../../../../arm-none-eabi/lib/thumb/v7e-m+dp/hard\libg_nano.a(lib_a-wbuf.o)
 .ARM.attributes
                0x00000817       0x32 c:/users/24242/.eide/tools/gcc_arm/bin/../lib/gcc/arm-none-eabi/10.2.1/../../../../arm-none-eabi/lib/thumb/v7e-m+dp/hard\libg_nano.a(lib_a-wsetup.o)
 .ARM.attributes
                0x00000849       0x32 c:/users/24242/.eide/tools/gcc_arm/bin/../lib/gcc/arm-none-eabi/10.2.1/../../../../arm-none-eabi/lib/thumb/v7e-m+dp/hard\libg_nano.a(lib_a-fflush.o)
 .ARM.attributes
                0x0000087b       0x32 c:/users/24242/.eide/tools/gcc_arm/bin/../lib/gcc/arm-none-eabi/10.2.1/../../../../arm-none-eabi/lib/thumb/v7e-m+dp/hard\libg_nano.a(lib_a-findfp.o)
 .ARM.attributes
                0x000008ad       0x32 c:/users/24242/.eide/tools/gcc_arm/bin/../lib/gcc/arm-none-eabi/10.2.1/../../../../arm-none-eabi/lib/thumb/v7e-m+dp/hard\libg_nano.a(lib_a-fwalk.o)
 .ARM.attributes
                0x000008df       0x32 c:/users/24242/.eide/tools/gcc_arm/bin/../lib/gcc/arm-none-eabi/10.2.1/../../../../arm-none-eabi/lib/thumb/v7e-m+dp/hard\libg_nano.a(lib_a-lock.o)
 .ARM.attributes
                0x00000911       0x32 c:/users/24242/.eide/tools/gcc_arm/bin/../lib/gcc/arm-none-eabi/10.2.1/../../../../arm-none-eabi/lib/thumb/v7e-m+dp/hard\libg_nano.a(lib_a-makebuf.o)
 .ARM.attributes
                0x00000943       0x32 c:/users/24242/.eide/tools/gcc_arm/bin/../lib/gcc/arm-none-eabi/10.2.1/../../../../arm-none-eabi/lib/thumb/v7e-m+dp/hard\libg_nano.a(lib_a-nano-freer.o)
 .ARM.attributes
                0x00000975       0x32 c:/users/24242/.eide/tools/gcc_arm/bin/../lib/gcc/arm-none-eabi/10.2.1/../../../../arm-none-eabi/lib/thumb/v7e-m+dp/hard\libg_nano.a(lib_a-nano-mallocr.o)
 .ARM.attributes
                0x000009a7       0x32 c:/users/24242/.eide/tools/gcc_arm/bin/../lib/gcc/arm-none-eabi/10.2.1/../../../../arm-none-eabi/lib/thumb/v7e-m+dp/hard\libg_nano.a(lib_a-nano-vfprintf.o)
 .ARM.attributes
                0x000009d9       0x32 c:/users/24242/.eide/tools/gcc_arm/bin/../lib/gcc/arm-none-eabi/10.2.1/../../../../arm-none-eabi/lib/thumb/v7e-m+dp/hard\libg_nano.a(lib_a-nano-vfprintf_i.o)
 .ARM.attributes
                0x00000a0b       0x32 c:/users/24242/.eide/tools/gcc_arm/bin/../lib/gcc/arm-none-eabi/10.2.1/../../../../arm-none-eabi/lib/thumb/v7e-m+dp/hard\libg_nano.a(lib_a-sbrkr.o)
 .ARM.attributes
                0x00000a3d       0x32 c:/users/24242/.eide/tools/gcc_arm/bin/../lib/gcc/arm-none-eabi/10.2.1/../../../../arm-none-eabi/lib/thumb/v7e-m+dp/hard\libg_nano.a(lib_a-stdio.o)
 .ARM.attributes
                0x00000a6f       0x32 c:/users/24242/.eide/tools/gcc_arm/bin/../lib/gcc/arm-none-eabi/10.2.1/../../../../arm-none-eabi/lib/thumb/v7e-m+dp/hard\libg_nano.a(lib_a-writer.o)
 .ARM.attributes
                0x00000aa1       0x32 c:/users/24242/.eide/tools/gcc_arm/bin/../lib/gcc/arm-none-eabi/10.2.1/../../../../arm-none-eabi/lib/thumb/v7e-m+dp/hard\libg_nano.a(lib_a-closer.o)
 .ARM.attributes
                0x00000ad3       0x32 c:/users/24242/.eide/tools/gcc_arm/bin/../lib/gcc/arm-none-eabi/10.2.1/../../../../arm-none-eabi/lib/thumb/v7e-m+dp/hard\libg_nano.a(lib_a-fstatr.o)
 .ARM.attributes
                0x00000b05       0x32 c:/users/24242/.eide/tools/gcc_arm/bin/../lib/gcc/arm-none-eabi/10.2.1/../../../../arm-none-eabi/lib/thumb/v7e-m+dp/hard\libg_nano.a(lib_a-isattyr.o)
 .ARM.attributes
                0x00000b37       0x32 c:/users/24242/.eide/tools/gcc_arm/bin/../lib/gcc/arm-none-eabi/10.2.1/../../../../arm-none-eabi/lib/thumb/v7e-m+dp/hard\libg_nano.a(lib_a-lseekr.o)
 .ARM.attributes
                0x00000b69       0x1c c:/users/24242/.eide/tools/gcc_arm/bin/../lib/gcc/arm-none-eabi/10.2.1/../../../../arm-none-eabi/lib/thumb/v7e-m+dp/hard\libg_nano.a(lib_a-memchr.o)
 .ARM.attributes
                0x00000b85       0x32 c:/users/24242/.eide/tools/gcc_arm/bin/../lib/gcc/arm-none-eabi/10.2.1/../../../../arm-none-eabi/lib/thumb/v7e-m+dp/hard\libg_nano.a(lib_a-mlock.o)
 .ARM.attributes
                0x00000bb7       0x32 c:/users/24242/.eide/tools/gcc_arm/bin/../lib/gcc/arm-none-eabi/10.2.1/../../../../arm-none-eabi/lib/thumb/v7e-m+dp/hard\libg_nano.a(lib_a-readr.o)
 .ARM.attributes
                0x00000be9       0x32 c:/users/24242/.eide/tools/gcc_arm/bin/../lib/gcc/arm-none-eabi/10.2.1/../../../../arm-none-eabi/lib/thumb/v7e-m+dp/hard\libg_nano.a(lib_a-reent.o)
 .ARM.attributes
                0x00000c1b       0x1e c:/users/24242/.eide/tools/gcc_arm/bin/../lib/gcc/arm-none-eabi/10.2.1/thumb/v7e-m+dp/hard/crtn.o
OUTPUT(h7_Cmake_vs.elf elf32-littlearm)
LOAD linker stubs
LOAD c:/users/24242/.eide/tools/gcc_arm/bin/../lib/gcc/arm-none-eabi/10.2.1/../../../../arm-none-eabi/lib/thumb/v7e-m+dp/hard\libc.a
LOAD c:/users/24242/.eide/tools/gcc_arm/bin/../lib/gcc/arm-none-eabi/10.2.1/../../../../arm-none-eabi/lib/thumb/v7e-m+dp/hard\libm.a
LOAD c:/users/24242/.eide/tools/gcc_arm/bin/../lib/gcc/arm-none-eabi/10.2.1/thumb/v7e-m+dp/hard\libgcc.a

.debug_frame    0x00000000     0x701c
 .debug_frame   0x00000000       0x2c c:/users/24242/.eide/tools/gcc_arm/bin/../lib/gcc/arm-none-eabi/10.2.1/../../../../arm-none-eabi/lib/thumb/v7e-m+dp/hard\libc_nano.a(lib_a-init.o)
 .debug_frame   0x0000002c       0x20 c:/users/24242/.eide/tools/gcc_arm/bin/../lib/gcc/arm-none-eabi/10.2.1/../../../../arm-none-eabi/lib/thumb/v7e-m+dp/hard\libc_nano.a(lib_a-memset.o)
 .debug_frame   0x0000004c       0x5c CMakeFiles/h7_Cmake_vs.dir/Core/Src/system/system_config.c.obj
 .debug_frame   0x000000a8       0xbc CMakeFiles/h7_Cmake_vs.dir/Core/Src/main.c.obj
 .debug_frame   0x00000164       0x34 CMakeFiles/h7_Cmake_vs.dir/Core/Src/gpio.c.obj
 .debug_frame   0x00000198       0x80 CMakeFiles/h7_Cmake_vs.dir/Core/Src/adc.c.obj
 .debug_frame   0x00000218       0x34 CMakeFiles/h7_Cmake_vs.dir/Core/Src/dma.c.obj
 .debug_frame   0x0000024c       0x7c CMakeFiles/h7_Cmake_vs.dir/Core/Src/dma2d.c.obj
 .debug_frame   0x000002c8       0x78 CMakeFiles/h7_Cmake_vs.dir/Core/Src/rtc.c.obj
 .debug_frame   0x00000340      0x140 CMakeFiles/h7_Cmake_vs.dir/Core/Src/tim.c.obj
 .debug_frame   0x00000480       0x78 CMakeFiles/h7_Cmake_vs.dir/Core/Src/usart.c.obj
 .debug_frame   0x000004f8      0x120 CMakeFiles/h7_Cmake_vs.dir/Core/Src/stm32h7xx_it.c.obj
 .debug_frame   0x00000618       0x38 CMakeFiles/h7_Cmake_vs.dir/Core/Src/stm32h7xx_hal_msp.c.obj
 .debug_frame   0x00000650      0xa28 CMakeFiles/h7_Cmake_vs.dir/Drivers/STM32H7xx_HAL_Driver/Src/stm32h7xx_hal_adc.c.obj
 .debug_frame   0x00001078      0x88c CMakeFiles/h7_Cmake_vs.dir/Drivers/STM32H7xx_HAL_Driver/Src/stm32h7xx_hal_adc_ex.c.obj
 .debug_frame   0x00001904      0x1f8 CMakeFiles/h7_Cmake_vs.dir/Drivers/STM32H7xx_HAL_Driver/Src/stm32h7xx_hal_rcc.c.obj
 .debug_frame   0x00001afc      0x414 CMakeFiles/h7_Cmake_vs.dir/Drivers/STM32H7xx_HAL_Driver/Src/stm32h7xx_hal_rcc_ex.c.obj
 .debug_frame   0x00001f10      0x14c CMakeFiles/h7_Cmake_vs.dir/Drivers/STM32H7xx_HAL_Driver/Src/stm32h7xx_hal_gpio.c.obj
 .debug_frame   0x0000205c      0x2b4 CMakeFiles/h7_Cmake_vs.dir/Drivers/STM32H7xx_HAL_Driver/Src/stm32h7xx_hal_dma.c.obj
 .debug_frame   0x00002310      0x254 CMakeFiles/h7_Cmake_vs.dir/Drivers/STM32H7xx_HAL_Driver/Src/stm32h7xx_hal_pwr.c.obj
 .debug_frame   0x00002564      0x580 CMakeFiles/h7_Cmake_vs.dir/Drivers/STM32H7xx_HAL_Driver/Src/stm32h7xx_hal_pwr_ex.c.obj
 .debug_frame   0x00002ae4      0x4b8 CMakeFiles/h7_Cmake_vs.dir/Drivers/STM32H7xx_HAL_Driver/Src/stm32h7xx_hal_cortex.c.obj
 .debug_frame   0x00002f9c      0x690 CMakeFiles/h7_Cmake_vs.dir/Drivers/STM32H7xx_HAL_Driver/Src/stm32h7xx_hal.c.obj
 .debug_frame   0x0000362c      0x4e8 CMakeFiles/h7_Cmake_vs.dir/Drivers/STM32H7xx_HAL_Driver/Src/stm32h7xx_hal_dma2d.c.obj
 .debug_frame   0x00003b14      0x32c CMakeFiles/h7_Cmake_vs.dir/Drivers/STM32H7xx_HAL_Driver/Src/stm32h7xx_hal_rtc.c.obj
 .debug_frame   0x00003e40     0x121c CMakeFiles/h7_Cmake_vs.dir/Drivers/STM32H7xx_HAL_Driver/Src/stm32h7xx_hal_tim.c.obj
 .debug_frame   0x0000505c      0x6d8 CMakeFiles/h7_Cmake_vs.dir/Drivers/STM32H7xx_HAL_Driver/Src/stm32h7xx_hal_tim_ex.c.obj
 .debug_frame   0x00005734      0xa94 CMakeFiles/h7_Cmake_vs.dir/Drivers/STM32H7xx_HAL_Driver/Src/stm32h7xx_hal_uart.c.obj
 .debug_frame   0x000061c8      0x2c0 CMakeFiles/h7_Cmake_vs.dir/Drivers/STM32H7xx_HAL_Driver/Src/stm32h7xx_hal_uart_ex.c.obj
 .debug_frame   0x00006488       0x58 CMakeFiles/h7_Cmake_vs.dir/Core/Src/system_stm32h7xx.c.obj
 .debug_frame   0x000064e0       0x34 CMakeFiles/h7_Cmake_vs.dir/Core/Src/sysmem.c.obj
 .debug_frame   0x00006514      0x2ac CMakeFiles/h7_Cmake_vs.dir/Core/Src/syscalls.c.obj
 .debug_frame   0x000067c0       0x2c c:/users/24242/.eide/tools/gcc_arm/bin/../lib/gcc/arm-none-eabi/10.2.1/thumb/v7e-m+dp/hard\libgcc.a(_aeabi_uldivmod.o)
 .debug_frame   0x000067ec       0x34 c:/users/24242/.eide/tools/gcc_arm/bin/../lib/gcc/arm-none-eabi/10.2.1/thumb/v7e-m+dp/hard\libgcc.a(_udivmoddi4.o)
 .debug_frame   0x00006820       0x20 c:/users/24242/.eide/tools/gcc_arm/bin/../lib/gcc/arm-none-eabi/10.2.1/../../../../arm-none-eabi/lib/thumb/v7e-m+dp/hard\libg_nano.a(lib_a-errno.o)
 .debug_frame   0x00006840       0x74 c:/users/24242/.eide/tools/gcc_arm/bin/../lib/gcc/arm-none-eabi/10.2.1/../../../../arm-none-eabi/lib/thumb/v7e-m+dp/hard\libg_nano.a(lib_a-printf.o)
 .debug_frame   0x000068b4       0x3c c:/users/24242/.eide/tools/gcc_arm/bin/../lib/gcc/arm-none-eabi/10.2.1/../../../../arm-none-eabi/lib/thumb/v7e-m+dp/hard\libg_nano.a(lib_a-puts.o)
 .debug_frame   0x000068f0       0x40 c:/users/24242/.eide/tools/gcc_arm/bin/../lib/gcc/arm-none-eabi/10.2.1/../../../../arm-none-eabi/lib/thumb/v7e-m+dp/hard\libg_nano.a(lib_a-wbuf.o)
 .debug_frame   0x00006930       0x2c c:/users/24242/.eide/tools/gcc_arm/bin/../lib/gcc/arm-none-eabi/10.2.1/../../../../arm-none-eabi/lib/thumb/v7e-m+dp/hard\libg_nano.a(lib_a-wsetup.o)
 .debug_frame   0x0000695c       0x5c c:/users/24242/.eide/tools/gcc_arm/bin/../lib/gcc/arm-none-eabi/10.2.1/../../../../arm-none-eabi/lib/thumb/v7e-m+dp/hard\libg_nano.a(lib_a-fflush.o)
 .debug_frame   0x000069b8      0x14c c:/users/24242/.eide/tools/gcc_arm/bin/../lib/gcc/arm-none-eabi/10.2.1/../../../../arm-none-eabi/lib/thumb/v7e-m+dp/hard\libg_nano.a(lib_a-findfp.o)
 .debug_frame   0x00006b04       0x54 c:/users/24242/.eide/tools/gcc_arm/bin/../lib/gcc/arm-none-eabi/10.2.1/../../../../arm-none-eabi/lib/thumb/v7e-m+dp/hard\libg_nano.a(lib_a-fwalk.o)
 .debug_frame   0x00006b58       0xb0 c:/users/24242/.eide/tools/gcc_arm/bin/../lib/gcc/arm-none-eabi/10.2.1/../../../../arm-none-eabi/lib/thumb/v7e-m+dp/hard\libg_nano.a(lib_a-lock.o)
 .debug_frame   0x00006c08       0x58 c:/users/24242/.eide/tools/gcc_arm/bin/../lib/gcc/arm-none-eabi/10.2.1/../../../../arm-none-eabi/lib/thumb/v7e-m+dp/hard\libg_nano.a(lib_a-makebuf.o)
 .debug_frame   0x00006c60       0x38 c:/users/24242/.eide/tools/gcc_arm/bin/../lib/gcc/arm-none-eabi/10.2.1/../../../../arm-none-eabi/lib/thumb/v7e-m+dp/hard\libg_nano.a(lib_a-nano-freer.o)
 .debug_frame   0x00006c98       0x30 c:/users/24242/.eide/tools/gcc_arm/bin/../lib/gcc/arm-none-eabi/10.2.1/../../../../arm-none-eabi/lib/thumb/v7e-m+dp/hard\libg_nano.a(lib_a-nano-mallocr.o)
 .debug_frame   0x00006cc8       0xac c:/users/24242/.eide/tools/gcc_arm/bin/../lib/gcc/arm-none-eabi/10.2.1/../../../../arm-none-eabi/lib/thumb/v7e-m+dp/hard\libg_nano.a(lib_a-nano-vfprintf.o)
 .debug_frame   0x00006d74       0x60 c:/users/24242/.eide/tools/gcc_arm/bin/../lib/gcc/arm-none-eabi/10.2.1/../../../../arm-none-eabi/lib/thumb/v7e-m+dp/hard\libg_nano.a(lib_a-nano-vfprintf_i.o)
 .debug_frame   0x00006dd4       0x2c c:/users/24242/.eide/tools/gcc_arm/bin/../lib/gcc/arm-none-eabi/10.2.1/../../../../arm-none-eabi/lib/thumb/v7e-m+dp/hard\libg_nano.a(lib_a-sbrkr.o)
 .debug_frame   0x00006e00       0x88 c:/users/24242/.eide/tools/gcc_arm/bin/../lib/gcc/arm-none-eabi/10.2.1/../../../../arm-none-eabi/lib/thumb/v7e-m+dp/hard\libg_nano.a(lib_a-stdio.o)
 .debug_frame   0x00006e88       0x2c c:/users/24242/.eide/tools/gcc_arm/bin/../lib/gcc/arm-none-eabi/10.2.1/../../../../arm-none-eabi/lib/thumb/v7e-m+dp/hard\libg_nano.a(lib_a-writer.o)
 .debug_frame   0x00006eb4       0x2c c:/users/24242/.eide/tools/gcc_arm/bin/../lib/gcc/arm-none-eabi/10.2.1/../../../../arm-none-eabi/lib/thumb/v7e-m+dp/hard\libg_nano.a(lib_a-closer.o)
 .debug_frame   0x00006ee0       0x2c c:/users/24242/.eide/tools/gcc_arm/bin/../lib/gcc/arm-none-eabi/10.2.1/../../../../arm-none-eabi/lib/thumb/v7e-m+dp/hard\libg_nano.a(lib_a-fstatr.o)
 .debug_frame   0x00006f0c       0x2c c:/users/24242/.eide/tools/gcc_arm/bin/../lib/gcc/arm-none-eabi/10.2.1/../../../../arm-none-eabi/lib/thumb/v7e-m+dp/hard\libg_nano.a(lib_a-isattyr.o)
 .debug_frame   0x00006f38       0x2c c:/users/24242/.eide/tools/gcc_arm/bin/../lib/gcc/arm-none-eabi/10.2.1/../../../../arm-none-eabi/lib/thumb/v7e-m+dp/hard\libg_nano.a(lib_a-lseekr.o)
 .debug_frame   0x00006f64       0x30 c:/users/24242/.eide/tools/gcc_arm/bin/../lib/gcc/arm-none-eabi/10.2.1/../../../../arm-none-eabi/lib/thumb/v7e-m+dp/hard\libg_nano.a(lib_a-mlock.o)
 .debug_frame   0x00006f94       0x2c c:/users/24242/.eide/tools/gcc_arm/bin/../lib/gcc/arm-none-eabi/10.2.1/../../../../arm-none-eabi/lib/thumb/v7e-m+dp/hard\libg_nano.a(lib_a-readr.o)
 .debug_frame   0x00006fc0       0x5c c:/users/24242/.eide/tools/gcc_arm/bin/../lib/gcc/arm-none-eabi/10.2.1/../../../../arm-none-eabi/lib/thumb/v7e-m+dp/hard\libg_nano.a(lib_a-reent.o)

.debug_info     0x00000000    0x2141e
 .debug_info    0x00000000      0xa71 CMakeFiles/h7_Cmake_vs.dir/Core/Src/system/system_config.c.obj
 .debug_info    0x00000a71     0x1806 CMakeFiles/h7_Cmake_vs.dir/Core/Src/main.c.obj
 .debug_info    0x00002277      0x65c CMakeFiles/h7_Cmake_vs.dir/Core/Src/gpio.c.obj
 .debug_info    0x000028d3     0x121c CMakeFiles/h7_Cmake_vs.dir/Core/Src/adc.c.obj
 .debug_info    0x00003aef      0x82b CMakeFiles/h7_Cmake_vs.dir/Core/Src/dma.c.obj
 .debug_info    0x0000431a      0x8b3 CMakeFiles/h7_Cmake_vs.dir/Core/Src/dma2d.c.obj
 .debug_info    0x00004bcd      0xc1f CMakeFiles/h7_Cmake_vs.dir/Core/Src/rtc.c.obj
 .debug_info    0x000057ec      0xfe4 CMakeFiles/h7_Cmake_vs.dir/Core/Src/tim.c.obj
 .debug_info    0x000067d0     0x103c CMakeFiles/h7_Cmake_vs.dir/Core/Src/usart.c.obj
 .debug_info    0x0000780c      0x483 CMakeFiles/h7_Cmake_vs.dir/Core/Src/stm32h7xx_it.c.obj
 .debug_info    0x00007c8f      0x4a4 CMakeFiles/h7_Cmake_vs.dir/Core/Src/stm32h7xx_hal_msp.c.obj
 .debug_info    0x00008133     0x1eda CMakeFiles/h7_Cmake_vs.dir/Drivers/STM32H7xx_HAL_Driver/Src/stm32h7xx_hal_adc.c.obj
 .debug_info    0x0000a00d     0x2002 CMakeFiles/h7_Cmake_vs.dir/Drivers/STM32H7xx_HAL_Driver/Src/stm32h7xx_hal_adc_ex.c.obj
 .debug_info    0x0000c00f      0xef6 CMakeFiles/h7_Cmake_vs.dir/Drivers/STM32H7xx_HAL_Driver/Src/stm32h7xx_hal_rcc.c.obj
 .debug_info    0x0000cf05     0x1298 CMakeFiles/h7_Cmake_vs.dir/Drivers/STM32H7xx_HAL_Driver/Src/stm32h7xx_hal_rcc_ex.c.obj
 .debug_info    0x0000e19d      0xd28 CMakeFiles/h7_Cmake_vs.dir/Drivers/STM32H7xx_HAL_Driver/Src/stm32h7xx_hal_gpio.c.obj
 .debug_info    0x0000eec5      0xcc8 CMakeFiles/h7_Cmake_vs.dir/Drivers/STM32H7xx_HAL_Driver/Src/stm32h7xx_hal_dma.c.obj
 .debug_info    0x0000fb8d      0x961 CMakeFiles/h7_Cmake_vs.dir/Drivers/STM32H7xx_HAL_Driver/Src/stm32h7xx_hal_pwr.c.obj
 .debug_info    0x000104ee     0x1087 CMakeFiles/h7_Cmake_vs.dir/Drivers/STM32H7xx_HAL_Driver/Src/stm32h7xx_hal_pwr_ex.c.obj
 .debug_info    0x00011575     0x116d CMakeFiles/h7_Cmake_vs.dir/Drivers/STM32H7xx_HAL_Driver/Src/stm32h7xx_hal_cortex.c.obj
 .debug_info    0x000126e2     0x1577 CMakeFiles/h7_Cmake_vs.dir/Drivers/STM32H7xx_HAL_Driver/Src/stm32h7xx_hal.c.obj
 .debug_info    0x00013c59     0x11c2 CMakeFiles/h7_Cmake_vs.dir/Drivers/STM32H7xx_HAL_Driver/Src/stm32h7xx_hal_dma2d.c.obj
 .debug_info    0x00014e1b      0xf29 CMakeFiles/h7_Cmake_vs.dir/Drivers/STM32H7xx_HAL_Driver/Src/stm32h7xx_hal_rtc.c.obj
 .debug_info    0x00015d44     0x2d69 CMakeFiles/h7_Cmake_vs.dir/Drivers/STM32H7xx_HAL_Driver/Src/stm32h7xx_hal_tim.c.obj
 .debug_info    0x00018aad     0x17f4 CMakeFiles/h7_Cmake_vs.dir/Drivers/STM32H7xx_HAL_Driver/Src/stm32h7xx_hal_tim_ex.c.obj
 .debug_info    0x0001a2a1     0x4cc3 CMakeFiles/h7_Cmake_vs.dir/Drivers/STM32H7xx_HAL_Driver/Src/stm32h7xx_hal_uart.c.obj
 .debug_info    0x0001ef64      0xf80 CMakeFiles/h7_Cmake_vs.dir/Drivers/STM32H7xx_HAL_Driver/Src/stm32h7xx_hal_uart_ex.c.obj
 .debug_info    0x0001fee4      0xd07 CMakeFiles/h7_Cmake_vs.dir/Core/Src/system_stm32h7xx.c.obj
 .debug_info    0x00020beb      0x15f CMakeFiles/h7_Cmake_vs.dir/Core/Src/sysmem.c.obj
 .debug_info    0x00020d4a      0x6b2 CMakeFiles/h7_Cmake_vs.dir/Core/Src/syscalls.c.obj
 .debug_info    0x000213fc       0x22 CMakeFiles/h7_Cmake_vs.dir/startup_stm32h743xx.s.obj

.debug_abbrev   0x00000000     0x399b
 .debug_abbrev  0x00000000      0x16e CMakeFiles/h7_Cmake_vs.dir/Core/Src/system/system_config.c.obj
 .debug_abbrev  0x0000016e      0x2d3 CMakeFiles/h7_Cmake_vs.dir/Core/Src/main.c.obj
 .debug_abbrev  0x00000441      0x141 CMakeFiles/h7_Cmake_vs.dir/Core/Src/gpio.c.obj
 .debug_abbrev  0x00000582      0x1d4 CMakeFiles/h7_Cmake_vs.dir/Core/Src/adc.c.obj
 .debug_abbrev  0x00000756       0xff CMakeFiles/h7_Cmake_vs.dir/Core/Src/dma.c.obj
 .debug_abbrev  0x00000855      0x18f CMakeFiles/h7_Cmake_vs.dir/Core/Src/dma2d.c.obj
 .debug_abbrev  0x000009e4      0x190 CMakeFiles/h7_Cmake_vs.dir/Core/Src/rtc.c.obj
 .debug_abbrev  0x00000b74      0x1f0 CMakeFiles/h7_Cmake_vs.dir/Core/Src/tim.c.obj
 .debug_abbrev  0x00000d64      0x1c8 CMakeFiles/h7_Cmake_vs.dir/Core/Src/usart.c.obj
 .debug_abbrev  0x00000f2c      0x137 CMakeFiles/h7_Cmake_vs.dir/Core/Src/stm32h7xx_it.c.obj
 .debug_abbrev  0x00001063       0xda CMakeFiles/h7_Cmake_vs.dir/Core/Src/stm32h7xx_hal_msp.c.obj
 .debug_abbrev  0x0000113d      0x27e CMakeFiles/h7_Cmake_vs.dir/Drivers/STM32H7xx_HAL_Driver/Src/stm32h7xx_hal_adc.c.obj
 .debug_abbrev  0x000013bb      0x2c4 CMakeFiles/h7_Cmake_vs.dir/Drivers/STM32H7xx_HAL_Driver/Src/stm32h7xx_hal_adc_ex.c.obj
 .debug_abbrev  0x0000167f      0x270 CMakeFiles/h7_Cmake_vs.dir/Drivers/STM32H7xx_HAL_Driver/Src/stm32h7xx_hal_rcc.c.obj
 .debug_abbrev  0x000018ef      0x247 CMakeFiles/h7_Cmake_vs.dir/Drivers/STM32H7xx_HAL_Driver/Src/stm32h7xx_hal_rcc_ex.c.obj
 .debug_abbrev  0x00001b36      0x1ec CMakeFiles/h7_Cmake_vs.dir/Drivers/STM32H7xx_HAL_Driver/Src/stm32h7xx_hal_gpio.c.obj
 .debug_abbrev  0x00001d22      0x224 CMakeFiles/h7_Cmake_vs.dir/Drivers/STM32H7xx_HAL_Driver/Src/stm32h7xx_hal_dma.c.obj
 .debug_abbrev  0x00001f46      0x182 CMakeFiles/h7_Cmake_vs.dir/Drivers/STM32H7xx_HAL_Driver/Src/stm32h7xx_hal_pwr.c.obj
 .debug_abbrev  0x000020c8      0x267 CMakeFiles/h7_Cmake_vs.dir/Drivers/STM32H7xx_HAL_Driver/Src/stm32h7xx_hal_pwr_ex.c.obj
 .debug_abbrev  0x0000232f      0x329 CMakeFiles/h7_Cmake_vs.dir/Drivers/STM32H7xx_HAL_Driver/Src/stm32h7xx_hal_cortex.c.obj
 .debug_abbrev  0x00002658      0x241 CMakeFiles/h7_Cmake_vs.dir/Drivers/STM32H7xx_HAL_Driver/Src/stm32h7xx_hal.c.obj
 .debug_abbrev  0x00002899      0x201 CMakeFiles/h7_Cmake_vs.dir/Drivers/STM32H7xx_HAL_Driver/Src/stm32h7xx_hal_dma2d.c.obj
 .debug_abbrev  0x00002a9a      0x1bf CMakeFiles/h7_Cmake_vs.dir/Drivers/STM32H7xx_HAL_Driver/Src/stm32h7xx_hal_rtc.c.obj
 .debug_abbrev  0x00002c59      0x238 CMakeFiles/h7_Cmake_vs.dir/Drivers/STM32H7xx_HAL_Driver/Src/stm32h7xx_hal_tim.c.obj
 .debug_abbrev  0x00002e91      0x240 CMakeFiles/h7_Cmake_vs.dir/Drivers/STM32H7xx_HAL_Driver/Src/stm32h7xx_hal_tim_ex.c.obj
 .debug_abbrev  0x000030d1      0x2cf CMakeFiles/h7_Cmake_vs.dir/Drivers/STM32H7xx_HAL_Driver/Src/stm32h7xx_hal_uart.c.obj
 .debug_abbrev  0x000033a0      0x27c CMakeFiles/h7_Cmake_vs.dir/Drivers/STM32H7xx_HAL_Driver/Src/stm32h7xx_hal_uart_ex.c.obj
 .debug_abbrev  0x0000361c      0x147 CMakeFiles/h7_Cmake_vs.dir/Core/Src/system_stm32h7xx.c.obj
 .debug_abbrev  0x00003763       0xa6 CMakeFiles/h7_Cmake_vs.dir/Core/Src/sysmem.c.obj
 .debug_abbrev  0x00003809      0x180 CMakeFiles/h7_Cmake_vs.dir/Core/Src/syscalls.c.obj
 .debug_abbrev  0x00003989       0x12 CMakeFiles/h7_Cmake_vs.dir/startup_stm32h743xx.s.obj

.debug_aranges  0x00000000     0x18b8
 .debug_aranges