Archive member included to satisfy reference by file (symbol)

C:/Program Files (x86)/Arm/GNU Toolchain mingw-w64-i686-arm-none-eabi/bin/../lib/gcc/arm-none-eabi/15.2.1/../../../../arm-none-eabi/lib/thumb/v7e-m+dp/hard\libc_nano.a(libc_a-exit.o)
                              C:/Program Files (x86)/Arm/GNU Toolchain mingw-w64-i686-arm-none-eabi/bin/../lib/gcc/arm-none-eabi/15.2.1/../../../../arm-none-eabi/lib/thumb/v7e-m+dp/hard/crt0.o (exit)
C:/Program Files (x86)/Arm/GNU Toolchain mingw-w64-i686-arm-none-eabi/bin/../lib/gcc/arm-none-eabi/15.2.1/../../../../arm-none-eabi/lib/thumb/v7e-m+dp/hard\libc_nano.a(libc_a-nano-vfprintf_float.o)
                              (_printf_float)
C:/Program Files (x86)/Arm/GNU Toolchain mingw-w64-i686-arm-none-eabi/bin/../lib/gcc/arm-none-eabi/15.2.1/../../../../arm-none-eabi/lib/thumb/v7e-m+dp/hard\libc_nano.a(libc_a-nano-vfprintf_i.o)
                              C:/Program Files (x86)/Arm/GNU Toolchain mingw-w64-i686-arm-none-eabi/bin/../lib/gcc/arm-none-eabi/15.2.1/../../../../arm-none-eabi/lib/thumb/v7e-m+dp/hard\libc_nano.a(libc_a-nano-vfprintf_float.o) (_printf_common)
C:/Program Files (x86)/Arm/GNU Toolchain mingw-w64-i686-arm-none-eabi/bin/../lib/gcc/arm-none-eabi/15.2.1/../../../../arm-none-eabi/lib/thumb/v7e-m+dp/hard\libc_nano.a(libc_a-findfp.o)
                              C:/Program Files (x86)/Arm/GNU Toolchain mingw-w64-i686-arm-none-eabi/bin/../lib/gcc/arm-none-eabi/15.2.1/../../../../arm-none-eabi/lib/thumb/v7e-m+dp/hard\libc_nano.a(libc_a-exit.o) (__stdio_exit_handler)
C:/Program Files (x86)/Arm/GNU Toolchain mingw-w64-i686-arm-none-eabi/bin/../lib/gcc/arm-none-eabi/15.2.1/../../../../arm-none-eabi/lib/thumb/v7e-m+dp/hard\libc_nano.a(libc_a-fwalk.o)
                              C:/Program Files (x86)/Arm/GNU Toolchain mingw-w64-i686-arm-none-eabi/bin/../lib/gcc/arm-none-eabi/15.2.1/../../../../arm-none-eabi/lib/thumb/v7e-m+dp/hard\libc_nano.a(libc_a-findfp.o) (_fwalk_sglue)
C:/Program Files (x86)/Arm/GNU Toolchain mingw-w64-i686-arm-none-eabi/bin/../lib/gcc/arm-none-eabi/15.2.1/../../../../arm-none-eabi/lib/thumb/v7e-m+dp/hard\libc_nano.a(libc_a-stdio.o)
                              C:/Program Files (x86)/Arm/GNU Toolchain mingw-w64-i686-arm-none-eabi/bin/../lib/gcc/arm-none-eabi/15.2.1/../../../../arm-none-eabi/lib/thumb/v7e-m+dp/hard\libc_nano.a(libc_a-findfp.o) (__sread)
C:/Program Files (x86)/Arm/GNU Toolchain mingw-w64-i686-arm-none-eabi/bin/../lib/gcc/arm-none-eabi/15.2.1/../../../../arm-none-eabi/lib/thumb/v7e-m+dp/hard\libc_nano.a(libc_a-memset.o)
                              C:/Program Files (x86)/Arm/GNU Toolchain mingw-w64-i686-arm-none-eabi/bin/../lib/gcc/arm-none-eabi/15.2.1/../../../../arm-none-eabi/lib/thumb/v7e-m+dp/hard/crt0.o (memset)
C:/Program Files (x86)/Arm/GNU Toolchain mingw-w64-i686-arm-none-eabi/bin/../lib/gcc/arm-none-eabi/15.2.1/../../../../arm-none-eabi/lib/thumb/v7e-m+dp/hard\libc_nano.a(libc_a-localeconv.o)
                              C:/Program Files (x86)/Arm/GNU Toolchain mingw-w64-i686-arm-none-eabi/bin/../lib/gcc/arm-none-eabi/15.2.1/../../../../arm-none-eabi/lib/thumb/v7e-m+dp/hard\libc_nano.a(libc_a-nano-vfprintf_float.o) (_localeconv_r)
C:/Program Files (x86)/Arm/GNU Toolchain mingw-w64-i686-arm-none-eabi/bin/../lib/gcc/arm-none-eabi/15.2.1/../../../../arm-none-eabi/lib/thumb/v7e-m+dp/hard\libc_nano.a(libc_a-closer.o)
                              C:/Program Files (x86)/Arm/GNU Toolchain mingw-w64-i686-arm-none-eabi/bin/../lib/gcc/arm-none-eabi/15.2.1/../../../../arm-none-eabi/lib/thumb/v7e-m+dp/hard\libc_nano.a(libc_a-stdio.o) (_close_r)
C:/Program Files (x86)/Arm/GNU Toolchain mingw-w64-i686-arm-none-eabi/bin/../lib/gcc/arm-none-eabi/15.2.1/../../../../arm-none-eabi/lib/thumb/v7e-m+dp/hard\libc_nano.a(libc_a-reent.o)
                              C:/Program Files (x86)/Arm/GNU Toolchain mingw-w64-i686-arm-none-eabi/bin/../lib/gcc/arm-none-eabi/15.2.1/../../../../arm-none-eabi/lib/thumb/v7e-m+dp/hard\libc_nano.a(libc_a-closer.o) (errno)
C:/Program Files (x86)/Arm/GNU Toolchain mingw-w64-i686-arm-none-eabi/bin/../lib/gcc/arm-none-eabi/15.2.1/../../../../arm-none-eabi/lib/thumb/v7e-m+dp/hard\libc_nano.a(libc_a-impure.o)
                              C:/Program Files (x86)/Arm/GNU Toolchain mingw-w64-i686-arm-none-eabi/bin/../lib/gcc/arm-none-eabi/15.2.1/../../../../arm-none-eabi/lib/thumb/v7e-m+dp/hard\libc_nano.a(libc_a-reent.o) (_impure_ptr)
C:/Program Files (x86)/Arm/GNU Toolchain mingw-w64-i686-arm-none-eabi/bin/../lib/gcc/arm-none-eabi/15.2.1/../../../../arm-none-eabi/lib/thumb/v7e-m+dp/hard\libc_nano.a(libc_a-lseekr.o)
                              C:/Program Files (x86)/Arm/GNU Toolchain mingw-w64-i686-arm-none-eabi/bin/../lib/gcc/arm-none-eabi/15.2.1/../../../../arm-none-eabi/lib/thumb/v7e-m+dp/hard\libc_nano.a(libc_a-stdio.o) (_lseek_r)
[...]
Memory Configuration

Name             Origin             Length             Attributes
DTCMRAM          0x20000000         0x00020000         xrw
RAM_D1           0x24000000         0x00080000         xrw
RAM_D2           0x30000000         0x00048000         xrw
RAM_D3           0x38000000         0x00010000         xrw
ITCMRAM          0x00000000         0x00010000         xrw
FLASH            0x08000000         0x00200000         xr
*default*        0x00000000         0xffffffff

Linker script and memory map

LOAD C:/Program Files (x86)/Arm/GNU Toolchain mingw-w64-i686-arm-none-eabi/bin/../lib/gcc/arm-none-eabi/15.2.1/thumb/v7e-m+dp/hard/crti.o
LOAD C:/Program Files (x86)/Arm/GNU Toolchain mingw-w64-i686-arm-none-eabi/bin/../lib/gcc/arm-none-eabi/15.2.1/thumb/v7e-m+dp/hard/crtbegin.o
LOAD C:/Program Files (x86)/Arm/GNU Toolchain mingw-w64-i686-arm-none-eabi/bin/../lib/gcc/arm-none-eabi/15.2.1/../../../../arm-none-eabi/lib/thumb/v7e-m+dp/hard/crt0.o
START GROUP
LOAD C:/Program Files (x86)/Arm/GNU Toolchain mingw-w64-i686-arm-none-eabi/bin/../lib/gcc/arm-none-eabi/15.2.1/../../../../arm-none-eabi/lib/thumb/v7e-m+dp/hard\libc_nano.a
LOAD C:/Program Files (x86)/Arm/GNU Toolchain mingw-w64-i686-arm-none-eabi/bin/../lib/gcc/arm-none-eabi/15.2.1/../../../../arm-none-eabi/lib/thumb/v7e-m+dp/hard\libm.a
END GROUP
LOAD CMakeFiles/h7_Cmake_vs.dir/Core/Src/system/system_config.c.obj
LOAD CMakeFiles/h7_Cmake_vs.dir/Core/Src/audio_io.c.obj
LOAD CMakeFiles/h7_Cmake_vs.dir/Core/Src/tdoa_ncc.c.obj
LOAD CMakeFiles/h7_Cmake_vs.dir/Core/Src/doa.c.obj
LOAD CMakeFiles/h7_Cmake_vs.dir/Core/Src/servo.c.obj
LOAD CMakeFiles/h7_Cmake_vs.dir/Core/Src/app.c.obj
LOAD CMakeFiles/h7_Cmake_vs.dir/Core/Src/main.c.obj
LOAD CMakeFiles/h7_Cmake_vs.dir/Core/Src/gpio.c.obj
LOAD CMakeFiles/h7_Cmake_vs.dir/Core/Src/adc.c.obj
LOAD CMakeFiles/h7_Cmake_vs.dir/Core/Src/dma.c.obj
LOAD CMakeFiles/h7_Cmake_vs.dir/Core/Src/dma2d.c.obj
LOAD CMakeFiles/h7_Cmake_vs.dir/Core/Src/tim.c.obj
LOAD CMakeFiles/h7_Cmake_vs.dir/Core/Src/usart.c.obj
LOAD CMakeFiles/h7_Cmake_vs.dir/Core/Src/stm32h7xx_it.c.obj
LOAD CMakeFiles/h7_Cmake_vs.dir/Core/Src/stm32h7xx_hal_msp.c.obj
LOAD CMakeFiles/h7_Cmake_vs.dir/Drivers/STM32H7xx_HAL_Driver/Src/stm32h7xx_hal_adc.c.obj
LOAD CMakeFiles/h7_Cmake_vs.dir/Drivers/STM32H7xx_HAL_Driver/Src/stm32h7xx_hal_adc_ex.c.obj
LOAD CMakeFiles/h7_Cmake_vs.dir/Drivers/STM32H7xx_HAL_Driver/Src/stm32h7xx_hal_rcc.c.obj
LOAD CMakeFiles/h7_Cmake_vs.dir/Drivers/STM32H7xx_HAL_Driver/Src/stm32h7xx_hal_rcc_ex.c.obj
LOAD CMakeFiles/h7_Cmake_vs.dir/Drivers/STM32H7xx_HAL_Driver/Src/stm32h7xx_hal_flash.c.obj
LOAD CMakeFiles/h7_Cmake_vs.dir/Drivers/STM32H7xx_HAL_Driver/Src/stm32h7xx_hal_flash_ex.c.obj
LOAD CMakeFiles/h7_Cmake_vs.dir/Drivers/STM32H7xx_HAL_Driver/Src/stm32h7xx_hal_gpio.c.obj
LOAD CMakeFiles/h7_Cmake_vs.dir/Drivers/STM32H7xx_HAL_Driver/Src/stm32h7xx_hal_hsem.c.obj
LOAD CMakeFiles/h7_Cmake_vs.dir/Drivers/STM32H7xx_HAL_Driver/Src/stm32h7xx_hal_dma.c.obj
LOAD CMakeFiles/h7_Cmake_vs.dir/Drivers/STM32H7xx_HAL_Driver/Src/stm32h7xx_hal_dma_ex.c.obj
LOAD CMakeFiles/h7_Cmake_vs.dir/Drivers/STM32H7xx_HAL_Driver/Src/stm32h7xx_hal_mdma.c.obj
LOAD CMakeFiles/h7_Cmake_vs.dir/Drivers/STM32H7xx_HAL_Driver/Src/stm32h7xx_hal_pwr.c.obj
LOAD CMakeFiles/h7_Cmake_vs.dir/Drivers/STM32H7xx_HAL_Driver/Src/stm32h7xx_hal_pwr_ex.c.obj
LOAD CMakeFiles/h7_Cmake_vs.dir/Drivers/STM32H7xx_HAL_Driver/Src/stm32h7xx_hal_cortex.c.obj
LOAD CMakeFiles/h7_Cmake_vs.dir/Drivers/STM32H7xx_HAL_Driver/Src/stm32h7xx_hal.c.obj
LOAD CMakeFiles/h7_Cmake_vs.dir/Drivers/STM32H7xx_HAL_Driver/Src/stm32h7xx_hal_i2c.c.obj
LOAD CMakeFiles/h7_Cmake_vs.dir/Drivers/STM32H7xx_HAL_Driver/Src/stm32h7xx_hal_i2c_ex.c.obj
LOAD CMakeFiles/h7_Cmake_vs.dir/Drivers/STM32H7xx_HAL_Driver/Src/stm32h7xx_hal_exti.c.obj
LOAD CMakeFiles/h7_Cmake_vs.dir/Drivers/STM32H7xx_HAL_Driver/Src/stm32h7xx_hal_dma2d.c.obj
LOAD CMakeFiles/h7_Cmake_vs.dir/Drivers/STM32H7xx_HAL_Driver/Src/stm32h7xx_hal_rtc.c.obj
LOAD CMakeFiles/h7_Cmake_vs.dir/Drivers/STM32H7xx_HAL_Driver/Src/stm32h7xx_hal_rtc_ex.c.obj
LOAD CMakeFiles/h7_Cmake_vs.dir/Drivers/STM32H7xx_HAL_Driver/Src/stm32h7xx_hal_tim.c.obj
LOAD CMakeFiles/h7_Cmake_vs.dir/Drivers/STM32H7xx_HAL_Driver/Src/stm32h7xx_hal_tim_ex.c.obj
LOAD CMakeFiles/h7_Cmake_vs.dir/Drivers/STM32H7xx_HAL_Driver/Src/stm32h7xx_hal_uart.c.obj
LOAD CMakeFiles/h7_Cmake_vs.dir/Drivers/STM32H7xx_HAL_Driver/Src/stm32h7xx_hal_uart_ex.c.obj
LOAD CMakeFiles/h7_Cmake_vs.dir/Core/Src/system_stm32h7xx.c.obj
LOAD CMakeFiles/h7_Cmake_vs.dir/Core/Src/sysmem.c.obj
LOAD CMakeFiles/h7_Cmake_vs.dir/Core/Src/syscalls.c.obj
LOAD CMakeFiles/h7_Cmake_vs.dir/startup_stm32h743xx.s.obj
START GROUP
LOAD C:/Program Files (x86)/Arm/GNU Toolchain mingw-w64-i686-arm-none-eabi/bin/../lib/gcc/arm-none-eabi/15.2.1/thumb/v7e-m+dp/hard\libgcc.a
LOAD C:/Program Files (x86)/Arm/GNU Toolchain mingw-w64-i686-arm-none-eabi/bin/../lib/gcc/arm-none-eabi/15.2.1/../../../../arm-none-eabi/lib/thumb/v7e-m+dp/hard\libg_nano.a
LOAD C:/Program Files (x86)/Arm/GNU Toolchain mingw-w64-i686-arm-none-eabi/bin/../lib/gcc/arm-none-eabi/15.2.1/../../../../arm-none-eabi/lib/thumb/v7e-m+dp/hard\libc_nano.a
END GROUP
START GROUP
LOAD C:/Program Files (x86)/Arm/GNU Toolchain mingw-w64-i686-arm-none-eabi/bin/../lib/gcc/arm-none-eabi/15.2.1/thumb/v7e-m+dp/hard\libgcc.a
LOAD C:/Program Files (x86)/Arm/GNU Toolchain mingw-w64-i686-arm-none-eabi/bin/../lib/gcc/arm-none-eabi/15.2.1/../../../../arm-none-eabi/lib/thumb/v7e-m+dp/hard\libc_nano.a
END GROUP
LOAD C:/Program Files (x86)/Arm/GNU Toolchain mingw-w64-i686-arm-none-eabi/bin/../lib/gcc/arm-none-eabi/15.2.1/thumb/v7e-m+dp/hard/crtend.o
LOAD C:/Program Files (x86)/Arm/GNU Toolchain mingw-w64-i686-arm-none-eabi/bin/../lib/gcc/arm-none-eabi/15.2.1/thumb/v7e-m+dp/hard/crtn.o
                0x20020000                        _estack = (ORIGIN (DTCMRAM) + LENGTH (DTCMRAM))
                0x00004000                        _Min_Heap_Size = 0x4000
                0x00004000                        _Min_Stack_Size = 0x4000

.isr_vector     0x08000000      0x298
                0x08000000                        . = ALIGN (0x4)
 *(.isr_vector)
 .isr_vector    0x08000000      0x298 CMakeFiles/h7_Cmake_vs.dir/startup_stm32h743xx.s.obj
                0x08000000                g_pfnVectors
                0x08000298                        . = ALIGN (0x4)

.text           0x080002a0     0xe650
                0x080002a0                        . = ALIGN (0x4)
 *(.text)
 .text          0x080002a0       0xa0 C:/Program Files (x86)/Arm/GNU Toolchain mingw-w64-i686-arm-none-eabi/bin/../lib/gcc/arm-none-eabi/15.2.1/../../../../arm-none-eabi/lib/thumb/v7e-m+dp/hard\libc_nano.a(libc_a-memchr.o)
                0x080002a0                memchr
 .text          0x08000340       0x10 C:/Program Files (x86)/Arm/GNU Toolchain mingw-w64-i686-arm-none-eabi/bin/../lib/gcc/arm-none-eabi/15.2.1/../../../../arm-none-eabi/lib/thumb/v7e-m+dp/hard\libc_nano.a(libc_a-strlen.o)
                0x08000340                strlen
 .text          0x08000350       0xa0 C:/Program Files (x86)/Arm/GNU Toolchain mingw-w64-i686-arm-none-eabi/bin/../lib/gcc/arm-none-eabi/15.2.1/thumb/v7e-m+dp/hard\libgcc.a(_aeabi_ldivmod.o)
                0x08000350                __aeabi_ldivmod
 .text          0x080003f0       0x30 C:/Program Files (x86)/Arm/GNU Toolchain mingw-w64-i686-arm-none-eabi/bin/../lib/gcc/arm-none-eabi/15.2.1/thumb/v7e-m+dp/hard\libgcc.a(_aeabi_uldivmod.o)
                0x080003f0                __aeabi_uldivmod
 .text          0x08000420        0x4 C:/Program Files (x86)/Arm/GNU Toolchain mingw-w64-i686-arm-none-eabi/bin/../lib/gcc/arm-none-eabi/15.2.1/thumb/v7e-m+dp/hard\libgcc.a(_dvmd_tls.o)
                0x08000420                __aeabi_idiv0
                0x08000420                __aeabi_ldiv0
 *(.text*)
 .text.deregister_tm_clones
                0x08000424       0x1c C:/Program Files (x86)/Arm/GNU Toolchain mingw-w64-i686-arm-none-eabi/bin/../lib/gcc/arm-none-eabi/15.2.1/thumb/v7e-m+dp/hard/crtbegin.o
 .text.register_tm_clones
                0x08000440       0x24 C:/Program Files (x86)/Arm/GNU Toolchain mingw-w64-i686-arm-none-eabi/bin/../lib/gcc/arm-none-eabi/15.2.1/thumb/v7e-m+dp/hard/crtbegin.o
 .text.__do_global_dtors_aux
                0x08000464       0x28 C:/Program Files (x86)/Arm/GNU Toolchain mingw-w64-i686-arm-none-eabi/bin/../lib/gcc/arm-none-eabi/15.2.1/thumb/v7e-m+dp/hard/crtbegin.o
 .text.frame_dummy
                0x0800048c       0x24 C:/Program Files (x86)/Arm/GNU Toolchain mingw-w64-i686-arm-none-eabi/bin/../lib/gcc/arm-none-eabi/15.2.1/thumb/v7e-m+dp/hard/crtbegin.o
 .text.__cvt    0x080004b0       0xa8 C:/Program Files (x86)/Arm/GNU Toolchain mingw-w64-i686-arm-none-eabi/bin/../lib/gcc/arm-none-eabi/15.2.1/../../../../arm-none-eabi/lib/thumb/v7e-m+dp/hard\libc_nano.a(libc_a-nano-vfprintf_float.o)
                0x080004b0                __cvt
 .text.__exponent
                0x08000558       0x76 C:/Program Files (x86)/Arm/GNU Toolchain mingw-w64-i686-arm-none-eabi/bin/../lib/gcc/arm-none-eabi/15.2.1/../../../../arm-none-eabi/lib/thumb/v7e-m+dp/hard\libc_nano.a(libc_a-nano-vfprintf_float.o)
                0x08000558                __exponent
 *fill*         0x080005ce        0x2 
 .text._printf_float
                0x080005d0      0x428 C:/Program Files (x86)/Arm/GNU Toolchain mingw-w64-i686-arm-none-eabi/bin/../lib/gcc/arm-none-eabi/15.2.1/../../../../arm-none-eabi/lib/thumb/v7e-m+dp/hard\libc_nano.a(libc_a-nano-vfprintf_float.o)
                0x080005d0                _printf_float
 .text._printf_common
                0x080009f8       0xea C:/Program Files (x86)/Arm/GNU Toolchain mingw-w64-i686-arm-none-eabi/bin/../lib/gcc/arm-none-eabi/15.2.1/../../../../arm-none-eabi/lib/thumb/v7e-m+dp/hard\libc_nano.a(libc_a-nano-vfprintf_i.o)
                0x080009f8                _printf_common
 *fill*         0x08000ae2        0x2 
 .text._printf_i
                0x08000ae4      0x254 C:/Program Files (x86)/Arm/GNU Toolchain mingw-w64-i686-arm-none-eabi/bin/../lib/gcc/arm-none-eabi/15.2.1/../../../../arm-none-eabi/lib/thumb/v7e-m+dp/hard\libc_nano.a(libc_a-nano-vfprintf_i.o)
                0x08000ae4                _printf_i
 .text.std      0x08000d38       0x6c C:/Program Files (x86)/Arm/GNU Toolchain mingw-w64-i686-arm-none-eabi/bin/../lib/gcc/arm-none-eabi/15.2.1/../../../../arm-none-eabi/lib/thumb/v7e-m+dp/hard\libc_nano.a(libc_a-findfp.o)
 .text.stdio_exit_handler
                0x08000da4       0x18 C:/Program Files (x86)/Arm/GNU Toolchain mingw-w64-i686-arm-none-eabi/bin/../lib/gcc/arm-none-eabi/15.2.1/../../../../arm-none-eabi/lib/thumb/v7e-m+dp/hard\libc_nano.a(libc_a-findfp.o)
 .text.cleanup_stdio
                0x08000dbc       0x40 C:/Program Files (x86)/Arm/GNU Toolchain mingw-w64-i686-arm-none-eabi/bin/../lib/gcc/arm-none-eabi/15.2.1/../../../../arm-none-eabi/lib/thumb/v7e-m+dp/hard\libc_nano.a(libc_a-findfp.o)
 .text.global_stdio_init.part.0
                0x08000dfc       0x40 C:/Program Files (x86)/Arm/GNU Toolchain mingw-w64-i686-arm-none-eabi/bin/../lib/gcc/arm-none-eabi/15.2.1/../../../../arm-none-eabi/lib/thumb/v7e-m+dp/hard\libc_nano.a(libc_a-findfp.o)
 .text.__sfp_lock_acquire
                0x08000e3c        0xc C:/Program Files (x86)/Arm/GNU Toolchain mingw-w64-i686-arm-none-eabi/bin/../lib/gcc/arm-none-eabi/15.2.1/../../../../arm-none-eabi/lib/thumb/v7e-m+dp/hard\libc_nano.a(libc_a-findfp.o)
                0x08000e3c                __sfp_lock_acquire
 .text.__sfp_lock_release
                0x08000e48        0xc C:/Program Files (x86)/Arm/GNU Toolchain mingw-w64-i686-arm-none-eabi/bin/../lib/gcc/arm-none-eabi/15.2.1/../../../../arm-none-eabi/lib/thumb/v7e-m+dp/hard\libc_nano.a(libc_a-findfp.o)
                0x08000e48                __sfp_lock_release
 .text.__sinit  0x08000e54       0x30 C:/Program Files (x86)/Arm/GNU Toolchain mingw-w64-i686-arm-none-eabi/bin/../lib/gcc/arm-none-eabi/15.2.1/../../../../arm-none-eabi/lib/thumb/v7e-m+dp/hard\libc_nano.a(libc_a-findfp.o)
                0x08000e54                __sinit
 .text._fwalk_sglue
                0x08000e84       0x3a C:/Program Files (x86)/Arm/GNU Toolchain mingw-w64-i686-arm-none-eabi/bin/../lib/gcc/arm-none-eabi/15.2.1/../../../../arm-none-eabi/lib/thumb/v7e-m+dp/hard\libc_nano.a(libc_a-fwalk.o)
                0x08000e84                _fwalk_sglue
 .text.__sread  0x08000ebe       0x22 C:/Program Files (x86)/Arm/GNU Toolchain mingw-w64-i686-arm-none-eabi/bin/../lib/gcc/arm-none-eabi/15.2.1/../../../../arm-none-eabi/lib/thumb/v7e-m+dp/hard\libc_nano.a(libc_a-stdio.o)
                0x08000ebe                __sread
 .text.__swrite
                0x08000ee0       0x38 C:/Program Files (x86)/Arm/GNU Toolchain mingw-w64-i686-arm-none-eabi/bin/../lib/gcc/arm-none-eabi/15.2.1/../../../../arm-none-eabi/lib/thumb/v7e-m+dp/hard\libc_nano.a(libc_a-stdio.o)
                0x08000ee0                __swrite
 .text.__sseek  0x08000f18       0x26 C:/Program Files (x86)/Arm/GNU Toolchain mingw-w64-i686-arm-none-eabi/bin/../lib/gcc/arm-none-eabi/15.2.1/../../../../arm-none-eabi/lib/thumb/v7e-m+dp/hard\libc_nano.a(libc_a-stdio.o)
                0x08000f18                __sseek
 .text.__sclose
                0x08000f3e        0x8 C:/Program Files (x86)/Arm/GNU Toolchain mingw-w64-i686-arm-none-eabi/bin/../lib/gcc/arm-none-eabi/15.2.1/../../../../arm-none-eabi/lib/thumb/v7e-m+dp/hard\libc_nano.a(libc_a-stdio.o)
                0x08000f3e                __sclose
 .text.memset   0x08000f46       0x10 C:/Program Files (x86)/Arm/GNU Toolchain mingw-w64-i686-arm-none-eabi/bin/../lib/gcc/arm-none-eabi/15.2.1/../../../../arm-none-eabi/lib/thumb/v7e-m+dp/hard\libc_nano.a(libc_a-memset.o)
                0x08000f46                memset
 *fill*         0x08000f56        0x2 
 .text._localeconv_r
                0x08000f58        0x8 C:/Program Files (x86)/Arm/GNU Toolchain mingw-w64-i686-arm-none-eabi/bin/../lib/gcc/arm-none-eabi/15.2.1/../../../../arm-none-eabi/lib/thumb/v7e-m+dp/hard\libc_nano.a(libc_a-localeconv.o)
                0x08000f58                _localeconv_r
 .text._close_r
                0x08000f60       0x20 C:/Program Files (x86)/Arm/GNU Toolchain mingw-w64-i686-arm-none-eabi/bin/../lib/gcc/arm-none-eabi/15.2.1/../../../../arm-none-eabi/lib/thumb/v7e-m+dp/hard\libc_nano.a(libc_a-closer.o)
                0x08000f60                _close_r
 .text._lseek_r
                0x08000f80       0x24 C:/Program Files (x86)/Arm/GNU Toolchain mingw-w64-i686-arm-none-eabi/bin/../lib/gcc/arm-none-eabi/15.2.1/../../../../arm-none-eabi/lib/thumb/v7e-m+dp/hard\libc_nano.a(libc_a-lseekr.o)
                0x08000f80                _lseek_r
 .text._read_r  0x08000fa4       0x24 C:/Program Files (x86)/Arm/GNU Toolchain mingw-w64-i686-arm-none-eabi/bin/../lib/gcc/arm-none-eabi/15.2.1/../../../../arm-none-eabi/lib/thumb/v7e-m+dp/hard\libc_nano.a(libc_a-readr.o)
                0x08000fa4                _read_r
 .text._write_r
                0x08000fc8       0x24 C:/Program Files (x86)/Arm/GNU Toolchain mingw-w64-i686-arm-none-eabi/bin/../lib/gcc/arm-none-eabi/15.2.1/../../../../arm-none-eabi/lib/thumb/v7e-m+dp/hard\libc_nano.a(libc_a-writer.o)
                0x08000fc8                _write_r
 .text.__libc_init_array
                0x08000fec       0x48 C:/Program Files (x86)/Arm/GNU Toolchain mingw-w64-i686-arm-none-eabi/bin/../lib/gcc/arm-none-eabi/15.2.1/../../../../arm-none-eabi/lib/thumb/v7e-m+dp/hard\libc_nano.a(libc_a-init.o)
                0x08000fec                __libc_init_array
 .text.__retarget_lock_init_recursive
                0x08001034        0x2 C:/Program Files (x86)/Arm/GNU Toolchain mingw-w64-i686-arm-none-eabi/bin/../lib/gcc/arm-none-eabi/15.2.1/../../../../arm-none-eabi/lib/thumb/v7e-m+dp/hard\libc_nano.a(libc_a-lock.o)
                0x08001034                __retarget_lock_init_recursive
 .text.__retarget_lock_acquire_recursive
                0x08001036        0x2 C:/Program Files (x86)/Arm/GNU Toolchain mingw-w64-i686-arm-none-eabi/bin/../lib/gcc/arm-none-eabi/15.2.1/../../../../arm-none-eabi/lib/thumb/v7e-m+dp/hard\libc_nano.a(libc_a-lock.o)
                0x08001036                __retarget_lock_acquire_recursive
 .text.__retarget_lock_release_recursive
                0x08001038        0x2 C:/Program Files (x86)/Arm/GNU Toolchain mingw-w64-i686-arm-none-eabi/bin/../lib/gcc/arm-none-eabi/15.2.1/../../../../arm-none-eabi/lib/thumb/v7e-m+dp/hard\libc_nano.a(libc_a-lock.o)
                0x08001038                __retarget_lock_release_recursive
 .text.quorem   0x0800103a      0x110 C:/Program Files (x86)/Arm/GNU Toolchain mingw-w64-i686-arm-none-eabi/bin/../lib/gcc/arm-none-eabi/15.2.1/../../../../arm-none-eabi/lib/thumb/v7e-m+dp/hard\libc_nano.a(libc_a-dtoa.o)
 *fill*         0x0800114a        0x6 
 .text._dtoa_r  0x08001150      0xa78 C:/Program Files (x86)/Arm/GNU Toolchain mingw-w64-i686-arm-none-eabi/bin/../lib/gcc/arm-none-eabi/15.2.1/../../../../arm-none-eabi/lib/thumb/v7e-m+dp/hard\libc_nano.a(libc_a-dtoa.o)
                0x08001150                _dtoa_r
 .text._free_r  0x08001bc8       0x98 C:/Program Files (x86)/Arm/GNU Toolchain mingw-w64-i686-arm-none-eabi/bin/../lib/gcc/arm-none-eabi/15.2.1/../../../../arm-none-eabi/lib/thumb/v7e-m+dp/hard\libc_nano.a(libc_a-freer.o)
                0x08001bc8                _free_r
 .text.malloc   0x08001c60       0x10 C:/Program Files (x86)/Arm/GNU Toolchain mingw-w64-i686-arm-none-eabi/bin/../lib/gcc/arm-none-eabi/15.2.1/../../../../arm-none-eabi/lib/thumb/v7e-m+dp/hard\libc_nano.a(libc_a-malloc.o)
                0x08001c60                malloc
 .text.sbrk_aligned
                0x08001c70       0x44 C:/Program Files (x86)/Arm/GNU Toolchain mingw-w64-i686-arm-none-eabi/bin/../lib/gcc/arm-none-eabi/15.2.1/../../../../arm-none-eabi/lib/thumb/v7e-m+dp/hard\libc_nano.a(libc_a-mallocr.o)
 .text._malloc_r
                0x08001cb4       0xf8 C:/Program Files (x86)/Arm/GNU Toolchain mingw-w64-i686-arm-none-eabi/bin/../lib/gcc/arm-none-eabi/15.2.1/../../../../arm-none-eabi/lib/thumb/v7e-m+dp/hard\libc_nano.a(libc_a-mallocr.o)
                0x08001cb4                _malloc_r
 .text.__malloc_lock
                0x08001dac        0xc C:/Program Files (x86)/Arm/GNU Toolchain mingw-w64-i686-arm-none-eabi/bin/../lib/gcc/arm-none-eabi/15.2.1/../../../../arm-none-eabi/lib/thumb/v7e-m+dp/hard\libc_nano.a(libc_a-mlock.o)
                0x08001dac                __malloc_lock
 .text.__malloc_unlock
                0x08001db8        0xc C:/Program Files (x86)/Arm/GNU Toolchain mingw-w64-i686-arm-none-eabi/bin/../lib/gcc/arm-none-eabi/15.2.1/../../../../arm-none-eabi/lib/thumb/v7e-m+dp/hard\libc_nano.a(libc_a-mlock.o)
                0x08001db8                __malloc_unlock
 .text._Balloc  0x08001dc4       0x7c C:/Program Files (x86)/Arm/GNU Toolchain mingw-w64-i686-arm-none-eabi/bin/../lib/gcc/arm-none-eabi/15.2.1/../../../../arm-none-eabi/lib/thumb/v7e-m+dp/hard\libc_nano.a(libc_a-mprec.o)
                0x08001dc4                _Balloc
 .text._Bfree   0x08001e40       0x44 C:/Program Files (x86)/Arm/GNU Toolchain mingw-w64-i686-arm-none-eabi/bin/../lib/gcc/arm-none-eabi/15.2.1/../../../../arm-none-eabi/lib/thumb/v7e-m+dp/hard\libc_nano.a(libc_a-mprec.o)
                0x08001e40                _Bfree
 .text.__multadd
                0x08001e84       0x8c C:/Program Files (x86)/Arm/GNU Toolchain mingw-w64-i686-arm-none-eabi/bin/../lib/gcc/arm-none-eabi/15.2.1/../../../../arm-none-eabi/lib/thumb/v7e-m+dp/hard\libc_nano.a(libc_a-mprec.o)
                0x08001e84                __multadd
 .text.__hi0bits
                0x08001f10       0x3c C:/Program Files (x86)/Arm/GNU Toolchain mingw-w64-i686-arm-none-eabi/bin/../lib/gcc/arm-none-eabi/15.2.1/../../../../arm-none-eabi/lib/thumb/v7e-m+dp/hard\libc_nano.a(libc_a-mprec.o)
                0x08001f10                __hi0bits
 .text.__lo0bits
                0x08001f4c       0x5c C:/Program Files (x86)/Arm/GNU Toolchain mingw-w64-i686-arm-none-eabi/bin/../lib/gcc/arm-none-eabi/15.2.1/../../../../arm-none-eabi/lib/thumb/v7e-m+dp/hard\libc_nano.a(libc_a-mprec.o)
                0x08001f4c                __lo0bits
 .text.__i2b    0x08001fa8       0x2c C:/Program Files (x86)/Arm/GNU Toolchain mingw-w64-i686-arm-none-eabi/bin/../lib/gcc/arm-none-eabi/15.2.1/../../../../arm-none-eabi/lib/thumb/v7e-m+dp/hard\libc_nano.a(libc_a-mprec.o)
                0x08001fa8                __i2b
 .text.__multiply
                0x08001fd4      0x16c C:/Program Files (x86)/Arm/GNU Toolchain mingw-w64-i686-arm-none-eabi/bin/../lib/gcc/arm-none-eabi/15.2.1/../../../../arm-none-eabi/lib/thumb/v7e-m+dp/hard\libc_nano.a(libc_a-mprec.o)
                0x08001fd4                __multiply
 .text.__pow5mult
                0x08002140       0xb8 C:/Program Files (x86)/Arm/GNU Toolchain mingw-w64-i686-arm-none-eabi/bin/../lib/gcc/arm-none-eabi/15.2.1/../../../../arm-none-eabi/lib/thumb/v7e-m+dp/hard\libc_nano.a(libc_a-mprec.o)
                0x08002140                __pow5mult
 .text.__lshift
                0x080021f8       0xe4 C:/Program Files (x86)/Arm/GNU Toolchain mingw-w64-i686-arm-none-eabi/bin/../lib/gcc/arm-none-eabi/15.2.1/../../../../arm-none-eabi/lib/thumb/v7e-m+dp/hard\libc_nano.a(libc_a-mprec.o)
                0x080021f8                __lshift
 .text.__mcmp   0x080022dc       0x36 C:/Program Files (x86)/Arm/GNU Toolchain mingw-w64-i686-arm-none-eabi/bin/../lib/gcc/arm-none-eabi/15.2.1/../../../../arm-none-eabi/lib/thumb/v7e-m+dp/hard\libc_nano.a(libc_a-mprec.o)
                0x080022dc                __mcmp
 *fill*         0x08002312        0x2 
 .text.__mdiff  0x08002314      0x130 C:/Program Files (x86)/Arm/GNU Toolchain mingw-w64-i686-arm-none-eabi/bin/../lib/gcc/arm-none-eabi/15.2.1/../../../../arm-none-eabi/lib/thumb/v7e-m+dp/hard\libc_nano.a(libc_a-mprec.o)
                0x08002314                __mdiff
 .text.__d2b    0x08002444       0xb0 C:/Program Files (x86)/Arm/GNU Toolchain mingw-w64-i686-arm-none-eabi/bin/../lib/gcc/arm-none-eabi/15.2.1/../../../../arm-none-eabi/lib/thumb/v7e-m+dp/hard\libc_nano.a(libc_a-mprec.o)
                0x08002444                __d2b
 .text.__sflush_r
                0x080024f4      0x100 C:/Program Files (x86)/Arm/GNU Toolchain mingw-w64-i686-arm-none-eabi/bin/../lib/gcc/arm-none-eabi/15.2.1/../../../../arm-none-eabi/lib/thumb/v7e-m+dp/hard\libc_nano.a(libc_a-fflush.o)
                0x080024f4                __sflush_r
 .text._fflush_r
                0x080025f4       0x50 C:/Program Files (x86)/Arm/GNU Toolchain mingw-w64-i686-arm-none-eabi/bin/../lib/gcc/arm-none-eabi/15.2.1/../../../../arm-none-eabi/lib/thumb/v7e-m+dp/hard\libc_nano.a(libc_a-fflush.o)
                0x080025f4                _fflush_r
 .text._sbrk_r  0x08002644       0x20 C:/Program Files (x86)/Arm/GNU Toolchain mingw-w64-i686-arm-none-eabi/bin/../lib/gcc/arm-none-eabi/15.2.1/../../../../arm-none-eabi/lib/thumb/v7e-m+dp/hard\libc_nano.a(libc_a-sbrkr.o)
                0x08002644                _sbrk_r
 .text.memcpy   0x08002664       0x1c C:/Program Files (x86)/Arm/GNU Toolchain mingw-w64-i686-arm-none-eabi/bin/../lib/gcc/arm-none-eabi/15.2.1/../../../../arm-none-eabi/lib/thumb/v7e-m+dp/hard\libc_nano.a(libc_a-memcpy-stub.o)
                0x08002664                memcpy
 .text.__assert_func
                0x08002680       0x3c C:/Program Files (x86)/Arm/GNU Toolchain mingw-w64-i686-arm-none-eabi/bin/../lib/gcc/arm-none-eabi/15.2.1/../../../../arm-none-eabi/lib/thumb/v7e-m+dp/hard\libc_nano.a(libc_a-assert.o)
                0x08002680                __assert_func
 .text._calloc_r
                0x080026bc       0x28 C:/Program Files (x86)/Arm/GNU Toolchain mingw-w64-i686-arm-none-eabi/bin/../lib/gcc/arm-none-eabi/15.2.1/../../../../arm-none-eabi/lib/thumb/v7e-m+dp/hard\libc_nano.a(libc_a-callocr.o)
                0x080026bc                _calloc_r
 .text.__ascii_mbtowc
                0x080026e4       0x24 C:/Program Files (x86)/Arm/GNU Toolchain mingw-w64-i686-arm-none-eabi/bin/../lib/gcc/arm-none-eabi/15.2.1/../../../../arm-none-eabi/lib/thumb/v7e-m+dp/hard\libc_nano.a(libc_a-mbtowc_r.o)
                0x080026e4                __ascii_mbtowc
 .text.__ascii_wctomb
                0x08002708       0x1a C:/Program Files (x86)/Arm/GNU Toolchain mingw-w64-i686-arm-none-eabi/bin/../lib/gcc/arm-none-eabi/15.2.1/../../../../arm-none-eabi/lib/thumb/v7e-m+dp/hard\libc_nano.a(libc_a-wctomb_r.o)
                0x08002708                __ascii_wctomb
 *fill*         0x08002722        0x2 
 .text.fprintf  0x08002724       0x24 C:/Program Files (x86)/Arm/GNU Toolchain mingw-w64-i686-arm-none-eabi/bin/../lib/gcc/arm-none-eabi/15.2.1/../../../../arm-none-eabi/lib/thumb/v7e-m+dp/hard\libc_nano.a(libc_a-fprintf.o)
                0x08002724                fiprintf
                0x08002724                fprintf
 .text.abort    0x08002748        0xe C:/Program Files (x86)/Arm/GNU Toolchain mingw-w64-i686-arm-none-eabi/bin/../lib/gcc/arm-none-eabi/15.2.1/../../../../arm-none-eabi/lib/thumb/v7e-m+dp/hard\libc_nano.a(libc_a-abort.o)
                0x08002748                abort
 .text.__sfputc_r
                0x08002756       0x2a C:/Program Files (x86)/Arm/GNU Toolchain mingw-w64-i686-arm-none-eabi/bin/../lib/gcc/arm-none-eabi/15.2.1/../../../../arm-none-eabi/lib/thumb/v7e-m+dp/hard\libc_nano.a(libc_a-nano-vfprintf.o)
 .text.__sfputs_r
                0x08002780       0x24 C:/Program Files (x86)/Arm/GNU Toolchain mingw-w64-i686-arm-none-eabi/bin/../lib/gcc/arm-none-eabi/15.2.1/../../../../arm-none-eabi/lib/thumb/v7e-m+dp/hard\libc_nano.a(libc_a-nano-vfprintf.o)
                0x08002780                __sfputs_r
 .text._vfprintf_r
                0x080027a4      0x228 C:/Program Files (x86)/Arm/GNU Toolchain mingw-w64-i686-arm-none-eabi/bin/../lib/gcc/arm-none-eabi/15.2.1/../../../../arm-none-eabi/lib/thumb/v7e-m+dp/hard\libc_nano.a(libc_a-nano-vfprintf.o)
                0x080027a4                _vfprintf_r
                0x080027a4                _vfiprintf_r
 .text.__swbuf_r
                0x080029cc       0x7a C:/Program Files (x86)/Arm/GNU Toolchain mingw-w64-i686-arm-none-eabi/bin/../lib/gcc/arm-none-eabi/15.2.1/../../../../arm-none-eabi/lib/thumb/v7e-m+dp/hard\libc_nano.a(libc_a-wbuf.o)
                0x080029cc                __swbuf_r
 *fill*         0x08002a46        0x2 
 .text.__swsetup_r
                0x08002a48       0xa8 C:/Program Files (x86)/Arm/GNU Toolchain mingw-w64-i686-arm-none-eabi/bin/../lib/gcc/arm-none-eabi/15.2.1/../../../../arm-none-eabi/lib/thumb/v7e-m+dp/hard\libc_nano.a(libc_a-wsetup.o)
                0x08002a48                __swsetup_r
 .text._raise_r
                0x08002af0       0x50 C:/Program Files (x86)/Arm/GNU Toolchain mingw-w64-i686-arm-none-eabi/bin/../lib/gcc/arm-none-eabi/15.2.1/../../../../arm-none-eabi/lib/thumb/v7e-m+dp/hard\libc_nano.a(libc_a-signal.o)
                0x08002af0                _raise_r
 .text.raise    0x08002b40       0x10 C:/Program Files (x86)/Arm/GNU Toolchain mingw-w64-i686-arm-none-eabi/bin/../lib/gcc/arm-none-eabi/15.2.1/../../../../arm-none-eabi/lib/thumb/v7e-m+dp/hard\libc_nano.a(libc_a-signal.o)
                0x08002b40                raise
 .text._kill_r  0x08002b50       0x24 C:/Program Files (x86)/Arm/GNU Toolchain mingw-w64-i686-arm-none-eabi/bin/../lib/gcc/arm-none-eabi/15.2.1/../../../../arm-none-eabi/lib/thumb/v7e-m+dp/hard\libc_nano.a(libc_a-signalr.o)
                0x08002b50                _kill_r
 .text._getpid_r
                0x08002b74        0x4 C:/Program Files (x86)/Arm/GNU Toolchain mingw-w64-i686-arm-none-eabi/bin/../lib/gcc/arm-none-eabi/15.2.1/../../../../arm-none-eabi/lib/thumb/v7e-m+dp/hard\libc_nano.a(libc_a-signalr.o)
                0x08002b74                _getpid_r
 .text.__swhatbuf_r
                0x08002b78       0x48 C:/Program Files (x86)/Arm/GNU Toolchain mingw-w64-i686-arm-none-eabi/bin/../lib/gcc/arm-none-eabi/15.2.1/../../../../arm-none-eabi/lib/thumb/v7e-m+dp/hard\libc_nano.a(libc_a-makebuf.o)
                0x08002b78                __swhatbuf_r
 .text.__smakebuf_r
                0x08002bc0       0x72 C:/Program Files (x86)/Arm/GNU Toolchain mingw-w64-i686-arm-none-eabi/bin/../lib/gcc/arm-none-eabi/15.2.1/../../../../arm-none-eabi/lib/thumb/v7e-m+dp/hard\libc_nano.a(libc_a-makebuf.o)
                0x08002bc0                __smakebuf_r
 *fill*         0x08002c32        0x2 
 .text._fstat_r
                0x08002c34       0x24 C:/Program Files (x86)/Arm/GNU Toolchain mingw-w64-i686-arm-none-eabi/bin/../lib/gcc/arm-none-eabi/15.2.1/../../../../arm-none-eabi/lib/thumb/v7e-m+dp/hard\libc_nano.a(libc_a-fstatr.o)
                0x08002c34                _fstat_r
 .text._isatty_r
                0x08002c58       0x20 C:/Program Files (x86)/Arm/GNU Toolchain mingw-w64-i686-arm-none-eabi/bin/../lib/gcc/arm-none-eabi/15.2.1/../../../../arm-none-eabi/lib/thumb/v7e-m+dp/hard\libc_nano.a(libc_a-isattyr.o)
                0x08002c58                _isatty_r
 .text.SystemClock_Config
                0x08002c78      0x174 CMakeFiles/h7_Cmake_vs.dir/Core/Src/system/system_config.c.obj
                0x08002c78                SystemClock_Config
 .text.MPU_Config
                0x08002dec       0x90 CMakeFiles/h7_Cmake_vs.dir/Core/Src/system/system_config.c.obj
                0x08002dec                MPU_Config
 .text.cache_invalidate
                0x08002e7c       0x64 CMakeFiles/h7_Cmake_vs.dir/Core/Src/audio_io.c.obj
 .text.deinterleave_to_i16
                0x08002ee0       0x68 CMakeFiles/h7_Cmake_vs.dir/Core/Src/audio_io.c.obj
 .text.remove_mean_i16
                0x08002f48       0xae CMakeFiles/h7_Cmake_vs.dir/Core/Src/audio_io.c.obj
 *fill*         0x08002ff6        0x2 
 .text.hp1_iir_i16
                0x08002ff8       0xa8 CMakeFiles/h7_Cmake_vs.dir/Core/Src/audio_io.c.obj
 .text.HAL_ADC_ConvHalfCpltCallback
                0x080030a0       0x38 CMakeFiles/h7_Cmake_vs.dir/Core/Src/audio_io.c.obj
                0x080030a0                HAL_ADC_ConvHalfCpltCallback
 .text.HAL_ADC_ConvCpltCallback
                0x080030d8       0x38 CMakeFiles/h7_Cmake_vs.dir/Core/Src/audio_io.c.obj
                0x080030d8                HAL_ADC_ConvCpltCallback
 .text.audio_io_init
                0x08003110       0x8c CMakeFiles/h7_Cmake_vs.dir/Core/Src/audio_io.c.obj
                0x08003110                audio_io_init
 .text.audio_io_get_frame
                0x0800319c       0xc4 CMakeFiles/h7_Cmake_vs.dir/Core/Src/audio_io.c.obj
                0x0800319c                audio_io_get_frame
 .text.tdoa_ncc_compute
                0x08003260      0x320 CMakeFiles/h7_Cmake_vs.dir/Core/Src/tdoa_ncc.c.obj
                0x08003260                tdoa_ncc_compute
 .text.doa_lag_to_angle_deg
                0x08003580       0xa8 CMakeFiles/h7_Cmake_vs.dir/Core/Src/doa.c.obj
                0x08003580                doa_lag_to_angle_deg
 .text.servo_init
                0x08003628       0x20 CMakeFiles/h7_Cmake_vs.dir/Core/Src/servo.c.obj
                0x08003628                servo_init
 .text.servo_set_angle_deg
                0x08003648      0x168 CMakeFiles/h7_Cmake_vs.dir/Core/Src/servo.c.obj
                0x08003648                servo_set_angle_deg
 .text.frame_power_u64
                0x080037b0       0x80 CMakeFiles/h7_Cmake_vs.dir/Core/Src/app.c.obj
 .text.app_init
                0x08003830       0x24 CMakeFiles/h7_Cmake_vs.dir/Core/Src/app.c.obj
                0x08003830                app_init
 .text.app_run_once
                0x08003854      0x1c4 CMakeFiles/h7_Cmake_vs.dir/Core/Src/app.c.obj
                0x08003854                app_run_once
 .text.main     0x08003a18      0x100 CMakeFiles/h7_Cmake_vs.dir/Core/Src/main.c.obj
                0x08003a18                main
 .text.Error_Handler
                0x08003b18        0xc CMakeFiles/h7_Cmake_vs.dir/Core/Src/main.c.obj
                0x08003b18                Error_Handler
 .text.MX_GPIO_Init
                0x08003b24       0xe4 CMakeFiles/h7_Cmake_vs.dir/Core/Src/gpio.c.obj
                0x08003b24                MX_GPIO_Init
 .text.MX_ADC2_Init
                0x08003c08       0xf0 CMakeFiles/h7_Cmake_vs.dir/Core/Src/adc.c.obj
                0x08003c08                MX_ADC2_Init
 .text.HAL_ADC_MspInit
                0x08003cf8      0x190 CMakeFiles/h7_Cmake_vs.dir/Core/Src/adc.c.obj
                0x08003cf8                HAL_ADC_MspInit
 .text.MX_DMA_Init
                0x08003e88       0x40 CMakeFiles/h7_Cmake_vs.dir/Core/Src/dma.c.obj
                0x08003e88                MX_DMA_Init
 .text.MX_TIM2_Init
                0x08003ec8       0x9c CMakeFiles/h7_Cmake_vs.dir/Core/Src/tim.c.obj
                0x08003ec8                MX_TIM2_Init
 .text.MX_TIM3_Init
                0x08003f64       0xb8 CMakeFiles/h7_Cmake_vs.dir/Core/Src/tim.c.obj
                0x08003f64                MX_TIM3_Init
 .text.HAL_TIM_Base_MspInit
                0x0800401c       0x40 CMakeFiles/h7_Cmake_vs.dir/Core/Src/tim.c.obj
                0x0800401c                HAL_TIM_Base_MspInit
 .text.HAL_TIM_PWM_MspInit
                0x0800405c       0x70 CMakeFiles/h7_Cmake_vs.dir/Core/Src/tim.c.obj
                0x0800405c                HAL_TIM_PWM_MspInit
 .text.HAL_TIM_MspPostInit
                0x080040cc       0xc8 CMakeFiles/h7_Cmake_vs.dir/Core/Src/tim.c.obj
                0x080040cc                HAL_TIM_MspPostInit
 .text._write   0x08004194       0x2c CMakeFiles/h7_Cmake_vs.dir/Core/Src/usart.c.obj
                0x08004194                _write
 .text.MX_USART1_UART_Init
                0x080041c0       0x98 CMakeFiles/h7_Cmake_vs.dir/Core/Src/usart.c.obj
                0x080041c0                MX_USART1_UART_Init
 .text.HAL_UART_MspInit
                0x08004258       0xd4 CMakeFiles/h7_Cmake_vs.dir/Core/Src/usart.c.obj
                0x08004258                HAL_UART_MspInit
 .text.NMI_Handler
                0x0800432c        0x8 CMakeFiles/h7_Cmake_vs.dir/Core/Src/stm32h7xx_it.c.obj
                0x0800432c                NMI_Handler
 .text.HardFault_Handler
                0x08004334        0x8 CMakeFiles/h7_Cmake_vs.dir/Core/Src/stm32h7xx_it.c.obj
                0x08004334                HardFault_Handler
 .text.MemManage_Handler
                0x0800433c        0x8 CMakeFiles/h7_Cmake_vs.dir/Core/Src/stm32h7xx_it.c.obj
                0x0800433c                MemManage_Handler
 .text.BusFault_Handler
                0x08004344        0x8 CMakeFiles/h7_Cmake_vs.dir/Core/Src/stm32h7xx_it.c.obj
                0x08004344                BusFault_Handler
 .text.UsageFault_Handler
                0x0800434c        0x8 CMakeFiles/h7_Cmake_vs.dir/Core/Src/stm32h7xx_it.c.obj
                0x0800434c                UsageFault_Handler
 .text.SVC_Handler
                0x08004354        0xc CMakeFiles/h7_Cmake_vs.dir/Core/Src/stm32h7xx_it.c.obj
                0x08004354                SVC_Handler
 .text.DebugMon_Handler
                0x08004360        0xc CMakeFiles/h7_Cmake_vs.dir/Core/Src/stm32h7xx_it.c.obj
                0x08004360                DebugMon_Handler
 .text.PendSV_Handler
                0x0800436c        0xc CMakeFiles/h7_Cmake_vs.dir/Core/Src/stm32h7xx_it.c.obj
                0x0800436c                PendSV_Handler
 .text.SysTick_Handler
                0x08004378        0xc CMakeFiles/h7_Cmake_vs.dir/Core/Src/stm32h7xx_it.c.obj
                0x08004378                SysTick_Handler
 .text.DMA1_Stream0_IRQHandler
                0x08004384       0x14 CMakeFiles/h7_Cmake_vs.dir/Core/Src/stm32h7xx_it.c.obj
                0x08004384                DMA1_Stream0_IRQHandler
 .text.HAL_MspInit
                0x08004398       0x34 CMakeFiles/h7_Cmake_vs.dir/Core/Src/stm32h7xx_hal_msp.c.obj
                0x08004398                HAL_MspInit
 .text.LL_ADC_SetCommonClock
                0x080043cc       0x24 CMakeFiles/h7_Cmake_vs.dir/Drivers/STM32H7xx_HAL_Driver/Src/stm32h7xx_hal_adc.c.obj
 .text.LL_ADC_SetCommonPathInternalCh
                0x080043f0       0x24 CMakeFiles/h7_Cmake_vs.dir/Drivers/STM32H7xx_HAL_Driver/Src/stm32h7xx_hal_adc.c.obj
 .text.LL_ADC_GetCommonPathInternalCh
                0x08004414       0x1a CMakeFiles/h7_Cmake_vs.dir/Drivers/STM32H7xx_HAL_Driver/Src/stm32h7xx_hal_adc.c.obj
 .text.LL_ADC_SetOffset
                0x0800442e       0x3e CMakeFiles/h7_Cmake_vs.dir/Drivers/STM32H7xx_HAL_Driver/Src/stm32h7xx_hal_adc.c.obj
 .text.LL_ADC_SetDataRightShift
                0x0800446c       0x30 CMakeFiles/h7_Cmake_vs.dir/Drivers/STM32H7xx_HAL_Driver/Src/stm32h7xx_hal_adc.c.obj
 .text.LL_ADC_SetOffsetSignedSaturation
                0x0800449c       0x34 CMakeFiles/h7_Cmake_vs.dir/Drivers/STM32H7xx_HAL_Driver/Src/stm32h7xx_hal_adc.c.obj
 .text.LL_ADC_REG_IsTriggerSourceSWStart
                0x080044d0       0x24 CMakeFiles/h7_Cmake_vs.dir/Drivers/STM32H7xx_HAL_Driver/Src/stm32h7xx_hal_adc.c.obj
 .text.LL_ADC_REG_SetSequencerRanks
                0x080044f4       0x56 CMakeFiles/h7_Cmake_vs.dir/Drivers/STM32H7xx_HAL_Driver/Src/stm32h7xx_hal_adc.c.obj
 .text.LL_ADC_REG_SetDataTransferMode
                0x0800454a       0x24 CMakeFiles/h7_Cmake_vs.dir/Drivers/STM32H7xx_HAL_Driver/Src/stm32h7xx_hal_adc.c.obj
 .text.LL_ADC_SetChannelSamplingTime
                0x0800456e       0x54 CMakeFiles/h7_Cmake_vs.dir/Drivers/STM32H7xx_HAL_Driver/Src/stm32h7xx_hal_adc.c.obj
 *fill*         0x080045c2        0x2 
 .text.LL_ADC_SetChannelSingleDiff
                0x080045c4       0x44 CMakeFiles/h7_Cmake_vs.dir/Drivers/STM32H7xx_HAL_Driver/Src/stm32h7xx_hal_adc.c.obj
 .text.LL_ADC_GetMultimode
                0x08004608       0x1a CMakeFiles/h7_Cmake_vs.dir/Drivers/STM32H7xx_HAL_Driver/Src/stm32h7xx_hal_adc.c.obj
 *fill*         0x08004622        0x2 
 .text.LL_ADC_DisableDeepPowerDown
                0x08004624       0x24 CMakeFiles/h7_Cmake_vs.dir/Drivers/STM32H7xx_HAL_Driver/Src/stm32h7xx_hal_adc.c.obj
 .text.LL_ADC_IsDeepPowerDownEnabled
                0x08004648       0x26 CMakeFiles/h7_Cmake_vs.dir/Drivers/STM32H7xx_HAL_Driver/Src/stm32h7xx_hal_adc.c.obj
 *fill*         0x0800466e        0x2 
 .text.LL_ADC_EnableInternalRegulator
                0x08004670       0x28 CMakeFiles/h7_Cmake_vs.dir/Drivers/STM32H7xx_HAL_Driver/Src/stm32h7xx_hal_adc.c.obj
 .text.LL_ADC_IsInternalRegulatorEnabled
                0x08004698       0x26 CMakeFiles/h7_Cmake_vs.dir/Drivers/STM32H7xx_HAL_Driver/Src/stm32h7xx_hal_adc.c.obj
 *fill*         0x080046be        0x2 
 .text.LL_ADC_Enable
                0x080046c0       0x28 CMakeFiles/h7_Cmake_vs.dir/Drivers/STM32H7xx_HAL_Driver/Src/stm32h7xx_hal_adc.c.obj
 .text.LL_ADC_Disable
                0x080046e8       0x28 CMakeFiles/h7_Cmake_vs.dir/Drivers/STM32H7xx_HAL_Driver/Src/stm32h7xx_hal_adc.c.obj
 .text.LL_ADC_IsEnabled
                0x08004710       0x24 CMakeFiles/h7_Cmake_vs.dir/Drivers/STM32H7xx_HAL_Driver/Src/stm32h7xx_hal_adc.c.obj
 .text.LL_ADC_IsDisableOngoing
                0x08004734       0x24 CMakeFiles/h7_Cmake_vs.dir/Drivers/STM32H7xx_HAL_Driver/Src/stm32h7xx_hal_adc.c.obj
 .text.LL_ADC_REG_StartConversion
                0x08004758       0x28 CMakeFiles/h7_Cmake_vs.dir/Drivers/STM32H7xx_HAL_Driver/Src/stm32h7xx_hal_adc.c.obj
 .text.LL_ADC_REG_IsConversionOngoing
                0x08004780       0x24 CMakeFiles/h7_Cmake_vs.dir/Drivers/STM32H7xx_HAL_Driver/Src/stm32h7xx_hal_adc.c.obj
 .text.LL_ADC_INJ_IsConversionOngoing
                0x080047a4       0x24 CMakeFiles/h7_Cmake_vs.dir/Drivers/STM32H7xx_HAL_Driver/Src/stm32h7xx_hal_adc.c.obj
 .text.HAL_ADC_Init
                0x080047c8      0x344 CMakeFiles/h7_Cmake_vs.dir/Drivers/STM32H7xx_HAL_Driver/Src/stm32h7xx_hal_adc.c.obj
                0x080047c8                HAL_ADC_Init
 .text.HAL_ADC_Start_DMA
                0x08004b0c      0x188 CMakeFiles/h7_Cmake_vs.dir/Drivers/STM32H7xx_HAL_Driver/Src/stm32h7xx_hal_adc.c.obj
                0x08004b0c                HAL_ADC_Start_DMA
 .text.HAL_ADC_ErrorCallback
                0x08004c94       0x12 CMakeFiles/h7_Cmake_vs.dir/Drivers/STM32H7xx_HAL_Driver/Src/stm32h7xx_hal_adc.c.obj
                0x08004c94                HAL_ADC_ErrorCallback
 *fill*         0x08004ca6        0x2 
 .text.HAL_ADC_ConfigChannel
                0x08004ca8      0x6b8 CMakeFiles/h7_Cmake_vs.dir/Drivers/STM32H7xx_HAL_Driver/Src/stm32h7xx_hal_adc.c.obj
                0x08004ca8                HAL_ADC_ConfigChannel
 .text.ADC_Enable
                0x08005360      0x114 CMakeFiles/h7_Cmake_vs.dir/Drivers/STM32H7xx_HAL_Driver/Src/stm32h7xx_hal_adc.c.obj
                0x08005360                ADC_Enable
 .text.ADC_Disable
                0x08005474       0xbe CMakeFiles/h7_Cmake_vs.dir/Drivers/STM32H7xx_HAL_Driver/Src/stm32h7xx_hal_adc.c.obj
                0x08005474                ADC_Disable
 .text.ADC_DMAConvCplt
                0x08005532       0xd8 CMakeFiles/h7_Cmake_vs.dir/Drivers/STM32H7xx_HAL_Driver/Src/stm32h7xx_hal_adc.c.obj
                0x08005532                ADC_DMAConvCplt
 .text.ADC_DMAHalfConvCplt
                0x0800560a       0x1c CMakeFiles/h7_Cmake_vs.dir/Drivers/STM32H7xx_HAL_Driver/Src/stm32h7xx_hal_adc.c.obj
                0x0800560a                ADC_DMAHalfConvCplt
 .text.ADC_DMAError
                0x08005626       0x34 CMakeFiles/h7_Cmake_vs.dir/Drivers/STM32H7xx_HAL_Driver/Src/stm32h7xx_hal_adc.c.obj
                0x08005626                ADC_DMAError
 *fill*         0x0800565a        0x2 
 .text.ADC_ConfigureBoostMode
                0x0800565c      0x218 CMakeFiles/h7_Cmake_vs.dir/Drivers/STM32H7xx_HAL_Driver/Src/stm32h7xx_hal_adc.c.obj
                0x0800565c                ADC_ConfigureBoostMode
 .text.LL_ADC_StartCalibration
                0x08005874       0x3c CMakeFiles/h7_Cmake_vs.dir/Drivers/STM32H7xx_HAL_Driver/Src/stm32h7xx_hal_adc_ex.c.obj
 .text.LL_ADC_IsCalibrationOnGoing
                0x080058b0       0x26 CMakeFiles/h7_Cmake_vs.dir/Drivers/STM32H7xx_HAL_Driver/Src/stm32h7xx_hal_adc_ex.c.obj
 *fill*         0x080058d6        0x2 
 .text.HAL_ADCEx_Calibration_Start
                0x080058d8       0xc8 CMakeFiles/h7_Cmake_vs.dir/Drivers/STM32H7xx_HAL_Driver/Src/stm32h7xx_hal_adc_ex.c.obj
                0x080058d8                HAL_ADCEx_Calibration_Start
 .text.HAL_RCC_OscConfig
                0x080059a0      0x8b4 CMakeFiles/h7_Cmake_vs.dir/Drivers/STM32H7xx_HAL_Driver/Src/stm32h7xx_hal_rcc.c.obj
                0x080059a0                HAL_RCC_OscConfig
 .text.HAL_RCC_ClockConfig
                0x08006254      0x36c CMakeFiles/h7_Cmake_vs.dir/Drivers/STM32H7xx_HAL_Driver/Src/stm32h7xx_hal_rcc.c.obj
                0x08006254                HAL_RCC_ClockConfig
 .text.HAL_RCC_GetSysClockFreq
                0x080065c0      0x29c CMakeFiles/h7_Cmake_vs.dir/Drivers/STM32H7xx_HAL_Driver/Src/stm32h7xx_hal_rcc.c.obj
                0x080065c0                HAL_RCC_GetSysClockFreq
 .text.HAL_RCC_GetHCLKFreq
                0x0800685c       0x60 CMakeFiles/h7_Cmake_vs.dir/Drivers/STM32H7xx_HAL_Driver/Src/stm32h7xx_hal_rcc.c.obj
                0x0800685c                HAL_RCC_GetHCLKFreq
 .text.HAL_RCC_GetPCLK1Freq
                0x080068bc       0x2c CMakeFiles/h7_Cmake_vs.dir/Drivers/STM32H7xx_HAL_Driver/Src/stm32h7xx_hal_rcc.c.obj
                0x080068bc                HAL_RCC_GetPCLK1Freq
 .text.HAL_RCC_GetPCLK2Freq
                0x080068e8       0x2c CMakeFiles/h7_Cmake_vs.dir/Drivers/STM32H7xx_HAL_Driver/Src/stm32h7xx_hal_rcc.c.obj
                0x080068e8                HAL_RCC_GetPCLK2Freq
 .text.HAL_RCCEx_PeriphCLKConfig
                0x08006914     0x13c4 CMakeFiles/h7_Cmake_vs.dir/Drivers/STM32H7xx_HAL_Driver/Src/stm32h7xx_hal_rcc_ex.c.obj
                0x08006914                HAL_RCCEx_PeriphCLKConfig
 .text.HAL_RCCEx_GetPeriphCLKFreq
                0x08007cd8      0xb18 CMakeFiles/h7_Cmake_vs.dir/Drivers/STM32H7xx_HAL_Driver/Src/stm32h7xx_hal_rcc_ex.c.obj
                0x08007cd8                HAL_RCCEx_GetPeriphCLKFreq
 .text.HAL_RCCEx_GetD3PCLK1Freq
                0x080087f0       0x2c CMakeFiles/h7_Cmake_vs.dir/Drivers/STM32H7xx_HAL_Driver/Src/stm32h7xx_hal_rcc_ex.c.obj
                0x080087f0                HAL_RCCEx_GetD3PCLK1Freq
 .text.HAL_RCCEx_GetPLL2ClockFreq
                0x0800881c      0x2a4 CMakeFiles/h7_Cmake_vs.dir/Drivers/STM32H7xx_HAL_Driver/Src/stm32h7xx_hal_rcc_ex.c.obj
                0x0800881c                HAL_RCCEx_GetPLL2ClockFreq
 .text.HAL_RCCEx_GetPLL3ClockFreq
                0x08008ac0      0x2a4 CMakeFiles/h7_Cmake_vs.dir/Drivers/STM32H7xx_HAL_Driver/Src/stm32h7xx_hal_rcc_ex.c.obj
                0x08008ac0                HAL_RCCEx_GetPLL3ClockFreq
 .text.HAL_RCCEx_GetPLL1ClockFreq
                0x08008d64      0x2a4 CMakeFiles/h7_Cmake_vs.dir/Drivers/STM32H7xx_HAL_Driver/Src/stm32h7xx_hal_rcc_ex.c.obj
                0x08008d64                HAL_RCCEx_GetPLL1ClockFreq
 .text.RCCEx_PLL2_Config
                0x08009008      0x164 CMakeFiles/h7_Cmake_vs.dir/Drivers/STM32H7xx_HAL_Driver/Src/stm32h7xx_hal_rcc_ex.c.obj
 .text.RCCEx_PLL3_Config
                0x0800916c      0x164 CMakeFiles/h7_Cmake_vs.dir/Drivers/STM32H7xx_HAL_Driver/Src/stm32h7xx_hal_rcc_ex.c.obj
 .text.HAL_GPIO_Init
                0x080092d0      0x360 CMakeFiles/h7_Cmake_vs.dir/Drivers/STM32H7xx_HAL_Driver/Src/stm32h7xx_hal_gpio.c.obj
                0x080092d0                HAL_GPIO_Init
 .text.HAL_GPIO_WritePin
                0x08009630       0x30 CMakeFiles/h7_Cmake_vs.dir/Drivers/STM32H7xx_HAL_Driver/Src/stm32h7xx_hal_gpio.c.obj
                0x08009630                HAL_GPIO_WritePin
 .text.HAL_DMA_Init
                0x08009660      0x6b8 CMakeFiles/h7_Cmake_vs.dir/Drivers/STM32H7xx_HAL_Driver/Src/stm32h7xx_hal_dma.c.obj
                0x08009660                HAL_DMA_Init
 .text.HAL_DMA_Start_IT
                0x08009d18      0x4d4 CMakeFiles/h7_Cmake_vs.dir/Drivers/STM32H7xx_HAL_Driver/Src/stm32h7xx_hal_dma.c.obj
                0x08009d18                HAL_DMA_Start_IT
 .text.HAL_DMA_IRQHandler
                0x0800a1ec      0xe34 CMakeFiles/h7_Cmake_vs.dir/Drivers/STM32H7xx_HAL_Driver/Src/stm32h7xx_hal_dma.c.obj
                0x0800a1ec                HAL_DMA_IRQHandler
 .text.DMA_SetConfig
                0x0800b020      0x354 CMakeFiles/h7_Cmake_vs.dir/Drivers/STM32H7xx_HAL_Driver/Src/stm32h7xx_hal_dma.c.obj
 .text.DMA_CalcBaseAndBitshift
                0x0800b374      0x164 CMakeFiles/h7_Cmake_vs.dir/Drivers/STM32H7xx_HAL_Driver/Src/stm32h7xx_hal_dma.c.obj
 .text.DMA_CheckFifoParam
                0x0800b4d8       0xf4 CMakeFiles/h7_Cmake_vs.dir/Drivers/STM32H7xx_HAL_Driver/Src/stm32h7xx_hal_dma.c.obj
 .text.DMA_CalcDMAMUXChannelBaseAndMask
                0x0800b5cc      0x134 CMakeFiles/h7_Cmake_vs.dir/Drivers/STM32H7xx_HAL_Driver/Src/stm32h7xx_hal_dma.c.obj
 .text.DMA_CalcDMAMUXRequestGenBaseAndMask
                0x0800b700       0xe8 CMakeFiles/h7_Cmake_vs.dir/Drivers/STM32H7xx_HAL_Driver/Src/stm32h7xx_hal_dma.c.obj
 .text.HAL_PWR_EnableBkUpAccess
                0x0800b7e8       0x1c CMakeFiles/h7_Cmake_vs.dir/Drivers/STM32H7xx_HAL_Driver/Src/stm32h7xx_hal_pwr.c.obj
                0x0800b7e8                HAL_PWR_EnableBkUpAccess
 .text.HAL_PWREx_ConfigSupply
                0x0800b804       0x74 CMakeFiles/h7_Cmake_vs.dir/Drivers/STM32H7xx_HAL_Driver/Src/stm32h7xx_hal_pwr_ex.c.obj
                0x0800b804                HAL_PWREx_ConfigSupply
 .text.__NVIC_SetPriorityGrouping
                0x0800b878       0x48 CMakeFiles/h7_Cmake_vs.dir/Drivers/STM32H7xx_HAL_Driver/Src/stm32h7xx_hal_cortex.c.obj
 .text.__NVIC_GetPriorityGrouping
                0x0800b8c0       0x1c CMakeFiles/h7_Cmake_vs.dir/Drivers/STM32H7xx_HAL_Driver/Src/stm32h7xx_hal_cortex.c.obj
 .text.__NVIC_EnableIRQ
                0x0800b8dc       0x38 CMakeFiles/h7_Cmake_vs.dir/Drivers/STM32H7xx_HAL_Driver/Src/stm32h7xx_hal_cortex.c.obj
 .text.__NVIC_SetPriority
                0x0800b914       0x54 CMakeFiles/h7_Cmake_vs.dir/Drivers/STM32H7xx_HAL_Driver/Src/stm32h7xx_hal_cortex.c.obj
 .text.NVIC_EncodePriority
                0x0800b968       0x6e CMakeFiles/h7_Cmake_vs.dir/Drivers/STM32H7xx_HAL_Driver/Src/stm32h7xx_hal_cortex.c.obj
 *fill*         0x0800b9d6        0x2 
 .text.SysTick_Config
                0x0800b9d8       0x44 CMakeFiles/h7_Cmake_vs.dir/Drivers/STM32H7xx_HAL_Driver/Src/stm32h7xx_hal_cortex.c.obj
 .text.HAL_NVIC_SetPriorityGrouping
                0x0800ba1c       0x16 CMakeFiles/h7_Cmake_vs.dir/Drivers/STM32H7xx_HAL_Driver/Src/stm32h7xx_hal_cortex.c.obj
                0x0800ba1c                HAL_NVIC_SetPriorityGrouping
 .text.HAL_NVIC_SetPriority
                0x0800ba32       0x34 CMakeFiles/h7_Cmake_vs.dir/Drivers/STM32H7xx_HAL_Driver/Src/stm32h7xx_hal_cortex.c.obj
                0x0800ba32                HAL_NVIC_SetPriority
 .text.HAL_NVIC_EnableIRQ
                0x0800ba66       0x1c CMakeFiles/h7_Cmake_vs.dir/Drivers/STM32H7xx_HAL_Driver/Src/stm32h7xx_hal_cortex.c.obj
                0x0800ba66                HAL_NVIC_EnableIRQ
 .text.HAL_SYSTICK_Config
                0x0800ba82       0x18 CMakeFiles/h7_Cmake_vs.dir/Drivers/STM32H7xx_HAL_Driver/Src/stm32h7xx_hal_cortex.c.obj
                0x0800ba82                HAL_SYSTICK_Config
 *fill*         0x0800ba9a        0x2 
 .text.HAL_MPU_Disable
                0x0800ba9c       0x2c CMakeFiles/h7_Cmake_vs.dir/Drivers/STM32H7xx_HAL_Driver/Src/stm32h7xx_hal_cortex.c.obj
                0x0800ba9c                HAL_MPU_Disable
 .text.HAL_MPU_Enable
                0x0800bac8       0x3c CMakeFiles/h7_Cmake_vs.dir/Drivers/STM32H7xx_HAL_Driver/Src/stm32h7xx_hal_cortex.c.obj
                0x0800bac8                HAL_MPU_Enable
 .text.HAL_MPU_ConfigRegion
                0x0800bb04       0x88 CMakeFiles/h7_Cmake_vs.dir/Drivers/STM32H7xx_HAL_Driver/Src/stm32h7xx_hal_cortex.c.obj
                0x0800bb04                HAL_MPU_ConfigRegion
 .text.HAL_Init
                0x0800bb8c       0x78 CMakeFiles/h7_Cmake_vs.dir/Drivers/STM32H7xx_HAL_Driver/Src/stm32h7xx_hal.c.obj
                0x0800bb8c                HAL_Init
 .text.HAL_InitTick
                0x0800bc04       0x6c CMakeFiles/h7_Cmake_vs.dir/Drivers/STM32H7xx_HAL_Driver/Src/stm32h7xx_hal.c.obj
                0x0800bc04                HAL_InitTick
 .text.HAL_IncTick
                0x0800bc70       0x24 CMakeFiles/h7_Cmake_vs.dir/Drivers/STM32H7xx_HAL_Driver/Src/stm32h7xx_hal.c.obj
                0x0800bc70                HAL_IncTick
 .text.HAL_GetTick
                0x0800bc94       0x14 CMakeFiles/h7_Cmake_vs.dir/Drivers/STM32H7xx_HAL_Driver/Src/stm32h7xx_hal.c.obj
                0x0800bc94                HAL_GetTick
 .text.HAL_GetREVID
                0x0800bca8       0x18 CMakeFiles/h7_Cmake_vs.dir/Drivers/STM32H7xx_HAL_Driver/Src/stm32h7xx_hal.c.obj
                0x0800bca8                HAL_GetREVID
 .text.HAL_TIM_Base_Init
                0x0800bcc0       0xae CMakeFiles/h7_Cmake_vs.dir/Drivers/STM32H7xx_HAL_Driver/Src/stm32h7xx_hal_tim.c.obj
                0x0800bcc0                HAL_TIM_Base_Init
 *fill*         0x0800bd6e        0x2 
 .text.HAL_TIM_Base_Start
                0x0800bd70       0xdc CMakeFiles/h7_Cmake_vs.dir/Drivers/STM32H7xx_HAL_Driver/Src/stm32h7xx_hal_tim.c.obj
                0x0800bd70                HAL_TIM_Base_Start
 .text.HAL_TIM_PWM_Init
                0x0800be4c       0xae CMakeFiles/h7_Cmake_vs.dir/Drivers/STM32H7xx_HAL_Driver/Src/stm32h7xx_hal_tim.c.obj
                0x0800be4c                HAL_TIM_PWM_Init
 *fill*         0x0800befa        0x2 
 .text.HAL_TIM_PWM_Start
                0x0800befc      0x21c CMakeFiles/h7_Cmake_vs.dir/Drivers/STM32H7xx_HAL_Driver/Src/stm32h7xx_hal_tim.c.obj
                0x0800befc                HAL_TIM_PWM_Start
 .text.HAL_TIM_PWM_ConfigChannel
                0x0800c118      0x20e CMakeFiles/h7_Cmake_vs.dir/Drivers/STM32H7xx_HAL_Driver/Src/stm32h7xx_hal_tim.c.obj
                0x0800c118                HAL_TIM_PWM_ConfigChannel
 *fill*         0x0800c326        0x2 
 .text.HAL_TIM_ConfigClockSource
                0x0800c328      0x1f0 CMakeFiles/h7_Cmake_vs.dir/Drivers/STM32H7xx_HAL_Driver/Src/stm32h7xx_hal_tim.c.obj
                0x0800c328                HAL_TIM_ConfigClockSource
 .text.TIM_Base_SetConfig
                0x0800c518      0x130 CMakeFiles/h7_Cmake_vs.dir/Drivers/STM32H7xx_HAL_Driver/Src/stm32h7xx_hal_tim.c.obj
                0x0800c518                TIM_Base_SetConfig
 .text.TIM_OC1_SetConfig
                0x0800c648      0x120 CMakeFiles/h7_Cmake_vs.dir/Drivers/STM32H7xx_HAL_Driver/Src/stm32h7xx_hal_tim.c.obj
 .text.TIM_OC2_SetConfig
                0x0800c768      0x110 CMakeFiles/h7_Cmake_vs.dir/Drivers/STM32H7xx_HAL_Driver/Src/stm32h7xx_hal_tim.c.obj
                0x0800c768                TIM_OC2_SetConfig
 .text.TIM_OC3_SetConfig
                0x0800c878      0x110 CMakeFiles/h7_Cmake_vs.dir/Drivers/STM32H7xx_HAL_Driver/Src/stm32h7xx_hal_tim.c.obj
 .text.TIM_OC4_SetConfig
                0x0800c988       0xd0 CMakeFiles/h7_Cmake_vs.dir/Drivers/STM32H7xx_HAL_Driver/Src/stm32h7xx_hal_tim.c.obj
 .text.TIM_OC5_SetConfig
                0x0800ca58       0xc8 CMakeFiles/h7_Cmake_vs.dir/Drivers/STM32H7xx_HAL_Driver/Src/stm32h7xx_hal_tim.c.obj
 .text.TIM_OC6_SetConfig
                0x0800cb20       0xc8 CMakeFiles/h7_Cmake_vs.dir/Drivers/STM32H7xx_HAL_Driver/Src/stm32h7xx_hal_tim.c.obj
 .text.TIM_TI1_ConfigInputStage
                0x0800cbe8       0x5c CMakeFiles/h7_Cmake_vs.dir/Drivers/STM32H7xx_HAL_Driver/Src/stm32h7xx_hal_tim.c.obj
 .text.TIM_TI2_ConfigInputStage
                0x0800cc44       0x5e CMakeFiles/h7_Cmake_vs.dir/Drivers/STM32H7xx_HAL_Driver/Src/stm32h7xx_hal_tim.c.obj
 *fill*         0x0800cca2        0x2 
 .text.TIM_ITRx_SetConfig
                0x0800cca4       0x38 CMakeFiles/h7_Cmake_vs.dir/Drivers/STM32H7xx_HAL_Driver/Src/stm32h7xx_hal_tim.c.obj
 .text.TIM_ETR_SetConfig
                0x0800ccdc       0x3e CMakeFiles/h7_Cmake_vs.dir/Drivers/STM32H7xx_HAL_Driver/Src/stm32h7xx_hal_tim.c.obj
                0x0800ccdc                TIM_ETR_SetConfig
 .text.TIM_CCxChannelCmd
                0x0800cd1a       0x48 CMakeFiles/h7_Cmake_vs.dir/Drivers/STM32H7xx_HAL_Driver/Src/stm32h7xx_hal_tim.c.obj
                0x0800cd1a                TIM_CCxChannelCmd
 *fill*         0x0800cd62        0x2 
 .text.HAL_TIMEx_MasterConfigSynchronization
                0x0800cd64      0x11c CMakeFiles/h7_Cmake_vs.dir/Drivers/STM32H7xx_HAL_Driver/Src/stm32h7xx_hal_tim_ex.c.obj
                0x0800cd64                HAL_TIMEx_MasterConfigSynchronization
 .text.HAL_UART_Init
                0x0800ce80       0xa0 CMakeFiles/h7_Cmake_vs.dir/Drivers/STM32H7xx_HAL_Driver/Src/stm32h7xx_hal_uart.c.obj
                0x0800ce80                HAL_UART_Init
 .text.HAL_UART_Transmit
                0x0800cf20      0x11c CMakeFiles/h7_Cmake_vs.dir/Drivers/STM32H7xx_HAL_Driver/Src/stm32h7xx_hal_uart.c.obj
                0x0800cf20                HAL_UART_Transmit
 .text.UART_SetConfig
                0x0800d03c      0x8bc CMakeFiles/h7_Cmake_vs.dir/Drivers/STM32H7xx_HAL_Driver/Src/stm32h7xx_hal_uart.c.obj
                0x0800d03c                UART_SetConfig
 .text.UART_AdvFeatureConfig
                0x0800d8f8      0x142 CMakeFiles/h7_Cmake_vs.dir/Drivers/STM32H7xx_HAL_Driver/Src/stm32h7xx_hal_uart.c.obj
                0x0800d8f8                UART_AdvFeatureConfig
 .text.UART_CheckIdleState
                0x0800da3a      0x154 CMakeFiles/h7_Cmake_vs.dir/Drivers/STM32H7xx_HAL_Driver/Src/stm32h7xx_hal_uart.c.obj
                0x0800da3a                UART_CheckIdleState
 .text.UART_WaitOnFlagUntilTimeout
                0x0800db8e       0xce CMakeFiles/h7_Cmake_vs.dir/Drivers/STM32H7xx_HAL_Driver/Src/stm32h7xx_hal_uart.c.obj
                0x0800db8e                UART_WaitOnFlagUntilTimeout
 .text.UART_EndRxTransfer
                0x0800dc5c       0xcc CMakeFiles/h7_Cmake_vs.dir/Drivers/STM32H7xx_HAL_Driver/Src/stm32h7xx_hal_uart.c.obj
 .text.HAL_UARTEx_DisableFifoMode
                0x0800dd28       0x70 CMakeFiles/h7_Cmake_vs.dir/Drivers/STM32H7xx_HAL_Driver/Src/stm32h7xx_hal_uart_ex.c.obj
                0x0800dd28                HAL_UARTEx_DisableFifoMode
 .text.HAL_UARTEx_SetTxFifoThreshold
                0x0800dd98       0x7c CMakeFiles/h7_Cmake_vs.dir/Drivers/STM32H7xx_HAL_Driver/Src/stm32h7xx_hal_uart_ex.c.obj
                0x0800dd98                HAL_UARTEx_SetTxFifoThreshold
 .text.HAL_UARTEx_SetRxFifoThreshold
                0x0800de14       0x7c CMakeFiles/h7_Cmake_vs.dir/Drivers/STM32H7xx_HAL_Driver/Src/stm32h7xx_hal_uart_ex.c.obj
                0x0800de14                HAL_UARTEx_SetRxFifoThreshold
 .text.UARTEx_SetNbDataToProcess
                0x0800de90       0x98 CMakeFiles/h7_Cmake_vs.dir/Drivers/STM32H7xx_HAL_Driver/Src/stm32h7xx_hal_uart_ex.c.obj
 .text.SystemInit
                0x0800df28      0x110 CMakeFiles/h7_Cmake_vs.dir/Core/Src/system_stm32h7xx.c.obj
                0x0800df28                SystemInit
 .text._sbrk    0x0800e038       0x6c CMakeFiles/h7_Cmake_vs.dir/Core/Src/sysmem.c.obj
                0x0800e038                _sbrk
 .text._getpid  0x0800e0a4        0xe CMakeFiles/h7_Cmake_vs.dir/Core/Src/syscalls.c.obj
                0x0800e0a4                _getpid
 .text._kill    0x0800e0b2       0x20 CMakeFiles/h7_Cmake_vs.dir/Core/Src/syscalls.c.obj
                0x0800e0b2                _kill
 .text._exit    0x0800e0d2       0x16 CMakeFiles/h7_Cmake_vs.dir/Core/Src/syscalls.c.obj
                0x0800e0d2                _exit
 .text._read    0x0800e0e8       0x3a CMakeFiles/h7_Cmake_vs.dir/Core/Src/syscalls.c.obj
                0x0800e0e8                _read
 .text._close   0x0800e122       0x16 CMakeFiles/h7_Cmake_vs.dir/Core/Src/syscalls.c.obj
                0x0800e122                _close
 .text._fstat   0x0800e138       0x1e CMakeFiles/h7_Cmake_vs.dir/Core/Src/syscalls.c.obj
                0x0800e138                _fstat
 .text._isatty  0x0800e156       0x14 CMakeFiles/h7_Cmake_vs.dir/Core/Src/syscalls.c.obj
                0x0800e156                _isatty
 .text._lseek   0x0800e16a       0x18 CMakeFiles/h7_Cmake_vs.dir/Core/Src/syscalls.c.obj
                0x0800e16a                _lseek
 *fill*         0x0800e182        0x2 
 .text.Reset_Handler
                0x0800e184       0x50 CMakeFiles/h7_Cmake_vs.dir/startup_stm32h743xx.s.obj
                0x0800e184                Reset_Handler
 .text.Default_Handler
                0x0800e1d4        0x2 CMakeFiles/h7_Cmake_vs.dir/startup_stm32h743xx.s.obj
                0x0800e1d4                RTC_Alarm_IRQHandler
                0x0800e1d4                EXTI2_IRQHandler
                0x0800e1d4                TIM8_CC_IRQHandler
                0x0800e1d4                HRTIM1_Master_IRQHandler
                0x0800e1d4                UART8_IRQHandler
                0x0800e1d4                SPI4_IRQHandler
                0x0800e1d4                TIM1_CC_IRQHandler
                0x0800e1d4                BDMA_Channel6_IRQHandler
                0x0800e1d4                DMA2_Stream5_IRQHandler
                0x0800e1d4                HRTIM1_FLT_IRQHandler
                0x0800e1d4                JPEG_IRQHandler
                0x0800e1d4                DMA1_Stream5_IRQHandler
                0x0800e1d4                BDMA_Channel1_IRQHandler
                0x0800e1d4                HRTIM1_TIMD_IRQHandler
                0x0800e1d4                TAMP_STAMP_IRQHandler
                0x0800e1d4                EXTI3_IRQHandler
                0x0800e1d4                LPTIM4_IRQHandler
                0x0800e1d4                TIM8_TRG_COM_TIM14_IRQHandler
                0x0800e1d4                LPTIM2_IRQHandler
                0x0800e1d4                DFSDM1_FLT1_IRQHandler
                0x0800e1d4                DMAMUX2_OVR_IRQHandler
                0x0800e1d4                TIM8_UP_TIM13_IRQHandler
                0x0800e1d4                I2C3_ER_IRQHandler
                0x0800e1d4                DFSDM1_FLT2_IRQHandler
                0x0800e1d4                MDMA_IRQHandler
                0x0800e1d4                LPTIM3_IRQHandler
                0x0800e1d4                HSEM1_IRQHandler
                0x0800e1d4                EXTI0_IRQHandler
                0x0800e1d4                I2C2_EV_IRQHandler
                0x0800e1d4                DMA1_Stream2_IRQHandler
                0x0800e1d4                FPU_IRQHandler
                0x0800e1d4                OTG_HS_WKUP_IRQHandler
                0x0800e1d4                FDCAN1_IT1_IRQHandler
                0x0800e1d4                LTDC_ER_IRQHandler
                0x0800e1d4                DMA2_Stream2_IRQHandler
                0x0800e1d4                HRTIM1_TIME_IRQHandler
                0x0800e1d4                SPI1_IRQHandler
                0x0800e1d4                TIM6_DAC_IRQHandler
                0x0800e1d4                DCMI_IRQHandler
                0x0800e1d4                HRTIM1_TIMC_IRQHandler
                0x0800e1d4                DMA2_Stream3_IRQHandler
                0x0800e1d4                SAI2_IRQHandler
                0x0800e1d4                DFSDM1_FLT3_IRQHandler
                0x0800e1d4                USART6_IRQHandler
                0x0800e1d4                TIM17_IRQHandler
                0x0800e1d4                USART3_IRQHandler
                0x0800e1d4                BDMA_Channel7_IRQHandler
                0x0800e1d4                LPTIM5_IRQHandler
                0x0800e1d4                UART5_IRQHandler
                0x0800e1d4                ADC3_IRQHandler
                0x0800e1d4                DMA2_Stream0_IRQHandler
                0x0800e1d4                TIM4_IRQHandler
                0x0800e1d4                BDMA_Channel2_IRQHandler
                0x0800e1d4                QUADSPI_IRQHandler
                0x0800e1d4                I2C1_EV_IRQHandler
                0x0800e1d4                DMA1_Stream6_IRQHandler
                0x0800e1d4                DMAMUX1_OVR_IRQHandler
                0x0800e1d4                DMA1_Stream1_IRQHandler
                0x0800e1d4                TIM16_IRQHandler
                0x0800e1d4                UART4_IRQHandler
                0x0800e1d4                BDMA_Channel5_IRQHandler
                0x0800e1d4                TIM3_IRQHandler
                0x0800e1d4                RCC_IRQHandler
                0x0800e1d4                TIM8_BRK_TIM12_IRQHandler
                0x0800e1d4                TIM1_TRG_COM_IRQHandler
                0x0800e1d4                Default_Handler
                0x0800e1d4                ECC_IRQHandler
                0x0800e1d4                CEC_IRQHandler
                0x0800e1d4                EXTI15_10_IRQHandler
                0x0800e1d4                BDMA_Channel0_IRQHandler
                0x0800e1d4                ADC_IRQHandler
                0x0800e1d4                DMA1_Stream7_IRQHandler
                0x0800e1d4                HRTIM1_TIMA_IRQHandler
                0x0800e1d4                SPI5_IRQHandler
                0x0800e1d4                TIM7_IRQHandler
                0x0800e1d4                SDMMC1_IRQHandler
                0x0800e1d4                TIM5_IRQHandler
                0x0800e1d4                DMA2_Stream7_IRQHandler
                0x0800e1d4                TIM15_IRQHandler
                0x0800e1d4                PVD_AVD_IRQHandler
                0x0800e1d4                I2C3_EV_IRQHandler
                0x0800e1d4                EXTI9_5_IRQHandler
                0x0800e1d4                RTC_WKUP_IRQHandler
                0x0800e1d4                LTDC_IRQHandler
                0x0800e1d4                SAI3_IRQHandler
                0x0800e1d4                ETH_WKUP_IRQHandler
                0x0800e1d4                SPDIF_RX_IRQHandler
                0x0800e1d4                SPI2_IRQHandler
                0x0800e1d4                OTG_HS_EP1_IN_IRQHandler
                0x0800e1d4                CRS_IRQHandler
                0x0800e1d4                EXTI4_IRQHandler
                0x0800e1d4                RNG_IRQHandler
                0x0800e1d4                HRTIM1_TIMB_IRQHandler
                0x0800e1d4                FDCAN2_IT1_IRQHandler
                0x0800e1d4                ETH_IRQHandler
                0x0800e1d4                TIM1_UP_IRQHandler
                0x0800e1d4                BDMA_Channel4_IRQHandler
                0x0800e1d4                OTG_HS_EP1_OUT_IRQHandler
                0x0800e1d4                WWDG_IRQHandler
                0x0800e1d4                SPI6_IRQHandler
                0x0800e1d4                MDIOS_IRQHandler
                0x0800e1d4                I2C4_EV_IRQHandler
                0x0800e1d4                FDCAN2_IT0_IRQHandler
                0x0800e1d4                LPUART1_IRQHandler
                0x0800e1d4                FDCAN1_IT0_IRQHandler
                0x0800e1d4                TIM2_IRQHandler
                0x0800e1d4                OTG_FS_WKUP_IRQHandler
                0x0800e1d4                OTG_HS_IRQHandler
                0x0800e1d4                DMA2D_IRQHandler
                0x0800e1d4                TIM1_BRK_IRQHandler
                0x0800e1d4                EXTI1_IRQHandler
                0x0800e1d4                SDMMC2_IRQHandler
                0x0800e1d4                OTG_FS_EP1_OUT_IRQHandler
                0x0800e1d4                BDMA_Channel3_IRQHandler
                0x0800e1d4                UART7_IRQHandler
                0x0800e1d4                MDIOS_WKUP_IRQHandler
                0x0800e1d4                USART2_IRQHandler
                0x0800e1d4                DFSDM1_FLT0_IRQHandler
                0x0800e1d4                SAI4_IRQHandler
                0x0800e1d4                I2C2_ER_IRQHandler
                0x0800e1d4                DMA2_Stream1_IRQHandler
                0x0800e1d4                FLASH_IRQHandler
                0x0800e1d4                DMA2_Stream4_IRQHandler
                0x0800e1d4                USART1_IRQHandler
                0x0800e1d4                OTG_FS_IRQHandler
                0x0800e1d4                SPI3_IRQHandler
                0x0800e1d4                WAKEUP_PIN_IRQHandler
                0x0800e1d4                DMA1_Stream4_IRQHandler
                0x0800e1d4                OTG_FS_EP1_IN_IRQHandler
                0x0800e1d4                I2C1_ER_IRQHandler
                0x0800e1d4                FMC_IRQHandler
                0x0800e1d4                FDCAN_CAL_IRQHandler
                0x0800e1d4                SWPMI1_IRQHandler
                0x0800e1d4                COMP1_IRQHandler
                0x0800e1d4                LPTIM1_IRQHandler
                0x0800e1d4                I2C4_ER_IRQHandler
                0x0800e1d4                DMA2_Stream6_IRQHandler
                0x0800e1d4                SAI1_IRQHandler
                0x0800e1d4                DMA1_Stream3_IRQHandler
 *fill*         0x0800e1d6        0x2 
 .text.__udivmoddi4
                0x0800e1d8      0x320 C:/Program Files (x86)/Arm/GNU Toolchain mingw-w64-i686-arm-none-eabi/bin/../lib/gcc/arm-none-eabi/15.2.1/thumb/v7e-m+dp/hard\libgcc.a(_udivmoddi4.o)
                0x0800e1d8                __udivmoddi4
 .text.printf   0x0800e4f8       0x24 C:/Program Files (x86)/Arm/GNU Toolchain mingw-w64-i686-arm-none-eabi/bin/../lib/gcc/arm-none-eabi/15.2.1/../../../../arm-none-eabi/lib/thumb/v7e-m+dp/hard\libg_nano.a(libc_a-printf.o)
                0x0800e4f8                iprintf
                0x0800e4f8                printf
 .text._puts_r  0x0800e51c       0xaa C:/Program Files (x86)/Arm/GNU Toolchain mingw-w64-i686-arm-none-eabi/bin/../lib/gcc/arm-none-eabi/15.2.1/../../../../arm-none-eabi/lib/thumb/v7e-m+dp/hard\libg_nano.a(libc_a-puts.o)
                0x0800e51c                _puts_r
 *fill*         0x0800e5c6        0x2 
 .text.puts     0x0800e5c8       0x10 C:/Program Files (x86)/Arm/GNU Toolchain mingw-w64-i686-arm-none-eabi/bin/../lib/gcc/arm-none-eabi/15.2.1/../../../../arm-none-eabi/lib/thumb/v7e-m+dp/hard\libg_nano.a(libc_a-puts.o)
                0x0800e5c8                puts
 .text.__errno  0x0800e5d8        0xc C:/Program Files (x86)/Arm/GNU Toolchain mingw-w64-i686-arm-none-eabi/bin/../lib/gcc/arm-none-eabi/15.2.1/../../../../arm-none-eabi/lib/thumb/v7e-m+dp/hard\libg_nano.a(libc_a-errno.o)
                0x0800e5d8                __errno
 *fill*         0x0800e5e4        0x4 
 .text.sqrt     0x0800e5e8       0x58 C:/Program Files (x86)/Arm/GNU Toolchain mingw-w64-i686-arm-none-eabi/bin/../lib/gcc/arm-none-eabi/15.2.1/../../../../arm-none-eabi/lib/thumb/v7e-m+dp/hard\libm.a(libm_a-w_sqrt.o)
                0x0800e5e8                sqrt
 .text.asinf    0x0800e640       0x58 C:/Program Files (x86)/Arm/GNU Toolchain mingw-w64-i686-arm-none-eabi/bin/../lib/gcc/arm-none-eabi/15.2.1/../../../../arm-none-eabi/lib/thumb/v7e-m+dp/hard\libm.a(libm_a-wf_asin.o)
                0x0800e640                asinf
 .text.fabsf    0x0800e698       0x10 C:/Program Files (x86)/Arm/GNU Toolchain mingw-w64-i686-arm-none-eabi/bin/../lib/gcc/arm-none-eabi/15.2.1/../../../../arm-none-eabi/lib/thumb/v7e-m+dp/hard\libm.a(libm_a-sf_fabs.o)
                0x0800e698                fabsf
 .text.nanf     0x0800e6a8        0xc C:/Program Files (x86)/Arm/GNU Toolchain mingw-w64-i686-arm-none-eabi/bin/../lib/gcc/arm-none-eabi/15.2.1/../../../../arm-none-eabi/lib/thumb/v7e-m+dp/hard\libm.a(libm_a-sf_nan.o)
                0x0800e6a8                nanf
 .text.__ieee754_sqrt
                0x0800e6b4        0x8 C:/Program Files (x86)/Arm/GNU Toolchain mingw-w64-i686-arm-none-eabi/bin/../lib/gcc/arm-none-eabi/15.2.1/../../../../arm-none-eabi/lib/thumb/v7e-m+dp/hard\libm.a(libm_a-e_sqrt.o)
                0x0800e6b4                __ieee754_sqrt
 .text.__ieee754_asinf
                0x0800e6bc      0x214 C:/Program Files (x86)/Arm/GNU Toolchain mingw-w64-i686-arm-none-eabi/bin/../lib/gcc/arm-none-eabi/15.2.1/../../../../arm-none-eabi/lib/thumb/v7e-m+dp/hard\libm.a(libm_a-ef_asin.o)
                0x0800e6bc                __ieee754_asinf
 .text.__ieee754_sqrtf
                0x0800e8d0        0x8 C:/Program Files (x86)/Arm/GNU Toolchain mingw-w64-i686-arm-none-eabi/bin/../lib/gcc/arm-none-eabi/15.2.1/../../../../arm-none-eabi/lib/thumb/v7e-m+dp/hard\libm.a(libm_a-ef_sqrt.o)
                0x0800e8d0                __ieee754_sqrtf
 *(.glue_7)
 .glue_7        0x0800e8d8        0x0 linker stubs
 *(.glue_7t)
 .glue_7t       0x0800e8d8        0x0 linker stubs
 *(.eh_frame)
 .eh_frame      0x0800e8d8        0x0 C:/Program Files (x86)/Arm/GNU Toolchain mingw-w64-i686-arm-none-eabi/bin/../lib/gcc/arm-none-eabi/15.2.1/thumb/v7e-m+dp/hard/crtbegin.o
 *(.init)
 .init          0x0800e8d8        0x4 C:/Program Files (x86)/Arm/GNU Toolchain mingw-w64-i686-arm-none-eabi/bin/../lib/gcc/arm-none-eabi/15.2.1/thumb/v7e-m+dp/hard/crti.o
                0x0800e8d8                _init
 .init          0x0800e8dc        0x8 C:/Program Files (x86)/Arm/GNU Toolchain mingw-w64-i686-arm-none-eabi/bin/../lib/gcc/arm-none-eabi/15.2.1/thumb/v7e-m+dp/hard/crtn.o
 *(.fini)
 .fini          0x0800e8e4        0x4 C:/Program Files (x86)/Arm/GNU Toolchain mingw-w64-i686-arm-none-eabi/bin/../lib/gcc/arm-none-eabi/15.2.1/thumb/v7e-m+dp/hard/crti.o
                0x0800e8e4                _fini
 .fini          0x0800e8e8        0x8 C:/Program Files (x86)/Arm/GNU Toolchain mingw-w64-i686-arm-none-eabi/bin/../lib/gcc/arm-none-eabi/15.2.1/thumb/v7e-m+dp/hard/crtn.o
                0x0800e8f0                        . = ALIGN (0x4)
                0x0800e8f0                        _etext = .

.vfp11_veneer   0x0800e8f0        0x0
 .vfp11_veneer  0x0800e8f0        0x0 linker stubs

.v4_bx          0x0800e8f0        0x0
 .v4_bx         0x0800e8f0        0x0 linker stubs

.iplt           0x0800e8f0        0x0
 .iplt          0x0800e8f0        0x0 C:/Program Files (x86)/Arm/GNU Toolchain mingw-w64-i686-arm-none-eabi/bin/../lib/gcc/arm-none-eabi/15.2.1/thumb/v7e-m+dp/hard/crtbegin.o

.rodata         0x0800e8f0      0x448
                0x0800e8f0                        . = ALIGN (0x4)
 *(.rodata)
 .rodata        0x0800e8f0       0x8c CMakeFiles/h7_Cmake_vs.dir/Core/Src/app.c.obj
 *(.rodata*)
 .rodata._printf_float.str1.1
                0x0800e97c      0x173 C:/Program Files (x86)/Arm/GNU Toolchain mingw-w64-i686-arm-none-eabi/bin/../lib/gcc/arm-none-eabi/15.2.1/../../../../arm-none-eabi/lib/thumb/v7e-m+dp/hard\libc_nano.a(libc_a-nano-vfprintf_float.o)
                                 0x12 (size before relaxing)
 .rodata._printf_i.str1.1
                0x0800eaef        0x0 C:/Program Files (x86)/Arm/GNU Toolchain mingw-w64-i686-arm-none-eabi/bin/../lib/gcc/arm-none-eabi/15.2.1/../../../../arm-none-eabi/lib/thumb/v7e-m+dp/hard\libc_nano.a(libc_a-nano-vfprintf_i.o)
                                 0x22 (size before relaxing)
 .rodata._dtoa_r.str1.1
                0x0800eaef        0x0 C:/Program Files (x86)/Arm/GNU Toolchain mingw-w64-i686-arm-none-eabi/bin/../lib/gcc/arm-none-eabi/15.2.1/../../../../arm-none-eabi/lib/thumb/v7e-m+dp/hard\libc_nano.a(libc_a-dtoa.o)
                                 0x90 (size before relaxing)
 .rodata._Balloc.str1.1
                0x0800eaef        0x0 C:/Program Files (x86)/Arm/GNU Toolchain mingw-w64-i686-arm-none-eabi/bin/../lib/gcc/arm-none-eabi/15.2.1/../../../../arm-none-eabi/lib/thumb/v7e-m+dp/hard\libc_nano.a(libc_a-mprec.o)
                                 0x71 (size before relaxing)
 .rodata.__multadd.str1.1
                0x0800eaef        0x0 C:/Program Files (x86)/Arm/GNU Toolchain mingw-w64-i686-arm-none-eabi/bin/../lib/gcc/arm-none-eabi/15.2.1/../../../../arm-none-eabi/lib/thumb/v7e-m+dp/hard\libc_nano.a(libc_a-mprec.o)
                                 0x11 (size before relaxing)
 *fill*         0x0800eaef        0x1 
 .rodata.p05.0  0x0800eaf0        0xc C:/Program Files (x86)/Arm/GNU Toolchain mingw-w64-i686-arm-none-eabi/bin/../lib/gcc/arm-none-eabi/15.2.1/../../../../arm-none-eabi/lib/thumb/v7e-m+dp/hard\libc_nano.a(libc_a-mprec.o)
 *fill*         0x0800eafc        0x4 
 .rodata.__mprec_bigtens
                0x0800eb00       0x28 C:/Program Files (x86)/Arm/GNU Toolchain mingw-w64-i686-arm-none-eabi/bin/../lib/gcc/arm-none-eabi/15.2.1/../../../../arm-none-eabi/lib/thumb/v7e-m+dp/hard\libc_nano.a(libc_a-mprec.o)
                0x0800eb00                __mprec_bigtens
 .rodata.__mprec_tens
                0x0800eb28       0xc8 C:/Program Files (x86)/Arm/GNU Toolchain mingw-w64-i686-arm-none-eabi/bin/../lib/gcc/arm-none-eabi/15.2.1/../../../../arm-none-eabi/lib/thumb/v7e-m+dp/hard\libc_nano.a(libc_a-mprec.o)
                0x0800eb28                __mprec_tens
 .rodata._setlocale_r.str1.1
                0x0800ebf0        0x0 C:/Program Files (x86)/Arm/GNU Toolchain mingw-w64-i686-arm-none-eabi/bin/../lib/gcc/arm-none-eabi/15.2.1/../../../../arm-none-eabi/lib/thumb/v7e-m+dp/hard\libc_nano.a(libc_a-locale.o)
                                  0x9 (size before relaxing)
 .rodata.str1.1
                0x0800ebf0        0x0 C:/Program Files (x86)/Arm/GNU Toolchain mingw-w64-i686-arm-none-eabi/bin/../lib/gcc/arm-none-eabi/15.2.1/../../../../arm-none-eabi/lib/thumb/v7e-m+dp/hard\libc_nano.a(libc_a-locale.o)
                                  0x2 (size before relaxing)
 .rodata.__assert_func.str1.1
                0x0800ebf0        0x0 C:/Program Files (x86)/Arm/GNU Toolchain mingw-w64-i686-arm-none-eabi/bin/../lib/gcc/arm-none-eabi/15.2.1/../../../../arm-none-eabi/lib/thumb/v7e-m+dp/hard\libc_nano.a(libc_a-assert.o)
                                 0x3d (size before relaxing)
 .rodata._ctype_
                0x0800ebf0      0x101 C:/Program Files (x86)/Arm/GNU Toolchain mingw-w64-i686-arm-none-eabi/bin/../lib/gcc/arm-none-eabi/15.2.1/../../../../arm-none-eabi/lib/thumb/v7e-m+dp/hard\libc_nano.a(libc_a-ctype_.o)
                0x0800ebf0                _ctype_
 .rodata._vfprintf_r.str1.1
                0x0800ecf1        0x0 C:/Program Files (x86)/Arm/GNU Toolchain mingw-w64-i686-arm-none-eabi/bin/../lib/gcc/arm-none-eabi/15.2.1/../../../../arm-none-eabi/lib/thumb/v7e-m+dp/hard\libc_nano.a(libc_a-nano-vfprintf.o)
                                 0x11 (size before relaxing)
 *fill*         0x0800ecf1        0x3 
 .rodata.flagBitshiftOffset.0
                0x0800ecf4        0x8 CMakeFiles/h7_Cmake_vs.dir/Drivers/STM32H7xx_HAL_Driver/Src/stm32h7xx_hal_dma.c.obj
 .rodata.UARTPrescTable
                0x0800ecfc       0x18 CMakeFiles/h7_Cmake_vs.dir/Drivers/STM32H7xx_HAL_Driver/Src/stm32h7xx_hal_uart.c.obj
                0x0800ecfc                UARTPrescTable
 .rodata.numerator.1
                0x0800ed14        0x8 CMakeFiles/h7_Cmake_vs.dir/Drivers/STM32H7xx_HAL_Driver/Src/stm32h7xx_hal_uart_ex.c.obj
 .rodata.denominator.0
                0x0800ed1c        0x8 CMakeFiles/h7_Cmake_vs.dir/Drivers/STM32H7xx_HAL_Driver/Src/stm32h7xx_hal_uart_ex.c.obj
 .rodata.D1CorePrescTable
                0x0800ed24       0x10 CMakeFiles/h7_Cmake_vs.dir/Core/Src/system_stm32h7xx.c.obj
                0x0800ed24                D1CorePrescTable
 .rodata.asinf.str1.4
                0x0800ed34        0x1 C:/Program Files (x86)/Arm/GNU Toolchain mingw-w64-i686-arm-none-eabi/bin/../lib/gcc/arm-none-eabi/15.2.1/../../../../arm-none-eabi/lib/thumb/v7e-m+dp/hard\libm.a(libm_a-wf_asin.o)
                0x0800ed38                        . = ALIGN (0x4)
 *fill*         0x0800ed35        0x3 

.ARM.extab
 *(.ARM.extab* .gnu.linkonce.armextab.*)

.ARM            0x0800ed38        0x8
                0x0800ed38                        __exidx_start = .
 *(.ARM.exidx*)
 .ARM.exidx     0x0800ed38        0x8 C:/Program Files (x86)/Arm/GNU Toolchain mingw-w64-i686-arm-none-eabi/bin/../lib/gcc/arm-none-eabi/15.2.1/../../../../arm-none-eabi/lib/thumb/v7e-m+dp/hard\libc_nano.a(libc_a-memchr.o)
 .ARM.exidx     0x0800ed40        0x0 C:/Program Files (x86)/Arm/GNU Toolchain mingw-w64-i686-arm-none-eabi/bin/../lib/gcc/arm-none-eabi/15.2.1/../../../../arm-none-eabi/lib/thumb/v7e-m+dp/hard\libc_nano.a(libc_a-strlen.o)
                                  0x8 (size before relaxing)
 .ARM.exidx.text.__udivmoddi4
                0x0800ed40        0x0 C:/Program Files (x86)/Arm/GNU Toolchain mingw-w64-i686-arm-none-eabi/bin/../lib/gcc/arm-none-eabi/15.2.1/thumb/v7e-m+dp/hard\libgcc.a(_udivmoddi4.o)
                                  0x8 (size before relaxing)
                0x0800ed40                        __exidx_end = .

.rel.dyn        0x0800ed40        0x0
 .rel.iplt      0x0800ed40        0x0 C:/Program Files (x86)/Arm/GNU Toolchain mingw-w64-i686-arm-none-eabi/bin/../lib/gcc/arm-none-eabi/15.2.1/thumb/v7e-m+dp/hard/crtbegin.o

.preinit_array  0x0800ed40        0x0
                0x0800ed40                        PROVIDE (__preinit_array_start = .)
 *(.preinit_array*)
                0x0800ed40                        PROVIDE (__preinit_array_end = .)

.init_array     0x0800ed40        0x4
                0x0800ed40                        PROVIDE (__init_array_start = .)
 *(SORT_BY_NAME(.init_array.*))
 *(.init_array*)
 .init_array    0x0800ed40        0x4 C:/Program Files (x86)/Arm/GNU Toolchain mingw-w64-i686-arm-none-eabi/bin/../lib/gcc/arm-none-eabi/15.2.1/thumb/v7e-m+dp/hard/crtbegin.o
                0x0800ed44                        PROVIDE (__init_array_end = .)

.fini_array     0x0800ed44        0x4
                [!provide]                        PROVIDE (__fini_array_start = .)
 *(SORT_BY_NAME(.fini_array.*))
 *(.fini_array*)
 .fini_array    0x0800ed44        0x4 C:/Program Files (x86)/Arm/GNU Toolchain mingw-w64-i686-arm-none-eabi/bin/../lib/gcc/arm-none-eabi/15.2.1/thumb/v7e-m+dp/hard/crtbegin.o
                [!provide]                        PROVIDE (__fini_array_end = .)
                0x0800ed48                        _sidata = LOADADDR (.data)

.data           0x20000000      0x1d8 load address 0x0800ed48
                0x20000000                        . = ALIGN (0x4)
                0x20000000                        _sdata = .
 *(.data)
 *(.data*)
 .data.__sglue  0x20000000        0xc C:/Program Files (x86)/Arm/GNU Toolchain mingw-w64-i686-arm-none-eabi/bin/../lib/gcc/arm-none-eabi/15.2.1/../../../../arm-none-eabi/lib/thumb/v7e-m+dp/hard\libc_nano.a(libc_a-findfp.o)
                0x20000000                __sglue
 .data._impure_ptr
                0x2000000c        0x4 C:/Program Files (x86)/Arm/GNU Toolchain mingw-w64-i686-arm-none-eabi/bin/../lib/gcc/arm-none-eabi/15.2.1/../../../../arm-none-eabi/lib/thumb/v7e-m+dp/hard\libc_nano.a(libc_a-impure.o)
                0x2000000c                _impure_ptr
 .data._impure_data
                0x20000010       0x4c C:/Program Files (x86)/Arm/GNU Toolchain mingw-w64-i686-arm-none-eabi/bin/../lib/gcc/arm-none-eabi/15.2.1/../../../../arm-none-eabi/lib/thumb/v7e-m+dp/hard\libc_nano.a(libc_a-impure.o)
                0x20000010                _impure_data
 .data.__global_locale
                0x2000005c      0x16c C:/Program Files (x86)/Arm/GNU Toolchain mingw-w64-i686-arm-none-eabi/bin/../lib/gcc/arm-none-eabi/15.2.1/../../../../arm-none-eabi/lib/thumb/v7e-m+dp/hard\libc_nano.a(libc_a-locale.o)
                0x2000005c                __global_locale
 .data.uwTickPrio
                0x200001c8        0x4 CMakeFiles/h7_Cmake_vs.dir/Drivers/STM32H7xx_HAL_Driver/Src/stm32h7xx_hal.c.obj
                0x200001c8                uwTickPrio
 .data.uwTickFreq
                0x200001cc        0x1 CMakeFiles/h7_Cmake_vs.dir/Drivers/STM32H7xx_HAL_Driver/Src/stm32h7xx_hal.c.obj
                0x200001cc                uwTickFreq
 *fill*         0x200001cd        0x3 
 .data.SystemCoreClock
                0x200001d0        0x4 CMakeFiles/h7_Cmake_vs.dir/Core/Src/system_stm32h7xx.c.obj
                0x200001d0                SystemCoreClock
 .data.SystemD2Clock
                0x200001d4        0x4 CMakeFiles/h7_Cmake_vs.dir/Core/Src/system_stm32h7xx.c.obj
                0x200001d4                SystemD2Clock
                0x200001d8                        . = ALIGN (0x4)
                0x200001d8                        _edata = .

.tm_clone_table
                0x200001d8        0x0 load address 0x0800ef20
 .tm_clone_table
                0x200001d8        0x0 C:/Program Files (x86)/Arm/GNU Toolchain mingw-w64-i686-arm-none-eabi/bin/../lib/gcc/arm-none-eabi/15.2.1/thumb/v7e-m+dp/hard/crtbegin.o
 .tm_clone_table
                0x200001d8        0x0 C:/Program Files (x86)/Arm/GNU Toolchain mingw-w64-i686-arm-none-eabi/bin/../lib/gcc/arm-none-eabi/15.2.1/thumb/v7e-m+dp/hard/crtend.o

.igot.plt       0x200001d8        0x0 load address 0x0800ef20
 .igot.plt      0x200001d8        0x0 C:/Program Files (x86)/Arm/GNU Toolchain mingw-w64-i686-arm-none-eabi/bin/../lib/gcc/arm-none-eabi/15.2.1/thumb/v7e-m+dp/hard/crtbegin.o
                0x200001d8                        . = ALIGN (0x4)

.bss            0x200001d8     0x13a0 load address 0x0800ef20
                0x200001d8                        _sbss = .
                0x200001d8                        __bss_start__ = _sbss
 *(.bss)
 *(.bss*)
 .bss.completed.1
                0x200001d8        0x1 C:/Program Files (x86)/Arm/GNU Toolchain mingw-w64-i686-arm-none-eabi/bin/../lib/gcc/arm-none-eabi/15.2.1/thumb/v7e-m+dp/hard/crtbegin.o
 *fill*         0x200001d9        0x3 
 .bss.object.0  0x200001dc       0x18 C:/Program Files (x86)/Arm/GNU Toolchain mingw-w64-i686-arm-none-eabi/bin/../lib/gcc/arm-none-eabi/15.2.1/thumb/v7e-m+dp/hard/crtbegin.o
 .bss.__sf      0x200001f4      0x138 C:/Program Files (x86)/Arm/GNU Toolchain mingw-w64-i686-arm-none-eabi/bin/../lib/gcc/arm-none-eabi/15.2.1/../../../../arm-none-eabi/lib/thumb/v7e-m+dp/hard\libc_nano.a(libc_a-findfp.o)
                0x200001f4                __sf
 .bss.__stdio_exit_handler
                0x2000032c        0x4 C:/Program Files (x86)/Arm/GNU Toolchain mingw-w64-i686-arm-none-eabi/bin/../lib/gcc/arm-none-eabi/15.2.1/../../../../arm-none-eabi/lib/thumb/v7e-m+dp/hard\libc_nano.a(libc_a-findfp.o)
                0x2000032c                __stdio_exit_handler
 .bss.errno     0x20000330        0x4 C:/Program Files (x86)/Arm/GNU Toolchain mingw-w64-i686-arm-none-eabi/bin/../lib/gcc/arm-none-eabi/15.2.1/../../../../arm-none-eabi/lib/thumb/v7e-m+dp/hard\libc_nano.a(libc_a-reent.o)
                0x20000330                errno
 .bss.__lock___malloc_recursive_mutex
                0x20000334        0x1 C:/Program Files (x86)/Arm/GNU Toolchain mingw-w64-i686-arm-none-eabi/bin/../lib/gcc/arm-none-eabi/15.2.1/../../../../arm-none-eabi/lib/thumb/v7e-m+dp/hard\libc_nano.a(libc_a-lock.o)
                0x20000334                __lock___malloc_recursive_mutex
 .bss.__lock___sfp_recursive_mutex
                0x20000335        0x1 C:/Program Files (x86)/Arm/GNU Toolchain mingw-w64-i686-arm-none-eabi/bin/../lib/gcc/arm-none-eabi/15.2.1/../../../../arm-none-eabi/lib/thumb/v7e-m+dp/hard\libc_nano.a(libc_a-lock.o)
                0x20000335                __lock___sfp_recursive_mutex
 *fill*         0x20000336        0x2 
 .bss.__malloc_sbrk_start
                0x20000338        0x4 C:/Program Files (x86)/Arm/GNU Toolchain mingw-w64-i686-arm-none-eabi/bin/../lib/gcc/arm-none-eabi/15.2.1/../../../../arm-none-eabi/lib/thumb/v7e-m+dp/hard\libc_nano.a(libc_a-mallocr.o)
                0x20000338                __malloc_sbrk_start
 .bss.__malloc_free_list
                0x2000033c        0x4 C:/Program Files (x86)/Arm/GNU Toolchain mingw-w64-i686-arm-none-eabi/bin/../lib/gcc/arm-none-eabi/15.2.1/../../../../arm-none-eabi/lib/thumb/v7e-m+dp/hard\libc_nano.a(libc_a-mallocr.o)
                0x2000033c                __malloc_free_list
 .bss.frame_ready
                0x20000340        0x1 CMakeFiles/h7_Cmake_vs.dir/Core/Src/audio_io.c.obj
 *fill*         0x20000341        0x3 
 .bss.frame_ptr
                0x20000344        0x4 CMakeFiles/h7_Cmake_vs.dir/Core/Src/audio_io.c.obj
 .bss.hpL       0x20000348        0x8 CMakeFiles/h7_Cmake_vs.dir/Core/Src/audio_io.c.obj
 .bss.hpR       0x20000350        0x8 CMakeFiles/h7_Cmake_vs.dir/Core/Src/audio_io.c.obj
 .bss.lag_f     0x20000358        0x4 CMakeFiles/h7_Cmake_vs.dir/Core/Src/tdoa_ncc.c.obj
 .bss.servo_angle_f
                0x2000035c        0x4 CMakeFiles/h7_Cmake_vs.dir/Core/Src/servo.c.obj
 .bss.frameL    0x20000360      0x800 CMakeFiles/h7_Cmake_vs.dir/Core/Src/app.c.obj
 .bss.frameR    0x20000b60      0x800 CMakeFiles/h7_Cmake_vs.dir/Core/Src/app.c.obj
 .bss.noiseM_f  0x20001360        0x4 CMakeFiles/h7_Cmake_vs.dir/Core/Src/app.c.obj
 .bss.learn_cnt
                0x20001364        0x4 CMakeFiles/h7_Cmake_vs.dir/Core/Src/app.c.obj
 .bss.hadc2     0x20001368       0x64 CMakeFiles/h7_Cmake_vs.dir/Core/Src/adc.c.obj
                0x20001368                hadc2
 .bss.hdma_adc2
                0x200013cc       0x78 CMakeFiles/h7_Cmake_vs.dir/Core/Src/adc.c.obj
                0x200013cc                hdma_adc2
 .bss.htim2     0x20001444       0x4c CMakeFiles/h7_Cmake_vs.dir/Core/Src/tim.c.obj
                0x20001444                htim2
 .bss.htim3     0x20001490       0x4c CMakeFiles/h7_Cmake_vs.dir/Core/Src/tim.c.obj
                0x20001490                htim3
 .bss.huart1    0x200014dc       0x94 CMakeFiles/h7_Cmake_vs.dir/Core/Src/usart.c.obj
                0x200014dc                huart1
 .bss.uwTick    0x20001570        0x4 CMakeFiles/h7_Cmake_vs.dir/Drivers/STM32H7xx_HAL_Driver/Src/stm32h7xx_hal.c.obj
                0x20001570                uwTick
 .bss.__sbrk_heap_end
                0x20001574        0x4 CMakeFiles/h7_Cmake_vs.dir/Core/Src/sysmem.c.obj
 *(COMMON)
                0x20001578                        . = ALIGN (0x4)
                0x20001578                        _ebss = .
                0x20001578                        __bss_end__ = _ebss

.dma_buffer     0x24000000     0x2000
                0x24000000                        . = ALIGN (0x20)
                0x24000000                        _sdma_buffer = .
 *(.dma_buffer)
 .dma_buffer    0x24000000     0x2000 CMakeFiles/h7_Cmake_vs.dir/Core/Src/audio_io.c.obj
 *(.dma_buffer*)
                0x24002000                        . = ALIGN (0x20)
                0x24002000                        _edma_buffer = .

._user_heap_stack
                0x20001578     0x8000
                0x20001578                        . = ALIGN (0x8)
                [!provide]                        PROVIDE (end = .)
                0x20001578                        PROVIDE (_end = .)
                0x20005578                        . = (. + _Min_Heap_Size)
 *fill*         0x20001578     0x4000 
                0x20009578                        . = (. + _Min_Stack_Size)
 *fill*         0x20005578     0x4000 
                0x20009578                        . = ALIGN (0x8)

/DISCARD/
 libc.a(*)
 libm.a(*)
 libgcc.a(*)

.ARM.attributes
                0x00000000       0x2e
 *(.ARM.attributes)
 .ARM.attributes
                0x00000000       0x20 C:/Program Files (x86)/Arm/GNU Toolchain mingw-w64-i686-arm-none-eabi/bin/../lib/gcc/arm-none-eabi/15.2.1/thumb/v7e-m+dp/hard/crti.o
 .ARM.attributes
                0x00000020       0x32 C:/Program Files (x86)/Arm/GNU Toolchain mingw-w64-i686-arm-none-eabi/bin/../lib/gcc/arm-none-eabi/15.2.1/thumb/v7e-m+dp/hard/crtbegin.o
 .ARM.attributes
                0x00000052       0x32 C:/Program Files (x86)/Arm/GNU Toolchain mingw-w64-i686-arm-none-eabi/bin/../lib/gcc/arm-none-eabi/15.2.1/../../../../arm-none-eabi/lib/thumb/v7e-m+dp/hard\libc_nano.a(libc_a-nano-vfprintf_float.o)
 .ARM.attributes
                0x00000084       0x32 C:/Program Files (x86)/Arm/GNU Toolchain mingw-w64-i686-arm-none-eabi/bin/../lib/gcc/arm-none-eabi/15.2.1/../../../../arm-none-eabi/lib/thumb/v7e-m+dp/hard\libc_nano.a(libc_a-nano-vfprintf_i.o)
 .ARM.attributes
                0x000000b6       0x32 C:/Program Files (x86)/Arm/GNU Toolchain mingw-w64-i686-arm-none-eabi/bin/../lib/gcc/arm-none-eabi/15.2.1/../../../../arm-none-eabi/lib/thumb/v7e-m+dp/hard\libc_nano.a(libc_a-findfp.o)
 .ARM.attributes
                0x000000e8       0x32 C:/Program Files (x86)/Arm/GNU Toolchain mingw-w64-i686-arm-none-eabi/bin/../lib/gcc/arm-none-eabi/15.2.1/../../../../arm-none-eabi/lib/thumb/v7e-m+dp/hard\libc_nano.a(libc_a-fwalk.o)
 .ARM.attributes
                0x0000011a       0x32 C:/Program Files (x86)/Arm/GNU Toolchain mingw-w64-i686-arm-none-eabi/bin/../lib/gcc/arm-none-eabi/15.2.1/../../../../arm-none-eabi/lib/thumb/v7e-m+dp/hard\libc_nano.a(libc_a-stdio.o)
 .ARM.attributes
                0x0000014c       0x32 C:/Program Files (x86)/Arm/GNU Toolchain mingw-w64-i686-arm-none-eabi/bin/../lib/gcc/arm-none-eabi/15.2.1/../../../../arm-none-eabi/lib/thumb/v7e-m+dp/hard\libc_nano.a(libc_a-memset.o)
 .ARM.attributes
                0x0000017e       0x32 C:/Program Files (x86)/Arm/GNU Toolchain mingw-w64-i686-arm-none-eabi/bin/../lib/gcc/arm-none-eabi/15.2.1/../../../../arm-none-eabi/lib/thumb/v7e-m+dp/hard\libc_nano.a(libc_a-localeconv.o)
 .ARM.attributes
                0x000001b0       0x32 C:/Program Files (x86)/Arm/GNU Toolchain mingw-w64-i686-arm-none-eabi/bin/../lib/gcc/arm-none-eabi/15.2.1/../../../../arm-none-eabi/lib/thumb/v7e-m+dp/hard\libc_nano.a(libc_a-closer.o)
 .ARM.attributes
                0x000001e2       0x32 C:/Program Files (x86)/Arm/GNU Toolchain mingw-w64-i686-arm-none-eabi/bin/../lib/gcc/arm-none-eabi/15.2.1/../../../../arm-none-eabi/lib/thumb/v7e-m+dp/hard\libc_nano.a(libc_a-reent.o)
 .ARM.attributes
                0x00000214       0x32 C:/Program Files (x86)/Arm/GNU Toolchain mingw-w64-i686-arm-none-eabi/bin/../lib/gcc/arm-none-eabi/15.2.1/../../../../arm-none-eabi/lib/thumb/v7e-m+dp/hard\libc_nano.a(libc_a-impure.o)
 .ARM.attributes
                0x00000246       0x32 C:/Program Files (x86)/Arm/GNU Toolchain mingw-w64-i686-arm-none-eabi/bin/../lib/gcc/arm-none-eabi/15.2.1/../../../../arm-none-eabi/lib/thumb/v7e-m+dp/hard\libc_nano.a(libc_a-lseekr.o)
 .ARM.attributes
                0x00000278       0x32 C:/Program Files (x86)/Arm/GNU Toolchain mingw-w64-i686-arm-none-eabi/bin/../lib/gcc/arm-none-eabi/15.2.1/../../../../arm-none-eabi/lib/thumb/v7e-m+dp/hard\libc_nano.a(libc_a-readr.o)
 .ARM.attributes
                0x000002aa       0x32 C:/Program Files (x86)/Arm/GNU Toolchain mingw-w64-i686-arm-none-eabi/bin/../lib/gcc/arm-none-eabi/15.2.1/../../../../arm-none-eabi/lib/thumb/v7e-m+dp/hard\libc_nano.a(libc_a-writer.o)
 .ARM.attributes
                0x000002dc       0x32 C:/Program Files (x86)/Arm/GNU Toolchain mingw-w64-i686-arm-none-eabi/bin/../lib/gcc/arm-none-eabi/15.2.1/../../../../arm-none-eabi/lib/thumb/v7e-m+dp/hard\libc_nano.a(libc_a-init.o)
 .ARM.attributes
                0x0000030e       0x32 C:/Program Files (x86)/Arm/GNU Toolchain mingw-w64-i686-arm-none-eabi/bin/../lib/gcc/arm-none-eabi/15.2.1/../../../../arm-none-eabi/lib/thumb/v7e-m+dp/hard\libc_nano.a(libc_a-lock.o)
 .ARM.attributes
                0x00000340       0x1c C:/Program Files (x86)/Arm/GNU Toolchain mingw-w64-i686-arm-none-eabi/bin/../lib/gcc/arm-none-eabi/15.2.1/../../../../arm-none-eabi/lib/thumb/v7e-m+dp/hard\libc_nano.a(libc_a-memchr.o)
 .ARM.attributes
                0x0000035c       0x17 C:/Program Files (x86)/Arm/GNU Toolchain mingw-w64-i686-arm-none-eabi/bin/../lib/gcc/arm-none-eabi/15.2.1/../../../../arm-none-eabi/lib/thumb/v7e-m+dp/hard\libc_nano.a(libc_a-strlen.o)
 .ARM.attributes
                0x00000373       0x32 C:/Program Files (x86)/Arm/GNU Toolchain mingw-w64-i686-arm-none-eabi/bin/../lib/gcc/arm-none-eabi/15.2.1/../../../../arm-none-eabi/lib/thumb/v7e-m+dp/hard\libc_nano.a(libc_a-dtoa.o)
 .ARM.attributes
                0x000003a5       0x32 C:/Program Files (x86)/Arm/GNU Toolchain mingw-w64-i686-arm-none-eabi/bin/../lib/gcc/arm-none-eabi/15.2.1/../../../../arm-none-eabi/lib/thumb/v7e-m+dp/hard\libc_nano.a(libc_a-freer.o)
 .ARM.attributes
                0x000003d7       0x32 C:/Program Files (x86)/Arm/GNU Toolchain mingw-w64-i686-arm-none-eabi/bin/../lib/gcc/arm-none-eabi/15.2.1/../../../../arm-none-eabi/lib/thumb/v7e-m+dp/hard\libc_nano.a(libc_a-malloc.o)
 .ARM.attributes
                0x00000409       0x32 C:/Program Files (x86)/Arm/GNU Toolchain mingw-w64-i686-arm-none-eabi/bin/../lib/gcc/arm-none-eabi/15.2.1/../../../../arm-none-eabi/lib/thumb/v7e-m+dp/hard\libc_nano.a(libc_a-mallocr.o)
 .ARM.attributes